task.c:47:6:process_printf	0	static
task.c:69:6:process_acc_update	0	static
task.c:108:6:process_stuff_made_here	0	static
task.c:57:6:process_gyro_update	8	static
task.c:62:6:process_gyro_filter	8	static
task.c:73:6:process_acc_filter	8	static
task.c:78:6:process_event_main	8	static
task.c:83:6:process_orientation_update	8	static
task.c:91:6:process_task_scheduler	8	static
task.c:95:6:process_telemetry	8	static
task.c:98:6:process_logger	8	static
task.c:102:6:process_high_lvl	8	static
task.c:114:6:process_self_test	8	static
task.c:24:6:tasks_init	8	static
task.c:153:10:TASK_get_task	0	static
