Archive member included to satisfy reference by file (symbol)

c:/st/stm32cubeide_1.4.0/stm32cubeide/plugins/com.st.stm32cube.ide.mcu.externaltools.gnu-tools-for-stm32.7-2018-q2-update.win32_1.4.0.202007081208/tools/bin/../lib/gcc/arm-none-eabi/7.3.1/../../../../arm-none-eabi/lib/thumb/v7-m\libc_nano.a(lib_a-errno.o)
                              Core/OS/debug/retarget.o (__errno)
c:/st/stm32cubeide_1.4.0/stm32cubeide/plugins/com.st.stm32cube.ide.mcu.externaltools.gnu-tools-for-stm32.7-2018-q2-update.win32_1.4.0.202007081208/tools/bin/../lib/gcc/arm-none-eabi/7.3.1/../../../../arm-none-eabi/lib/thumb/v7-m\libc_nano.a(lib_a-exit.o)
                              c:/st/stm32cubeide_1.4.0/stm32cubeide/plugins/com.st.stm32cube.ide.mcu.externaltools.gnu-tools-for-stm32.7-2018-q2-update.win32_1.4.0.202007081208/tools/bin/../lib/gcc/arm-none-eabi/7.3.1/../../../../arm-none-eabi/lib/thumb/v7-m/crt0.o (exit)
c:/st/stm32cubeide_1.4.0/stm32cubeide/plugins/com.st.stm32cube.ide.mcu.externaltools.gnu-tools-for-stm32.7-2018-q2-update.win32_1.4.0.202007081208/tools/bin/../lib/gcc/arm-none-eabi/7.3.1/../../../../arm-none-eabi/lib/thumb/v7-m\libc_nano.a(lib_a-impure.o)
                              c:/st/stm32cubeide_1.4.0/stm32cubeide/plugins/com.st.stm32cube.ide.mcu.externaltools.gnu-tools-for-stm32.7-2018-q2-update.win32_1.4.0.202007081208/tools/bin/../lib/gcc/arm-none-eabi/7.3.1/../../../../arm-none-eabi/lib/thumb/v7-m\libc_nano.a(lib_a-exit.o) (_global_impure_ptr)
c:/st/stm32cubeide_1.4.0/stm32cubeide/plugins/com.st.stm32cube.ide.mcu.externaltools.gnu-tools-for-stm32.7-2018-q2-update.win32_1.4.0.202007081208/tools/bin/../lib/gcc/arm-none-eabi/7.3.1/../../../../arm-none-eabi/lib/thumb/v7-m\libc_nano.a(lib_a-init.o)
                              c:/st/stm32cubeide_1.4.0/stm32cubeide/plugins/com.st.stm32cube.ide.mcu.externaltools.gnu-tools-for-stm32.7-2018-q2-update.win32_1.4.0.202007081208/tools/bin/../lib/gcc/arm-none-eabi/7.3.1/../../../../arm-none-eabi/lib/thumb/v7-m/crt0.o (__libc_init_array)
c:/st/stm32cubeide_1.4.0/stm32cubeide/plugins/com.st.stm32cube.ide.mcu.externaltools.gnu-tools-for-stm32.7-2018-q2-update.win32_1.4.0.202007081208/tools/bin/../lib/gcc/arm-none-eabi/7.3.1/../../../../arm-none-eabi/lib/thumb/v7-m\libc_nano.a(lib_a-memmove.o)
                              Core/OS/scheduler/scheduler.o (memmove)
c:/st/stm32cubeide_1.4.0/stm32cubeide/plugins/com.st.stm32cube.ide.mcu.externaltools.gnu-tools-for-stm32.7-2018-q2-update.win32_1.4.0.202007081208/tools/bin/../lib/gcc/arm-none-eabi/7.3.1/../../../../arm-none-eabi/lib/thumb/v7-m\libc_nano.a(lib_a-memset.o)
                              c:/st/stm32cubeide_1.4.0/stm32cubeide/plugins/com.st.stm32cube.ide.mcu.externaltools.gnu-tools-for-stm32.7-2018-q2-update.win32_1.4.0.202007081208/tools/bin/../lib/gcc/arm-none-eabi/7.3.1/../../../../arm-none-eabi/lib/thumb/v7-m/crt0.o (memset)
c:/st/stm32cubeide_1.4.0/stm32cubeide/plugins/com.st.stm32cube.ide.mcu.externaltools.gnu-tools-for-stm32.7-2018-q2-update.win32_1.4.0.202007081208/tools/bin/../lib/gcc/arm-none-eabi/7.3.1/../../../../arm-none-eabi/lib/thumb/v7-m\libc_nano.a(lib_a-printf.o)
                              Core/OS/tasks/task.o (printf)
c:/st/stm32cubeide_1.4.0/stm32cubeide/plugins/com.st.stm32cube.ide.mcu.externaltools.gnu-tools-for-stm32.7-2018-q2-update.win32_1.4.0.202007081208/tools/bin/../lib/gcc/arm-none-eabi/7.3.1/../../../../arm-none-eabi/lib/thumb/v7-m\libc_nano.a(lib_a-setvbuf.o)
                              Core/OS/debug/retarget.o (setvbuf)
c:/st/stm32cubeide_1.4.0/stm32cubeide/plugins/com.st.stm32cube.ide.mcu.externaltools.gnu-tools-for-stm32.7-2018-q2-update.win32_1.4.0.202007081208/tools/bin/../lib/gcc/arm-none-eabi/7.3.1/../../../../arm-none-eabi/lib/thumb/v7-m\libc_nano.a(lib_a-fflush.o)
                              c:/st/stm32cubeide_1.4.0/stm32cubeide/plugins/com.st.stm32cube.ide.mcu.externaltools.gnu-tools-for-stm32.7-2018-q2-update.win32_1.4.0.202007081208/tools/bin/../lib/gcc/arm-none-eabi/7.3.1/../../../../arm-none-eabi/lib/thumb/v7-m\libc_nano.a(lib_a-setvbuf.o) (_fflush_r)
c:/st/stm32cubeide_1.4.0/stm32cubeide/plugins/com.st.stm32cube.ide.mcu.externaltools.gnu-tools-for-stm32.7-2018-q2-update.win32_1.4.0.202007081208/tools/bin/../lib/gcc/arm-none-eabi/7.3.1/../../../../arm-none-eabi/lib/thumb/v7-m\libc_nano.a(lib_a-findfp.o)
                              c:/st/stm32cubeide_1.4.0/stm32cubeide/plugins/com.st.stm32cube.ide.mcu.externaltools.gnu-tools-for-stm32.7-2018-q2-update.win32_1.4.0.202007081208/tools/bin/../lib/gcc/arm-none-eabi/7.3.1/../../../../arm-none-eabi/lib/thumb/v7-m\libc_nano.a(lib_a-printf.o) (__sinit)
c:/st/stm32cubeide_1.4.0/stm32cubeide/plugins/com.st.stm32cube.ide.mcu.externaltools.gnu-tools-for-stm32.7-2018-q2-update.win32_1.4.0.202007081208/tools/bin/../lib/gcc/arm-none-eabi/7.3.1/../../../../arm-none-eabi/lib/thumb/v7-m\libc_nano.a(lib_a-fwalk.o)
[...]
Memory Configuration

Name             Origin             Length             Attributes
RAM              0x0000000020000000 0x0000000000005000 xrw
FLASH            0x0000000008000000 0x0000000000020000 xr
*default*        0x0000000000000000 0xffffffffffffffff

Linker script and memory map

LOAD c:/st/stm32cubeide_1.4.0/stm32cubeide/plugins/com.st.stm32cube.ide.mcu.externaltools.gnu-tools-for-stm32.7-2018-q2-update.win32_1.4.0.202007081208/tools/bin/../lib/gcc/arm-none-eabi/7.3.1/thumb/v7-m/crti.o
LOAD c:/st/stm32cubeide_1.4.0/stm32cubeide/plugins/com.st.stm32cube.ide.mcu.externaltools.gnu-tools-for-stm32.7-2018-q2-update.win32_1.4.0.202007081208/tools/bin/../lib/gcc/arm-none-eabi/7.3.1/thumb/v7-m/crtbegin.o
LOAD c:/st/stm32cubeide_1.4.0/stm32cubeide/plugins/com.st.stm32cube.ide.mcu.externaltools.gnu-tools-for-stm32.7-2018-q2-update.win32_1.4.0.202007081208/tools/bin/../lib/gcc/arm-none-eabi/7.3.1/../../../../arm-none-eabi/lib/thumb/v7-m/crt0.o
LOAD Core/OS/debug/debug.o
LOAD Core/OS/debug/retarget.o
LOAD Core/OS/events/events.o
LOAD Core/OS/events/mask.o
LOAD Core/OS/events/mask_def.o
LOAD Core/OS/scheduler/scheduler.o
LOAD Core/OS/tasks/task.o
LOAD Core/OS/time.o
LOAD Core/Src/dma.o
LOAD Core/Src/gpio.o
LOAD Core/Src/i2c.o
LOAD Core/Src/main.o
LOAD Core/Src/stm32f1xx_hal_msp.o
LOAD Core/Src/stm32f1xx_it.o
LOAD Core/Src/sysmem.o
LOAD Core/Src/system_stm32f1xx.o
LOAD Core/Src/tim.o
LOAD Core/Src/usart.o
LOAD Core/Startup/startup_stm32f103rbtx.o
LOAD Drivers/STM32F1xx_HAL_Driver/Src/stm32f1xx_hal.o
LOAD Drivers/STM32F1xx_HAL_Driver/Src/stm32f1xx_hal_cortex.o
LOAD Drivers/STM32F1xx_HAL_Driver/Src/stm32f1xx_hal_dma.o
LOAD Drivers/STM32F1xx_HAL_Driver/Src/stm32f1xx_hal_exti.o
LOAD Drivers/STM32F1xx_HAL_Driver/Src/stm32f1xx_hal_flash.o
LOAD Drivers/STM32F1xx_HAL_Driver/Src/stm32f1xx_hal_flash_ex.o
LOAD Drivers/STM32F1xx_HAL_Driver/Src/stm32f1xx_hal_gpio.o
LOAD Drivers/STM32F1xx_HAL_Driver/Src/stm32f1xx_hal_gpio_ex.o
LOAD Drivers/STM32F1xx_HAL_Driver/Src/stm32f1xx_hal_i2c.o
LOAD Drivers/STM32F1xx_HAL_Driver/Src/stm32f1xx_hal_pwr.o
LOAD Drivers/STM32F1xx_HAL_Driver/Src/stm32f1xx_hal_rcc.o
LOAD Drivers/STM32F1xx_HAL_Driver/Src/stm32f1xx_hal_rcc_ex.o
LOAD Drivers/STM32F1xx_HAL_Driver/Src/stm32f1xx_hal_tim.o
LOAD Drivers/STM32F1xx_HAL_Driver/Src/stm32f1xx_hal_tim_ex.o
LOAD Drivers/STM32F1xx_HAL_Driver/Src/stm32f1xx_hal_uart.o
LOAD Drivers/Src/Sequence_led.o
START GROUP
LOAD c:/st/stm32cubeide_1.4.0/stm32cubeide/plugins/com.st.stm32cube.ide.mcu.externaltools.gnu-tools-for-stm32.7-2018-q2-update.win32_1.4.0.202007081208/tools/bin/../lib/gcc/arm-none-eabi/7.3.1/../../../../arm-none-eabi/lib/thumb/v7-m\libc_nano.a
LOAD c:/st/stm32cubeide_1.4.0/stm32cubeide/plugins/com.st.stm32cube.ide.mcu.externaltools.gnu-tools-for-stm32.7-2018-q2-update.win32_1.4.0.202007081208/tools/bin/../lib/gcc/arm-none-eabi/7.3.1/../../../../arm-none-eabi/lib/thumb/v7-m\libm.a
END GROUP
START GROUP
LOAD c:/st/stm32cubeide_1.4.0/stm32cubeide/plugins/com.st.stm32cube.ide.mcu.externaltools.gnu-tools-for-stm32.7-2018-q2-update.win32_1.4.0.202007081208/tools/bin/../lib/gcc/arm-none-eabi/7.3.1/thumb/v7-m\libgcc.a
LOAD c:/st/stm32cubeide_1.4.0/stm32cubeide/plugins/com.st.stm32cube.ide.mcu.externaltools.gnu-tools-for-stm32.7-2018-q2-update.win32_1.4.0.202007081208/tools/bin/../lib/gcc/arm-none-eabi/7.3.1/../../../../arm-none-eabi/lib/thumb/v7-m\libc_nano.a
END GROUP
START GROUP
LOAD c:/st/stm32cubeide_1.4.0/stm32cubeide/plugins/com.st.stm32cube.ide.mcu.externaltools.gnu-tools-for-stm32.7-2018-q2-update.win32_1.4.0.202007081208/tools/bin/../lib/gcc/arm-none-eabi/7.3.1/thumb/v7-m\libgcc.a
LOAD c:/st/stm32cubeide_1.4.0/stm32cubeide/plugins/com.st.stm32cube.ide.mcu.externaltools.gnu-tools-for-stm32.7-2018-q2-update.win32_1.4.0.202007081208/tools/bin/../lib/gcc/arm-none-eabi/7.3.1/../../../../arm-none-eabi/lib/thumb/v7-m\libc_nano.a
LOAD c:/st/stm32cubeide_1.4.0/stm32cubeide/plugins/com.st.stm32cube.ide.mcu.externaltools.gnu-tools-for-stm32.7-2018-q2-update.win32_1.4.0.202007081208/tools/bin/../lib/gcc/arm-none-eabi/7.3.1/../../../../arm-none-eabi/lib/thumb/v7-m\libnosys.a
END GROUP
START GROUP
LOAD c:/st/stm32cubeide_1.4.0/stm32cubeide/plugins/com.st.stm32cube.ide.mcu.externaltools.gnu-tools-for-stm32.7-2018-q2-update.win32_1.4.0.202007081208/tools/bin/../lib/gcc/arm-none-eabi/7.3.1/thumb/v7-m\libgcc.a
LOAD c:/st/stm32cubeide_1.4.0/stm32cubeide/plugins/com.st.stm32cube.ide.mcu.externaltools.gnu-tools-for-stm32.7-2018-q2-update.win32_1.4.0.202007081208/tools/bin/../lib/gcc/arm-none-eabi/7.3.1/../../../../arm-none-eabi/lib/thumb/v7-m\libc_nano.a
LOAD c:/st/stm32cubeide_1.4.0/stm32cubeide/plugins/com.st.stm32cube.ide.mcu.externaltools.gnu-tools-for-stm32.7-2018-q2-update.win32_1.4.0.202007081208/tools/bin/../lib/gcc/arm-none-eabi/7.3.1/../../../../arm-none-eabi/lib/thumb/v7-m\libnosys.a
END GROUP
LOAD c:/st/stm32cubeide_1.4.0/stm32cubeide/plugins/com.st.stm32cube.ide.mcu.externaltools.gnu-tools-for-stm32.7-2018-q2-update.win32_1.4.0.202007081208/tools/bin/../lib/gcc/arm-none-eabi/7.3.1/thumb/v7-m/crtend.o
LOAD c:/st/stm32cubeide_1.4.0/stm32cubeide/plugins/com.st.stm32cube.ide.mcu.externaltools.gnu-tools-for-stm32.7-2018-q2-update.win32_1.4.0.202007081208/tools/bin/../lib/gcc/arm-none-eabi/7.3.1/thumb/v7-m/crtn.o
                0x0000000020005000                _estack = (ORIGIN (RAM) + LENGTH (RAM))
                0x0000000000000200                _Min_Heap_Size = 0x200
                0x0000000000000400                _Min_Stack_Size = 0x400

.isr_vector     0x0000000008000000      0x10c
                0x0000000008000000                . = ALIGN (0x4)
 *(.isr_vector)
 .isr_vector    0x0000000008000000      0x10c Core/Startup/startup_stm32f103rbtx.o
                0x0000000008000000                g_pfnVectors
                0x000000000800010c                . = ALIGN (0x4)

.text           0x000000000800010c     0x435c
                0x000000000800010c                . = ALIGN (0x4)
 *(.text)
 .text          0x000000000800010c       0x40 c:/st/stm32cubeide_1.4.0/stm32cubeide/plugins/com.st.stm32cube.ide.mcu.externaltools.gnu-tools-for-stm32.7-2018-q2-update.win32_1.4.0.202007081208/tools/bin/../lib/gcc/arm-none-eabi/7.3.1/thumb/v7-m/crtbegin.o
 *(.text*)
 .text.DEBUG_init
                0x000000000800014c       0x14 Core/OS/debug/debug.o
                0x000000000800014c                DEBUG_init
 .text.RetargetInit
                0x0000000008000160       0x30 Core/OS/debug/retarget.o
                0x0000000008000160                RetargetInit
 .text._isatty  0x0000000008000190       0x2c Core/OS/debug/retarget.o
                0x0000000008000190                _isatty
 .text._write   0x00000000080001bc       0x54 Core/OS/debug/retarget.o
                0x00000000080001bc                _write
 .text._close   0x0000000008000210       0x2e Core/OS/debug/retarget.o
                0x0000000008000210                _close
 .text._lseek   0x000000000800023e       0x22 Core/OS/debug/retarget.o
                0x000000000800023e                _lseek
 .text._read    0x0000000008000260       0x50 Core/OS/debug/retarget.o
                0x0000000008000260                _read
 .text._fstat   0x00000000080002b0       0x36 Core/OS/debug/retarget.o
                0x00000000080002b0                _fstat
 *fill*         0x00000000080002e6        0x2 
 .text.SCHEDULER_init
                0x00000000080002e8       0x24 Core/OS/scheduler/scheduler.o
                0x00000000080002e8                SCHEDULER_init
 .text.SCHEDULER_run
                0x000000000800030c       0x64 Core/OS/scheduler/scheduler.o
                0x000000000800030c                SCHEDULER_run
 .text.SCHEDULER_get_cpu_load
                0x0000000008000370       0x58 Core/OS/scheduler/scheduler.o
                0x0000000008000370                SCHEDULER_get_cpu_load
 .text.get_first_task
                0x00000000080003c8       0x20 Core/OS/scheduler/scheduler.o
 .text.get_next_task
                0x00000000080003e8       0x28 Core/OS/scheduler/scheduler.o
 .text.task_process_it
                0x0000000008000410      0x13c Core/OS/scheduler/scheduler.o
 .text.SCHEDULER_enable_task
                0x000000000800054c       0x42 Core/OS/scheduler/scheduler.o
                0x000000000800054c                SCHEDULER_enable_task
 *fill*         0x000000000800058e        0x2 
 .text.queu_contains
                0x0000000008000590       0x44 Core/OS/scheduler/scheduler.o
 .text.queu_add
                0x00000000080005d4       0xb0 Core/OS/scheduler/scheduler.o
 .text.queu_remove
                0x0000000008000684       0x80 Core/OS/scheduler/scheduler.o
 .text.tasks_init
                0x0000000008000704       0x2c Core/OS/tasks/task.o
                0x0000000008000704                tasks_init
 .text.task_main_print_f
                0x0000000008000730       0x30 Core/OS/tasks/task.o
                0x0000000008000730                task_main_print_f
 .text.task_main_led
                0x0000000008000760       0x20 Core/OS/tasks/task.o
                0x0000000008000760                task_main_led
 .text.TASK_get_task
                0x0000000008000780       0x28 Core/OS/tasks/task.o
                0x0000000008000780                TASK_get_task
 .text.TIME_us  0x00000000080007a8       0x50 Core/OS/time.o
                0x00000000080007a8                TIME_us
 .text.MX_DMA_Init
                0x00000000080007f8       0x4c Core/Src/dma.o
                0x00000000080007f8                MX_DMA_Init
 .text.MX_GPIO_Init
                0x0000000008000844       0xb0 Core/Src/gpio.o
                0x0000000008000844                MX_GPIO_Init
 .text.MX_I2C1_Init
                0x00000000080008f4       0x5c Core/Src/i2c.o
                0x00000000080008f4                MX_I2C1_Init
 .text.HAL_I2C_MspInit
                0x0000000008000950      0x124 Core/Src/i2c.o
                0x0000000008000950                HAL_I2C_MspInit
 .text.main     0x0000000008000a74       0x50 Core/Src/main.o
                0x0000000008000a74                main
 .text.SystemClock_Config
                0x0000000008000ac4       0x82 Core/Src/main.o
                0x0000000008000ac4                SystemClock_Config
 .text.HAL_UART_TxCpltCallback
                0x0000000008000b46       0x12 Core/Src/main.o
                0x0000000008000b46                HAL_UART_TxCpltCallback
 .text.HAL_TIM_PeriodElapsedCallback
                0x0000000008000b58       0x12 Core/Src/main.o
                0x0000000008000b58                HAL_TIM_PeriodElapsedCallback
 .text.Error_Handler
                0x0000000008000b6a        0xc Core/Src/main.o
                0x0000000008000b6a                Error_Handler
 *fill*         0x0000000008000b76        0x2 
 .text.HAL_MspInit
                0x0000000008000b78       0x64 Core/Src/stm32f1xx_hal_msp.o
                0x0000000008000b78                HAL_MspInit
 .text.NMI_Handler
                0x0000000008000bdc        0xc Core/Src/stm32f1xx_it.o
                0x0000000008000bdc                NMI_Handler
 .text.HardFault_Handler
                0x0000000008000be8        0x6 Core/Src/stm32f1xx_it.o
                0x0000000008000be8                HardFault_Handler
 .text.MemManage_Handler
                0x0000000008000bee        0x6 Core/Src/stm32f1xx_it.o
                0x0000000008000bee                MemManage_Handler
 .text.BusFault_Handler
                0x0000000008000bf4        0x6 Core/Src/stm32f1xx_it.o
                0x0000000008000bf4                BusFault_Handler
 .text.UsageFault_Handler
                0x0000000008000bfa        0x6 Core/Src/stm32f1xx_it.o
                0x0000000008000bfa                UsageFault_Handler
 .text.SVC_Handler
                0x0000000008000c00        0xc Core/Src/stm32f1xx_it.o
                0x0000000008000c00                SVC_Handler
 .text.DebugMon_Handler
                0x0000000008000c0c        0xc Core/Src/stm32f1xx_it.o
                0x0000000008000c0c                DebugMon_Handler
 .text.PendSV_Handler
                0x0000000008000c18        0xc Core/Src/stm32f1xx_it.o
                0x0000000008000c18                PendSV_Handler
 .text.SysTick_Handler
                0x0000000008000c24        0xc Core/Src/stm32f1xx_it.o
                0x0000000008000c24                SysTick_Handler
 .text.DMA1_Channel6_IRQHandler
                0x0000000008000c30       0x14 Core/Src/stm32f1xx_it.o
                0x0000000008000c30                DMA1_Channel6_IRQHandler
 .text.DMA1_Channel7_IRQHandler
                0x0000000008000c44       0x14 Core/Src/stm32f1xx_it.o
                0x0000000008000c44                DMA1_Channel7_IRQHandler
 .text.TIM1_UP_IRQHandler
                0x0000000008000c58       0x14 Core/Src/stm32f1xx_it.o
                0x0000000008000c58                TIM1_UP_IRQHandler
 .text.USART2_IRQHandler
                0x0000000008000c6c       0x14 Core/Src/stm32f1xx_it.o
                0x0000000008000c6c                USART2_IRQHandler
 .text._sbrk    0x0000000008000c80       0x6c Core/Src/sysmem.o
                0x0000000008000c80                _sbrk
 .text.SystemInit
                0x0000000008000cec        0xc Core/Src/system_stm32f1xx.o
                0x0000000008000cec                SystemInit
 .text.MX_TIM1_Init
                0x0000000008000cf8       0xa0 Core/Src/tim.o
                0x0000000008000cf8                MX_TIM1_Init
 .text.HAL_TIM_Base_MspInit
                0x0000000008000d98       0x4c Core/Src/tim.o
                0x0000000008000d98                HAL_TIM_Base_MspInit
 .text.MX_USART2_UART_Init
                0x0000000008000de4       0x54 Core/Src/usart.o
                0x0000000008000de4                MX_USART2_UART_Init
 .text.HAL_UART_MspInit
                0x0000000008000e38       0xa4 Core/Src/usart.o
                0x0000000008000e38                HAL_UART_MspInit
 .text.Reset_Handler
                0x0000000008000edc       0x48 Core/Startup/startup_stm32f103rbtx.o
                0x0000000008000edc                Reset_Handler
 .text.Default_Handler
                0x0000000008000f24        0x2 Core/Startup/startup_stm32f103rbtx.o
                0x0000000008000f24                RTC_Alarm_IRQHandler
                0x0000000008000f24                EXTI2_IRQHandler
                0x0000000008000f24                TIM1_CC_IRQHandler
                0x0000000008000f24                PVD_IRQHandler
                0x0000000008000f24                EXTI3_IRQHandler
                0x0000000008000f24                EXTI0_IRQHandler
                0x0000000008000f24                I2C2_EV_IRQHandler
                0x0000000008000f24                ADC1_2_IRQHandler
                0x0000000008000f24                SPI1_IRQHandler
                0x0000000008000f24                TAMPER_IRQHandler
                0x0000000008000f24                DMA1_Channel4_IRQHandler
                0x0000000008000f24                USART3_IRQHandler
                0x0000000008000f24                RTC_IRQHandler
                0x0000000008000f24                CAN1_RX1_IRQHandler
                0x0000000008000f24                TIM4_IRQHandler
                0x0000000008000f24                I2C1_EV_IRQHandler
                0x0000000008000f24                TIM3_IRQHandler
                0x0000000008000f24                RCC_IRQHandler
                0x0000000008000f24                TIM1_TRG_COM_IRQHandler
                0x0000000008000f24                DMA1_Channel1_IRQHandler
                0x0000000008000f24                Default_Handler
                0x0000000008000f24                EXTI15_10_IRQHandler
                0x0000000008000f24                EXTI9_5_IRQHandler
                0x0000000008000f24                SPI2_IRQHandler
                0x0000000008000f24                DMA1_Channel5_IRQHandler
                0x0000000008000f24                EXTI4_IRQHandler
                0x0000000008000f24                USB_LP_CAN1_RX0_IRQHandler
                0x0000000008000f24                USB_HP_CAN1_TX_IRQHandler
                0x0000000008000f24                DMA1_Channel3_IRQHandler
                0x0000000008000f24                WWDG_IRQHandler
                0x0000000008000f24                TIM2_IRQHandler
                0x0000000008000f24                TIM1_BRK_IRQHandler
                0x0000000008000f24                EXTI1_IRQHandler
                0x0000000008000f24                I2C2_ER_IRQHandler
                0x0000000008000f24                DMA1_Channel2_IRQHandler
                0x0000000008000f24                CAN1_SCE_IRQHandler
                0x0000000008000f24                FLASH_IRQHandler
                0x0000000008000f24                USART1_IRQHandler
                0x0000000008000f24                I2C1_ER_IRQHandler
                0x0000000008000f24                USBWakeUp_IRQHandler
 *fill*         0x0000000008000f26        0x2 
 .text.HAL_Init
                0x0000000008000f28       0x2c Drivers/STM32F1xx_HAL_Driver/Src/stm32f1xx_hal.o
                0x0000000008000f28                HAL_Init
 .text.HAL_InitTick
                0x0000000008000f54       0x60 Drivers/STM32F1xx_HAL_Driver/Src/stm32f1xx_hal.o
                0x0000000008000f54                HAL_InitTick
 .text.HAL_IncTick
                0x0000000008000fb4       0x24 Drivers/STM32F1xx_HAL_Driver/Src/stm32f1xx_hal.o
                0x0000000008000fb4                HAL_IncTick
 .text.HAL_GetTick
                0x0000000008000fd8       0x14 Drivers/STM32F1xx_HAL_Driver/Src/stm32f1xx_hal.o
                0x0000000008000fd8                HAL_GetTick
 .text.__NVIC_SetPriorityGrouping
                0x0000000008000fec       0x48 Drivers/STM32F1xx_HAL_Driver/Src/stm32f1xx_hal_cortex.o
 .text.__NVIC_GetPriorityGrouping
                0x0000000008001034       0x1c Drivers/STM32F1xx_HAL_Driver/Src/stm32f1xx_hal_cortex.o
 .text.__NVIC_EnableIRQ
                0x0000000008001050       0x38 Drivers/STM32F1xx_HAL_Driver/Src/stm32f1xx_hal_cortex.o
 .text.__NVIC_SetPriority
                0x0000000008001088       0x54 Drivers/STM32F1xx_HAL_Driver/Src/stm32f1xx_hal_cortex.o
 .text.NVIC_EncodePriority
                0x00000000080010dc       0x64 Drivers/STM32F1xx_HAL_Driver/Src/stm32f1xx_hal_cortex.o
 .text.SysTick_Config
                0x0000000008001140       0x44 Drivers/STM32F1xx_HAL_Driver/Src/stm32f1xx_hal_cortex.o
 .text.HAL_NVIC_SetPriorityGrouping
                0x0000000008001184       0x16 Drivers/STM32F1xx_HAL_Driver/Src/stm32f1xx_hal_cortex.o
                0x0000000008001184                HAL_NVIC_SetPriorityGrouping
 .text.HAL_NVIC_SetPriority
                0x000000000800119a       0x38 Drivers/STM32F1xx_HAL_Driver/Src/stm32f1xx_hal_cortex.o
                0x000000000800119a                HAL_NVIC_SetPriority
 .text.HAL_NVIC_EnableIRQ
                0x00000000080011d2       0x1c Drivers/STM32F1xx_HAL_Driver/Src/stm32f1xx_hal_cortex.o
                0x00000000080011d2                HAL_NVIC_EnableIRQ
 .text.HAL_SYSTICK_Config
                0x00000000080011ee       0x18 Drivers/STM32F1xx_HAL_Driver/Src/stm32f1xx_hal_cortex.o
                0x00000000080011ee                HAL_SYSTICK_Config
 *fill*         0x0000000008001206        0x2 
 .text.HAL_DMA_Init
                0x0000000008001208       0xb4 Drivers/STM32F1xx_HAL_Driver/Src/stm32f1xx_hal_dma.o
                0x0000000008001208                HAL_DMA_Init
 .text.HAL_DMA_Abort_IT
                0x00000000080012bc       0xec Drivers/STM32F1xx_HAL_Driver/Src/stm32f1xx_hal_dma.o
                0x00000000080012bc                HAL_DMA_Abort_IT
 .text.HAL_DMA_IRQHandler
                0x00000000080013a8      0x20c Drivers/STM32F1xx_HAL_Driver/Src/stm32f1xx_hal_dma.o
                0x00000000080013a8                HAL_DMA_IRQHandler
 .text.HAL_GPIO_Init
                0x00000000080015b4      0x2b4 Drivers/STM32F1xx_HAL_Driver/Src/stm32f1xx_hal_gpio.o
                0x00000000080015b4                HAL_GPIO_Init
 .text.HAL_GPIO_WritePin
                0x0000000008001868       0x30 Drivers/STM32F1xx_HAL_Driver/Src/stm32f1xx_hal_gpio.o
                0x0000000008001868                HAL_GPIO_WritePin
 .text.HAL_I2C_Init
                0x0000000008001898      0x270 Drivers/STM32F1xx_HAL_Driver/Src/stm32f1xx_hal_i2c.o
                0x0000000008001898                HAL_I2C_Init
 .text.HAL_RCC_OscConfig
                0x0000000008001b08      0x500 Drivers/STM32F1xx_HAL_Driver/Src/stm32f1xx_hal_rcc.o
                0x0000000008001b08                HAL_RCC_OscConfig
 .text.HAL_RCC_ClockConfig
                0x0000000008002008      0x1d4 Drivers/STM32F1xx_HAL_Driver/Src/stm32f1xx_hal_rcc.o
                0x0000000008002008                HAL_RCC_ClockConfig
 .text.HAL_RCC_GetSysClockFreq
                0x00000000080021dc       0xc4 Drivers/STM32F1xx_HAL_Driver/Src/stm32f1xx_hal_rcc.o
                0x00000000080021dc                HAL_RCC_GetSysClockFreq
 .text.HAL_RCC_GetHCLKFreq
                0x00000000080022a0       0x14 Drivers/STM32F1xx_HAL_Driver/Src/stm32f1xx_hal_rcc.o
                0x00000000080022a0                HAL_RCC_GetHCLKFreq
 .text.HAL_RCC_GetPCLK1Freq
                0x00000000080022b4       0x28 Drivers/STM32F1xx_HAL_Driver/Src/stm32f1xx_hal_rcc.o
                0x00000000080022b4                HAL_RCC_GetPCLK1Freq
 .text.HAL_RCC_GetPCLK2Freq
                0x00000000080022dc       0x28 Drivers/STM32F1xx_HAL_Driver/Src/stm32f1xx_hal_rcc.o
                0x00000000080022dc                HAL_RCC_GetPCLK2Freq
 .text.RCC_Delay
                0x0000000008002304       0x3c Drivers/STM32F1xx_HAL_Driver/Src/stm32f1xx_hal_rcc.o
 .text.HAL_TIM_Base_Init
                0x0000000008002340       0x9e Drivers/STM32F1xx_HAL_Driver/Src/stm32f1xx_hal_tim.o
                0x0000000008002340                HAL_TIM_Base_Init
 .text.HAL_TIM_IRQHandler
                0x00000000080023de      0x210 Drivers/STM32F1xx_HAL_Driver/Src/stm32f1xx_hal_tim.o
                0x00000000080023de                HAL_TIM_IRQHandler
 .text.HAL_TIM_ConfigClockSource
                0x00000000080025ee      0x16e Drivers/STM32F1xx_HAL_Driver/Src/stm32f1xx_hal_tim.o
                0x00000000080025ee                HAL_TIM_ConfigClockSource
 .text.HAL_TIM_OC_DelayElapsedCallback
                0x000000000800275c       0x12 Drivers/STM32F1xx_HAL_Driver/Src/stm32f1xx_hal_tim.o
                0x000000000800275c                HAL_TIM_OC_DelayElapsedCallback
 .text.HAL_TIM_IC_CaptureCallback
                0x000000000800276e       0x12 Drivers/STM32F1xx_HAL_Driver/Src/stm32f1xx_hal_tim.o
                0x000000000800276e                HAL_TIM_IC_CaptureCallback
 .text.HAL_TIM_PWM_PulseFinishedCallback
                0x0000000008002780       0x12 Drivers/STM32F1xx_HAL_Driver/Src/stm32f1xx_hal_tim.o
                0x0000000008002780                HAL_TIM_PWM_PulseFinishedCallback
 .text.HAL_TIM_TriggerCallback
                0x0000000008002792       0x12 Drivers/STM32F1xx_HAL_Driver/Src/stm32f1xx_hal_tim.o
                0x0000000008002792                HAL_TIM_TriggerCallback
 .text.TIM_Base_SetConfig
                0x00000000080027a4       0xc4 Drivers/STM32F1xx_HAL_Driver/Src/stm32f1xx_hal_tim.o
                0x00000000080027a4                TIM_Base_SetConfig
 .text.TIM_TI1_ConfigInputStage
                0x0000000008002868       0x5c Drivers/STM32F1xx_HAL_Driver/Src/stm32f1xx_hal_tim.o
 .text.TIM_TI2_ConfigInputStage
                0x00000000080028c4       0x5e Drivers/STM32F1xx_HAL_Driver/Src/stm32f1xx_hal_tim.o
 .text.TIM_ITRx_SetConfig
                0x0000000008002922       0x34 Drivers/STM32F1xx_HAL_Driver/Src/stm32f1xx_hal_tim.o
 .text.TIM_ETR_SetConfig
                0x0000000008002956       0x3e Drivers/STM32F1xx_HAL_Driver/Src/stm32f1xx_hal_tim.o
                0x0000000008002956                TIM_ETR_SetConfig
 .text.HAL_TIMEx_MasterConfigSynchronization
                0x0000000008002994       0xbc Drivers/STM32F1xx_HAL_Driver/Src/stm32f1xx_hal_tim_ex.o
                0x0000000008002994                HAL_TIMEx_MasterConfigSynchronization
 .text.HAL_TIMEx_CommutCallback
                0x0000000008002a50       0x12 Drivers/STM32F1xx_HAL_Driver/Src/stm32f1xx_hal_tim_ex.o
                0x0000000008002a50                HAL_TIMEx_CommutCallback
 .text.HAL_TIMEx_BreakCallback
                0x0000000008002a62       0x12 Drivers/STM32F1xx_HAL_Driver/Src/stm32f1xx_hal_tim_ex.o
                0x0000000008002a62                HAL_TIMEx_BreakCallback
 .text.HAL_UART_Init
                0x0000000008002a74       0x9a Drivers/STM32F1xx_HAL_Driver/Src/stm32f1xx_hal_uart.o
                0x0000000008002a74                HAL_UART_Init
 .text.HAL_UART_Transmit
                0x0000000008002b0e      0x124 Drivers/STM32F1xx_HAL_Driver/Src/stm32f1xx_hal_uart.o
                0x0000000008002b0e                HAL_UART_Transmit
 .text.HAL_UART_Receive
                0x0000000008002c32      0x13e Drivers/STM32F1xx_HAL_Driver/Src/stm32f1xx_hal_uart.o
                0x0000000008002c32                HAL_UART_Receive
 .text.HAL_UART_IRQHandler
                0x0000000008002d70      0x200 Drivers/STM32F1xx_HAL_Driver/Src/stm32f1xx_hal_uart.o
                0x0000000008002d70                HAL_UART_IRQHandler
 .text.HAL_UART_RxCpltCallback
                0x0000000008002f70       0x12 Drivers/STM32F1xx_HAL_Driver/Src/stm32f1xx_hal_uart.o
                0x0000000008002f70                HAL_UART_RxCpltCallback
 .text.HAL_UART_ErrorCallback
                0x0000000008002f82       0x12 Drivers/STM32F1xx_HAL_Driver/Src/stm32f1xx_hal_uart.o
                0x0000000008002f82                HAL_UART_ErrorCallback
 .text.UART_WaitOnFlagUntilTimeout
                0x0000000008002f94       0x94 Drivers/STM32F1xx_HAL_Driver/Src/stm32f1xx_hal_uart.o
 .text.UART_EndRxTransfer
                0x0000000008003028       0x3a Drivers/STM32F1xx_HAL_Driver/Src/stm32f1xx_hal_uart.o
 .text.UART_DMAAbortOnError
                0x0000000008003062       0x28 Drivers/STM32F1xx_HAL_Driver/Src/stm32f1xx_hal_uart.o
 .text.UART_Transmit_IT
                0x000000000800308a       0x9e Drivers/STM32F1xx_HAL_Driver/Src/stm32f1xx_hal_uart.o
 .text.UART_EndTransmit_IT
                0x0000000008003128       0x30 Drivers/STM32F1xx_HAL_Driver/Src/stm32f1xx_hal_uart.o
 .text.UART_Receive_IT
                0x0000000008003158      0x100 Drivers/STM32F1xx_HAL_Driver/Src/stm32f1xx_hal_uart.o
 .text.UART_SetConfig
                0x0000000008003258      0x11c Drivers/STM32F1xx_HAL_Driver/Src/stm32f1xx_hal_uart.o
 .text.LED_SEQUENCE_init
                0x0000000008003374       0x52 Drivers/Src/Sequence_led.o
                0x0000000008003374                LED_SEQUENCE_init
 *fill*         0x00000000080033c6        0x2 
 .text.LED_SEQUENCE_play
                0x00000000080033c8       0xa8 Drivers/Src/Sequence_led.o
                0x00000000080033c8                LED_SEQUENCE_play
 .text.__errno  0x0000000008003470        0xc c:/st/stm32cubeide_1.4.0/stm32cubeide/plugins/com.st.stm32cube.ide.mcu.externaltools.gnu-tools-for-stm32.7-2018-q2-update.win32_1.4.0.202007081208/tools/bin/../lib/gcc/arm-none-eabi/7.3.1/../../../../arm-none-eabi/lib/thumb/v7-m\libc_nano.a(lib_a-errno.o)
                0x0000000008003470                __errno
 .text.__libc_init_array
                0x000000000800347c       0x48 c:/st/stm32cubeide_1.4.0/stm32cubeide/plugins/com.st.stm32cube.ide.mcu.externaltools.gnu-tools-for-stm32.7-2018-q2-update.win32_1.4.0.202007081208/tools/bin/../lib/gcc/arm-none-eabi/7.3.1/../../../../arm-none-eabi/lib/thumb/v7-m\libc_nano.a(lib_a-init.o)
                0x000000000800347c                __libc_init_array
 .text.memmove  0x00000000080034c4       0x32 c:/st/stm32cubeide_1.4.0/stm32cubeide/plugins/com.st.stm32cube.ide.mcu.externaltools.gnu-tools-for-stm32.7-2018-q2-update.win32_1.4.0.202007081208/tools/bin/../lib/gcc/arm-none-eabi/7.3.1/../../../../arm-none-eabi/lib/thumb/v7-m\libc_nano.a(lib_a-memmove.o)
                0x00000000080034c4                memmove
 .text.memset   0x00000000080034f6       0x10 c:/st/stm32cubeide_1.4.0/stm32cubeide/plugins/com.st.stm32cube.ide.mcu.externaltools.gnu-tools-for-stm32.7-2018-q2-update.win32_1.4.0.202007081208/tools/bin/../lib/gcc/arm-none-eabi/7.3.1/../../../../arm-none-eabi/lib/thumb/v7-m\libc_nano.a(lib_a-memset.o)
                0x00000000080034f6                memset
 *fill*         0x0000000008003506        0x2 
 .text.printf   0x0000000008003508       0x30 c:/st/stm32cubeide_1.4.0/stm32cubeide/plugins/com.st.stm32cube.ide.mcu.externaltools.gnu-tools-for-stm32.7-2018-q2-update.win32_1.4.0.202007081208/tools/bin/../lib/gcc/arm-none-eabi/7.3.1/../../../../arm-none-eabi/lib/thumb/v7-m\libc_nano.a(lib_a-printf.o)
                0x0000000008003508                iprintf
                0x0000000008003508                printf
 .text.setvbuf  0x0000000008003538      0x15c c:/st/stm32cubeide_1.4.0/stm32cubeide/plugins/com.st.stm32cube.ide.mcu.externaltools.gnu-tools-for-stm32.7-2018-q2-update.win32_1.4.0.202007081208/tools/bin/../lib/gcc/arm-none-eabi/7.3.1/../../../../arm-none-eabi/lib/thumb/v7-m\libc_nano.a(lib_a-setvbuf.o)
                0x0000000008003538                setvbuf
 .text.__sflush_r
                0x0000000008003694      0x10c c:/st/stm32cubeide_1.4.0/stm32cubeide/plugins/com.st.stm32cube.ide.mcu.externaltools.gnu-tools-for-stm32.7-2018-q2-update.win32_1.4.0.202007081208/tools/bin/../lib/gcc/arm-none-eabi/7.3.1/../../../../arm-none-eabi/lib/thumb/v7-m\libc_nano.a(lib_a-fflush.o)
                0x0000000008003694                __sflush_r
 .text._fflush_r
                0x00000000080037a0       0x54 c:/st/stm32cubeide_1.4.0/stm32cubeide/plugins/com.st.stm32cube.ide.mcu.externaltools.gnu-tools-for-stm32.7-2018-q2-update.win32_1.4.0.202007081208/tools/bin/../lib/gcc/arm-none-eabi/7.3.1/../../../../arm-none-eabi/lib/thumb/v7-m\libc_nano.a(lib_a-fflush.o)
                0x00000000080037a0                _fflush_r
 .text.std      0x00000000080037f4       0x48 c:/st/stm32cubeide_1.4.0/stm32cubeide/plugins/com.st.stm32cube.ide.mcu.externaltools.gnu-tools-for-stm32.7-2018-q2-update.win32_1.4.0.202007081208/tools/bin/../lib/gcc/arm-none-eabi/7.3.1/../../../../arm-none-eabi/lib/thumb/v7-m\libc_nano.a(lib_a-findfp.o)
 .text._cleanup_r
                0x000000000800383c        0xc c:/st/stm32cubeide_1.4.0/stm32cubeide/plugins/com.st.stm32cube.ide.mcu.externaltools.gnu-tools-for-stm32.7-2018-q2-update.win32_1.4.0.202007081208/tools/bin/../lib/gcc/arm-none-eabi/7.3.1/../../../../arm-none-eabi/lib/thumb/v7-m\libc_nano.a(lib_a-findfp.o)
                0x000000000800383c                _cleanup_r
 .text.__sfmoreglue
                0x0000000008003848       0x2c c:/st/stm32cubeide_1.4.0/stm32cubeide/plugins/com.st.stm32cube.ide.mcu.externaltools.gnu-tools-for-stm32.7-2018-q2-update.win32_1.4.0.202007081208/tools/bin/../lib/gcc/arm-none-eabi/7.3.1/../../../../arm-none-eabi/lib/thumb/v7-m\libc_nano.a(lib_a-findfp.o)
                0x0000000008003848                __sfmoreglue
 .text.__sinit  0x0000000008003874       0x60 c:/st/stm32cubeide_1.4.0/stm32cubeide/plugins/com.st.stm32cube.ide.mcu.externaltools.gnu-tools-for-stm32.7-2018-q2-update.win32_1.4.0.202007081208/tools/bin/../lib/gcc/arm-none-eabi/7.3.1/../../../../arm-none-eabi/lib/thumb/v7-m\libc_nano.a(lib_a-findfp.o)
                0x0000000008003874                __sinit
 .text.__sfp    0x00000000080038d4       0x78 c:/st/stm32cubeide_1.4.0/stm32cubeide/plugins/com.st.stm32cube.ide.mcu.externaltools.gnu-tools-for-stm32.7-2018-q2-update.win32_1.4.0.202007081208/tools/bin/../lib/gcc/arm-none-eabi/7.3.1/../../../../arm-none-eabi/lib/thumb/v7-m\libc_nano.a(lib_a-findfp.o)
                0x00000000080038d4                __sfp
 .text._fwalk_reent
                0x000000000800394c       0x3c c:/st/stm32cubeide_1.4.0/stm32cubeide/plugins/com.st.stm32cube.ide.mcu.externaltools.gnu-tools-for-stm32.7-2018-q2-update.win32_1.4.0.202007081208/tools/bin/../lib/gcc/arm-none-eabi/7.3.1/../../../../arm-none-eabi/lib/thumb/v7-m\libc_nano.a(lib_a-fwalk.o)
                0x000000000800394c                _fwalk_reent
 .text.__swhatbuf_r
                0x0000000008003988       0x48 c:/st/stm32cubeide_1.4.0/stm32cubeide/plugins/com.st.stm32cube.ide.mcu.externaltools.gnu-tools-for-stm32.7-2018-q2-update.win32_1.4.0.202007081208/tools/bin/../lib/gcc/arm-none-eabi/7.3.1/../../../../arm-none-eabi/lib/thumb/v7-m\libc_nano.a(lib_a-makebuf.o)
                0x0000000008003988                __swhatbuf_r
 .text.__smakebuf_r
                0x00000000080039d0       0x80 c:/st/stm32cubeide_1.4.0/stm32cubeide/plugins/com.st.stm32cube.ide.mcu.externaltools.gnu-tools-for-stm32.7-2018-q2-update.win32_1.4.0.202007081208/tools/bin/../lib/gcc/arm-none-eabi/7.3.1/../../../../arm-none-eabi/lib/thumb/v7-m\libc_nano.a(lib_a-makebuf.o)
                0x00000000080039d0                __smakebuf_r
 .text.malloc   0x0000000008003a50       0x10 c:/st/stm32cubeide_1.4.0/stm32cubeide/plugins/com.st.stm32cube.ide.mcu.externaltools.gnu-tools-for-stm32.7-2018-q2-update.win32_1.4.0.202007081208/tools/bin/../lib/gcc/arm-none-eabi/7.3.1/../../../../arm-none-eabi/lib/thumb/v7-m\libc_nano.a(lib_a-malloc.o)
                0x0000000008003a50                malloc
 .text._free_r  0x0000000008003a60       0x98 c:/st/stm32cubeide_1.4.0/stm32cubeide/plugins/com.st.stm32cube.ide.mcu.externaltools.gnu-tools-for-stm32.7-2018-q2-update.win32_1.4.0.202007081208/tools/bin/../lib/gcc/arm-none-eabi/7.3.1/../../../../arm-none-eabi/lib/thumb/v7-m\libc_nano.a(lib_a-nano-freer.o)
                0x0000000008003a60                _free_r
 .text._malloc_r
                0x0000000008003af8       0xb4 c:/st/stm32cubeide_1.4.0/stm32cubeide/plugins/com.st.stm32cube.ide.mcu.externaltools.gnu-tools-for-stm32.7-2018-q2-update.win32_1.4.0.202007081208/tools/bin/../lib/gcc/arm-none-eabi/7.3.1/../../../../arm-none-eabi/lib/thumb/v7-m\libc_nano.a(lib_a-nano-mallocr.o)
                0x0000000008003af8                _malloc_r
 .text.__sfputc_r
                0x0000000008003bac       0x2a c:/st/stm32cubeide_1.4.0/stm32cubeide/plugins/com.st.stm32cube.ide.mcu.externaltools.gnu-tools-for-stm32.7-2018-q2-update.win32_1.4.0.202007081208/tools/bin/../lib/gcc/arm-none-eabi/7.3.1/../../../../arm-none-eabi/lib/thumb/v7-m\libc_nano.a(lib_a-nano-vfprintf.o)
 .text.__sfputs_r
                0x0000000008003bd6       0x24 c:/st/stm32cubeide_1.4.0/stm32cubeide/plugins/com.st.stm32cube.ide.mcu.externaltools.gnu-tools-for-stm32.7-2018-q2-update.win32_1.4.0.202007081208/tools/bin/../lib/gcc/arm-none-eabi/7.3.1/../../../../arm-none-eabi/lib/thumb/v7-m\libc_nano.a(lib_a-nano-vfprintf.o)
                0x0000000008003bd6                __sfputs_r
 *fill*         0x0000000008003bfa        0x2 
 .text._vfprintf_r
                0x0000000008003bfc      0x22c c:/st/stm32cubeide_1.4.0/stm32cubeide/plugins/com.st.stm32cube.ide.mcu.externaltools.gnu-tools-for-stm32.7-2018-q2-update.win32_1.4.0.202007081208/tools/bin/../lib/gcc/arm-none-eabi/7.3.1/../../../../arm-none-eabi/lib/thumb/v7-m\libc_nano.a(lib_a-nano-vfprintf.o)
                0x0000000008003bfc                _vfprintf_r
                0x0000000008003bfc                _vfiprintf_r
 .text._printf_common
                0x0000000008003e28       0xec c:/st/stm32cubeide_1.4.0/stm32cubeide/plugins/com.st.stm32cube.ide.mcu.externaltools.gnu-tools-for-stm32.7-2018-q2-update.win32_1.4.0.202007081208/tools/bin/../lib/gcc/arm-none-eabi/7.3.1/../../../../arm-none-eabi/lib/thumb/v7-m\libc_nano.a(lib_a-nano-vfprintf_i.o)
                0x0000000008003e28                _printf_common
 .text._printf_i
                0x0000000008003f14      0x224 c:/st/stm32cubeide_1.4.0/stm32cubeide/plugins/com.st.stm32cube.ide.mcu.externaltools.gnu-tools-for-stm32.7-2018-q2-update.win32_1.4.0.202007081208/tools/bin/../lib/gcc/arm-none-eabi/7.3.1/../../../../arm-none-eabi/lib/thumb/v7-m\libc_nano.a(lib_a-nano-vfprintf_i.o)
                0x0000000008003f14                _printf_i
 .text._sbrk_r  0x0000000008004138       0x20 c:/st/stm32cubeide_1.4.0/stm32cubeide/plugins/com.st.stm32cube.ide.mcu.externaltools.gnu-tools-for-stm32.7-2018-q2-update.win32_1.4.0.202007081208/tools/bin/../lib/gcc/arm-none-eabi/7.3.1/../../../../arm-none-eabi/lib/thumb/v7-m\libc_nano.a(lib_a-sbrkr.o)
                0x0000000008004138                _sbrk_r
 .text.__sread  0x0000000008004158       0x22 c:/st/stm32cubeide_1.4.0/stm32cubeide/plugins/com.st.stm32cube.ide.mcu.externaltools.gnu-tools-for-stm32.7-2018-q2-update.win32_1.4.0.202007081208/tools/bin/../lib/gcc/arm-none-eabi/7.3.1/../../../../arm-none-eabi/lib/thumb/v7-m\libc_nano.a(lib_a-stdio.o)
                0x0000000008004158                __sread
 .text.__swrite
                0x000000000800417a       0x38 c:/st/stm32cubeide_1.4.0/stm32cubeide/plugins/com.st.stm32cube.ide.mcu.externaltools.gnu-tools-for-stm32.7-2018-q2-update.win32_1.4.0.202007081208/tools/bin/../lib/gcc/arm-none-eabi/7.3.1/../../../../arm-none-eabi/lib/thumb/v7-m\libc_nano.a(lib_a-stdio.o)
                0x000000000800417a                __swrite
 .text.__sseek  0x00000000080041b2       0x24 c:/st/stm32cubeide_1.4.0/stm32cubeide/plugins/com.st.stm32cube.ide.mcu.externaltools.gnu-tools-for-stm32.7-2018-q2-update.win32_1.4.0.202007081208/tools/bin/../lib/gcc/arm-none-eabi/7.3.1/../../../../arm-none-eabi/lib/thumb/v7-m\libc_nano.a(lib_a-stdio.o)
                0x00000000080041b2                __sseek
 .text.__sclose
                0x00000000080041d6        0x8 c:/st/stm32cubeide_1.4.0/stm32cubeide/plugins/com.st.stm32cube.ide.mcu.externaltools.gnu-tools-for-stm32.7-2018-q2-update.win32_1.4.0.202007081208/tools/bin/../lib/gcc/arm-none-eabi/7.3.1/../../../../arm-none-eabi/lib/thumb/v7-m\libc_nano.a(lib_a-stdio.o)
                0x00000000080041d6                __sclose
 *fill*         0x00000000080041de        0x2 
 .text.__swbuf_r
                0x00000000080041e0       0xa4 c:/st/stm32cubeide_1.4.0/stm32cubeide/plugins/com.st.stm32cube.ide.mcu.externaltools.gnu-tools-for-stm32.7-2018-q2-update.win32_1.4.0.202007081208/tools/bin/../lib/gcc/arm-none-eabi/7.3.1/../../../../arm-none-eabi/lib/thumb/v7-m\libc_nano.a(lib_a-wbuf.o)
                0x00000000080041e0                __swbuf_r
 .text._write_r
                0x0000000008004284       0x24 c:/st/stm32cubeide_1.4.0/stm32cubeide/plugins/com.st.stm32cube.ide.mcu.externaltools.gnu-tools-for-stm32.7-2018-q2-update.win32_1.4.0.202007081208/tools/bin/../lib/gcc/arm-none-eabi/7.3.1/../../../../arm-none-eabi/lib/thumb/v7-m\libc_nano.a(lib_a-writer.o)
                0x0000000008004284                _write_r
 .text.__swsetup_r
                0x00000000080042a8       0xdc c:/st/stm32cubeide_1.4.0/stm32cubeide/plugins/com.st.stm32cube.ide.mcu.externaltools.gnu-tools-for-stm32.7-2018-q2-update.win32_1.4.0.202007081208/tools/bin/../lib/gcc/arm-none-eabi/7.3.1/../../../../arm-none-eabi/lib/thumb/v7-m\libc_nano.a(lib_a-wsetup.o)
                0x00000000080042a8                __swsetup_r
 .text._close_r
                0x0000000008004384       0x20 c:/st/stm32cubeide_1.4.0/stm32cubeide/plugins/com.st.stm32cube.ide.mcu.externaltools.gnu-tools-for-stm32.7-2018-q2-update.win32_1.4.0.202007081208/tools/bin/../lib/gcc/arm-none-eabi/7.3.1/../../../../arm-none-eabi/lib/thumb/v7-m\libc_nano.a(lib_a-closer.o)
                0x0000000008004384                _close_r
 .text._fstat_r
                0x00000000080043a4       0x24 c:/st/stm32cubeide_1.4.0/stm32cubeide/plugins/com.st.stm32cube.ide.mcu.externaltools.gnu-tools-for-stm32.7-2018-q2-update.win32_1.4.0.202007081208/tools/bin/../lib/gcc/arm-none-eabi/7.3.1/../../../../arm-none-eabi/lib/thumb/v7-m\libc_nano.a(lib_a-fstatr.o)
                0x00000000080043a4                _fstat_r
 .text._isatty_r
                0x00000000080043c8       0x20 c:/st/stm32cubeide_1.4.0/stm32cubeide/plugins/com.st.stm32cube.ide.mcu.externaltools.gnu-tools-for-stm32.7-2018-q2-update.win32_1.4.0.202007081208/tools/bin/../lib/gcc/arm-none-eabi/7.3.1/../../../../arm-none-eabi/lib/thumb/v7-m\libc_nano.a(lib_a-isattyr.o)
                0x00000000080043c8                _isatty_r
 .text._lseek_r
                0x00000000080043e8       0x24 c:/st/stm32cubeide_1.4.0/stm32cubeide/plugins/com.st.stm32cube.ide.mcu.externaltools.gnu-tools-for-stm32.7-2018-q2-update.win32_1.4.0.202007081208/tools/bin/../lib/gcc/arm-none-eabi/7.3.1/../../../../arm-none-eabi/lib/thumb/v7-m\libc_nano.a(lib_a-lseekr.o)
                0x00000000080043e8                _lseek_r
 .text.memchr   0x000000000800440c       0x1c c:/st/stm32cubeide_1.4.0/stm32cubeide/plugins/com.st.stm32cube.ide.mcu.externaltools.gnu-tools-for-stm32.7-2018-q2-update.win32_1.4.0.202007081208/tools/bin/../lib/gcc/arm-none-eabi/7.3.1/../../../../arm-none-eabi/lib/thumb/v7-m\libc_nano.a(lib_a-memchr-stub.o)
                0x000000000800440c                memchr
 .text.__malloc_lock
                0x0000000008004428        0x2 c:/st/stm32cubeide_1.4.0/stm32cubeide/plugins/com.st.stm32cube.ide.mcu.externaltools.gnu-tools-for-stm32.7-2018-q2-update.win32_1.4.0.202007081208/tools/bin/../lib/gcc/arm-none-eabi/7.3.1/../../../../arm-none-eabi/lib/thumb/v7-m\libc_nano.a(lib_a-mlock.o)
                0x0000000008004428                __malloc_lock
 .text.__malloc_unlock
                0x000000000800442a        0x2 c:/st/stm32cubeide_1.4.0/stm32cubeide/plugins/com.st.stm32cube.ide.mcu.externaltools.gnu-tools-for-stm32.7-2018-q2-update.win32_1.4.0.202007081208/tools/bin/../lib/gcc/arm-none-eabi/7.3.1/../../../../arm-none-eabi/lib/thumb/v7-m\libc_nano.a(lib_a-mlock.o)
                0x000000000800442a                __malloc_unlock
 .text._read_r  0x000000000800442c       0x24 c:/st/stm32cubeide_1.4.0/stm32cubeide/plugins/com.st.stm32cube.ide.mcu.externaltools.gnu-tools-for-stm32.7-2018-q2-update.win32_1.4.0.202007081208/tools/bin/../lib/gcc/arm-none-eabi/7.3.1/../../../../arm-none-eabi/lib/thumb/v7-m\libc_nano.a(lib_a-readr.o)
                0x000000000800442c                _read_r
 *(.glue_7)
 .glue_7        0x0000000008004450        0x0 linker stubs
 *(.glue_7t)
 .glue_7t       0x0000000008004450        0x0 linker stubs
 *(.eh_frame)
 .eh_frame      0x0000000008004450        0x0 c:/st/stm32cubeide_1.4.0/stm32cubeide/plugins/com.st.stm32cube.ide.mcu.externaltools.gnu-tools-for-stm32.7-2018-q2-update.win32_1.4.0.202007081208/tools/bin/../lib/gcc/arm-none-eabi/7.3.1/thumb/v7-m/crtbegin.o
 *(.init)
 .init          0x0000000008004450        0x4 c:/st/stm32cubeide_1.4.0/stm32cubeide/plugins/com.st.stm32cube.ide.mcu.externaltools.gnu-tools-for-stm32.7-2018-q2-update.win32_1.4.0.202007081208/tools/bin/../lib/gcc/arm-none-eabi/7.3.1/thumb/v7-m/crti.o
                0x0000000008004450                _init
 .init          0x0000000008004454        0x8 c:/st/stm32cubeide_1.4.0/stm32cubeide/plugins/com.st.stm32cube.ide.mcu.externaltools.gnu-tools-for-stm32.7-2018-q2-update.win32_1.4.0.202007081208/tools/bin/../lib/gcc/arm-none-eabi/7.3.1/thumb/v7-m/crtn.o
 *(.fini)
 .fini          0x000000000800445c        0x4 c:/st/stm32cubeide_1.4.0/stm32cubeide/plugins/com.st.stm32cube.ide.mcu.externaltools.gnu-tools-for-stm32.7-2018-q2-update.win32_1.4.0.202007081208/tools/bin/../lib/gcc/arm-none-eabi/7.3.1/thumb/v7-m/crti.o
                0x000000000800445c                _fini
 .fini          0x0000000008004460        0x8 c:/st/stm32cubeide_1.4.0/stm32cubeide/plugins/com.st.stm32cube.ide.mcu.externaltools.gnu-tools-for-stm32.7-2018-q2-update.win32_1.4.0.202007081208/tools/bin/../lib/gcc/arm-none-eabi/7.3.1/thumb/v7-m/crtn.o
                0x0000000008004468                . = ALIGN (0x4)
                0x0000000008004468                _etext = .

.vfp11_veneer   0x0000000008004468        0x0
 .vfp11_veneer  0x0000000008004468        0x0 linker stubs

.v4_bx          0x0000000008004468        0x0
 .v4_bx         0x0000000008004468        0x0 linker stubs

.iplt           0x0000000008004468        0x0
 .iplt          0x0000000008004468        0x0 c:/st/stm32cubeide_1.4.0/stm32cubeide/plugins/com.st.stm32cube.ide.mcu.externaltools.gnu-tools-for-stm32.7-2018-q2-update.win32_1.4.0.202007081208/tools/bin/../lib/gcc/arm-none-eabi/7.3.1/thumb/v7-m/crtbegin.o

.rodata         0x0000000008004468       0xd0
                0x0000000008004468                . = ALIGN (0x4)
 *(.rodata)
 .rodata        0x0000000008004468        0x9 Core/OS/tasks/task.o
 *fill*         0x0000000008004471        0x3 
 .rodata        0x0000000008004474       0x12 Drivers/STM32F1xx_HAL_Driver/Src/stm32f1xx_hal_rcc.o
 *(.rodata*)
 *fill*         0x0000000008004486        0x2 
 .rodata.AHBPrescTable
                0x0000000008004488       0x10 Core/Src/system_stm32f1xx.o
                0x0000000008004488                AHBPrescTable
 .rodata.APBPrescTable
                0x0000000008004498        0x8 Core/Src/system_stm32f1xx.o
                0x0000000008004498                APBPrescTable
 .rodata._global_impure_ptr
                0x00000000080044a0        0x4 c:/st/stm32cubeide_1.4.0/stm32cubeide/plugins/com.st.stm32cube.ide.mcu.externaltools.gnu-tools-for-stm32.7-2018-q2-update.win32_1.4.0.202007081208/tools/bin/../lib/gcc/arm-none-eabi/7.3.1/../../../../arm-none-eabi/lib/thumb/v7-m\libc_nano.a(lib_a-impure.o)
                0x00000000080044a0                _global_impure_ptr
 .rodata.__sf_fake_stderr
                0x00000000080044a4       0x20 c:/st/stm32cubeide_1.4.0/stm32cubeide/plugins/com.st.stm32cube.ide.mcu.externaltools.gnu-tools-for-stm32.7-2018-q2-update.win32_1.4.0.202007081208/tools/bin/../lib/gcc/arm-none-eabi/7.3.1/../../../../arm-none-eabi/lib/thumb/v7-m\libc_nano.a(lib_a-findfp.o)
                0x00000000080044a4                __sf_fake_stderr
 .rodata.__sf_fake_stdin
                0x00000000080044c4       0x20 c:/st/stm32cubeide_1.4.0/stm32cubeide/plugins/com.st.stm32cube.ide.mcu.externaltools.gnu-tools-for-stm32.7-2018-q2-update.win32_1.4.0.202007081208/tools/bin/../lib/gcc/arm-none-eabi/7.3.1/../../../../arm-none-eabi/lib/thumb/v7-m\libc_nano.a(lib_a-findfp.o)
                0x00000000080044c4                __sf_fake_stdin
 .rodata.__sf_fake_stdout
                0x00000000080044e4       0x20 c:/st/stm32cubeide_1.4.0/stm32cubeide/plugins/com.st.stm32cube.ide.mcu.externaltools.gnu-tools-for-stm32.7-2018-q2-update.win32_1.4.0.202007081208/tools/bin/../lib/gcc/arm-none-eabi/7.3.1/../../../../arm-none-eabi/lib/thumb/v7-m\libc_nano.a(lib_a-findfp.o)
                0x00000000080044e4                __sf_fake_stdout
 .rodata._vfprintf_r.str1.1
                0x0000000008004504       0x11 c:/st/stm32cubeide_1.4.0/stm32cubeide/plugins/com.st.stm32cube.ide.mcu.externaltools.gnu-tools-for-stm32.7-2018-q2-update.win32_1.4.0.202007081208/tools/bin/../lib/gcc/arm-none-eabi/7.3.1/../../../../arm-none-eabi/lib/thumb/v7-m\libc_nano.a(lib_a-nano-vfprintf.o)
 .rodata._printf_i.str1.1
                0x0000000008004515       0x22 c:/st/stm32cubeide_1.4.0/stm32cubeide/plugins/com.st.stm32cube.ide.mcu.externaltools.gnu-tools-for-stm32.7-2018-q2-update.win32_1.4.0.202007081208/tools/bin/../lib/gcc/arm-none-eabi/7.3.1/../../../../arm-none-eabi/lib/thumb/v7-m\libc_nano.a(lib_a-nano-vfprintf_i.o)
                0x0000000008004538                . = ALIGN (0x4)
 *fill*         0x0000000008004537        0x1 

.rel.dyn        0x0000000008004538        0x0
 .rel.iplt      0x0000000008004538        0x0 c:/st/stm32cubeide_1.4.0/stm32cubeide/plugins/com.st.stm32cube.ide.mcu.externaltools.gnu-tools-for-stm32.7-2018-q2-update.win32_1.4.0.202007081208/tools/bin/../lib/gcc/arm-none-eabi/7.3.1/thumb/v7-m/crtbegin.o

.ARM.extab      0x0000000008004538        0x0
                0x0000000008004538                . = ALIGN (0x4)
 *(.ARM.extab* .gnu.linkonce.armextab.*)
                0x0000000008004538                . = ALIGN (0x4)

.ARM            0x0000000008004538        0x0
                0x0000000008004538                . = ALIGN (0x4)
                0x0000000008004538                __exidx_start = .
 *(.ARM.exidx*)
                0x0000000008004538                __exidx_end = .
                0x0000000008004538                . = ALIGN (0x4)

.preinit_array  0x0000000008004538        0x0
                0x0000000008004538                . = ALIGN (0x4)
                0x0000000008004538                PROVIDE (__preinit_array_start = .)
 *(.preinit_array*)
                0x0000000008004538                PROVIDE (__preinit_array_end = .)
                0x0000000008004538                . = ALIGN (0x4)

.init_array     0x0000000008004538        0x4
                0x0000000008004538                . = ALIGN (0x4)
                0x0000000008004538                PROVIDE (__init_array_start = .)
 *(SORT_BY_NAME(.init_array.*))
 *(.init_array*)
 .init_array    0x0000000008004538        0x4 c:/st/stm32cubeide_1.4.0/stm32cubeide/plugins/com.st.stm32cube.ide.mcu.externaltools.gnu-tools-for-stm32.7-2018-q2-update.win32_1.4.0.202007081208/tools/bin/../lib/gcc/arm-none-eabi/7.3.1/thumb/v7-m/crtbegin.o
                0x000000000800453c                PROVIDE (__init_array_end = .)
                0x000000000800453c                . = ALIGN (0x4)

.fini_array     0x000000000800453c        0x4
                0x000000000800453c                . = ALIGN (0x4)
                [!provide]                        PROVIDE (__fini_array_start = .)
 *(SORT_BY_NAME(.fini_array.*))
 *(.fini_array*)
 .fini_array    0x000000000800453c        0x4 c:/st/stm32cubeide_1.4.0/stm32cubeide/plugins/com.st.stm32cube.ide.mcu.externaltools.gnu-tools-for-stm32.7-2018-q2-update.win32_1.4.0.202007081208/tools/bin/../lib/gcc/arm-none-eabi/7.3.1/thumb/v7-m/crtbegin.o
                [!provide]                        PROVIDE (__fini_array_end = .)
                0x0000000008004540                . = ALIGN (0x4)
                0x0000000008004540                _sidata = LOADADDR (.data)

.data           0x0000000020000000      0x380 load address 0x0000000008004540
                0x0000000020000000                . = ALIGN (0x4)
                0x0000000020000000                _sdata = .
 *(.data)
 *(.data*)
 .data.tasks    0x0000000020000000      0x310 Core/OS/tasks/task.o
                0x0000000020000000                tasks
 .data.SystemCoreClock
                0x0000000020000310        0x4 Core/Src/system_stm32f1xx.o
                0x0000000020000310                SystemCoreClock
 .data.uwTickPrio
                0x0000000020000314        0x4 Drivers/STM32F1xx_HAL_Driver/Src/stm32f1xx_hal.o
                0x0000000020000314                uwTickPrio
 .data.uwTickFreq
                0x0000000020000318        0x1 Drivers/STM32F1xx_HAL_Driver/Src/stm32f1xx_hal.o
                0x0000000020000318                uwTickFreq
 *fill*         0x0000000020000319        0x3 
 .data._impure_ptr
                0x000000002000031c        0x4 c:/st/stm32cubeide_1.4.0/stm32cubeide/plugins/com.st.stm32cube.ide.mcu.externaltools.gnu-tools-for-stm32.7-2018-q2-update.win32_1.4.0.202007081208/tools/bin/../lib/gcc/arm-none-eabi/7.3.1/../../../../arm-none-eabi/lib/thumb/v7-m\libc_nano.a(lib_a-impure.o)
                0x000000002000031c                _impure_ptr
 .data.impure_data
                0x0000000020000320       0x60 c:/st/stm32cubeide_1.4.0/stm32cubeide/plugins/com.st.stm32cube.ide.mcu.externaltools.gnu-tools-for-stm32.7-2018-q2-update.win32_1.4.0.202007081208/tools/bin/../lib/gcc/arm-none-eabi/7.3.1/../../../../arm-none-eabi/lib/thumb/v7-m\libc_nano.a(lib_a-impure.o)
                0x0000000020000380                . = ALIGN (0x4)
                0x0000000020000380                _edata = .

.igot.plt       0x0000000020000380        0x0 load address 0x00000000080048c0
 .igot.plt      0x0000000020000380        0x0 c:/st/stm32cubeide_1.4.0/stm32cubeide/plugins/com.st.stm32cube.ide.mcu.externaltools.gnu-tools-for-stm32.7-2018-q2-update.win32_1.4.0.202007081208/tools/bin/../lib/gcc/arm-none-eabi/7.3.1/thumb/v7-m/crtbegin.o
                0x0000000020000380                . = ALIGN (0x4)

.bss            0x0000000020000380      0x1d4 load address 0x00000000080048c0
                0x0000000020000380                _sbss = .
                0x0000000020000380                __bss_start__ = _sbss
 *(.bss)
 .bss           0x0000000020000380       0x1c c:/st/stm32cubeide_1.4.0/stm32cubeide/plugins/com.st.stm32cube.ide.mcu.externaltools.gnu-tools-for-stm32.7-2018-q2-update.win32_1.4.0.202007081208/tools/bin/../lib/gcc/arm-none-eabi/7.3.1/thumb/v7-m/crtbegin.o
 *(.bss*)
 .bss.task_queu
                0x000000002000039c        0xc Core/OS/scheduler/scheduler.o
 .bss.task_queu_size
                0x00000000200003a8        0x4 Core/OS/scheduler/scheduler.o
 .bss.task_queu_position
                0x00000000200003ac        0x4 Core/OS/scheduler/scheduler.o
 .bss.sys       0x00000000200003b0        0x4 Core/OS/scheduler/scheduler.o
 .bss.sys       0x00000000200003b4        0x4 Core/OS/tasks/task.o
 .bss.previous_t_us.6290
                0x00000000200003b8        0x4 Core/OS/time.o
 .bss.__sbrk_heap_end
                0x00000000200003bc        0x4 Core/Src/sysmem.o
 .bss.__malloc_free_list
                0x00000000200003c0        0x4 c:/st/stm32cubeide_1.4.0/stm32cubeide/plugins/com.st.stm32cube.ide.mcu.externaltools.gnu-tools-for-stm32.7-2018-q2-update.win32_1.4.0.202007081208/tools/bin/../lib/gcc/arm-none-eabi/7.3.1/../../../../arm-none-eabi/lib/thumb/v7-m\libc_nano.a(lib_a-nano-mallocr.o)
                0x00000000200003c0                __malloc_free_list
 .bss.__malloc_sbrk_start
                0x00000000200003c4        0x4 c:/st/stm32cubeide_1.4.0/stm32cubeide/plugins/com.st.stm32cube.ide.mcu.externaltools.gnu-tools-for-stm32.7-2018-q2-update.win32_1.4.0.202007081208/tools/bin/../lib/gcc/arm-none-eabi/7.3.1/../../../../arm-none-eabi/lib/thumb/v7-m\libc_nano.a(lib_a-nano-mallocr.o)
                0x00000000200003c4                __malloc_sbrk_start
 *(COMMON)
 COMMON         0x00000000200003c8        0x4 Core/OS/debug/retarget.o
                0x00000000200003c8                gHuart
 COMMON         0x00000000200003cc       0xdc Core/Src/i2c.o
                0x00000000200003cc                hdma_i2c1_tx
                0x0000000020000410                hi2c1
                0x0000000020000464                hdma_i2c1_rx
 COMMON         0x00000000200004a8       0x1c Core/Src/main.o
                0x00000000200004a8                sys
 COMMON         0x00000000200004c4       0x48 Core/Src/tim.o
                0x00000000200004c4                htim1
 COMMON         0x000000002000050c       0x40 Core/Src/usart.o
                0x000000002000050c                huart2
 COMMON         0x000000002000054c        0x4 Drivers/STM32F1xx_HAL_Driver/Src/stm32f1xx_hal.o
                0x000000002000054c                uwTick
 COMMON         0x0000000020000550        0x4 c:/st/stm32cubeide_1.4.0/stm32cubeide/plugins/com.st.stm32cube.ide.mcu.externaltools.gnu-tools-for-stm32.7-2018-q2-update.win32_1.4.0.202007081208/tools/bin/../lib/gcc/arm-none-eabi/7.3.1/../../../../arm-none-eabi/lib/thumb/v7-m\libc_nano.a(lib_a-reent.o)
                0x0000000020000550                errno
                0x0000000020000554                . = ALIGN (0x4)
                0x0000000020000554                _ebss = .
                0x0000000020000554                __bss_end__ = _ebss

._user_heap_stack
                0x0000000020000554      0x604 load address 0x00000000080048c0
                0x0000000020000558                . = ALIGN (0x8)
 *fill*         0x0000000020000554        0x4 
                [!provide]                        PROVIDE (end = .)
                0x0000000020000558                PROVIDE (_end = .)
                0x0000000020000758                . = (. + _Min_Heap_Size)
 *fill*         0x0000000020000558      0x200 
                0x0000000020000b58                . = (. + _Min_Stack_Size)
 *fill*         0x0000000020000758      0x400 
                0x0000000020000b58                . = ALIGN (0x8)

/DISCARD/
 libc.a(*)
 libm.a(*)
 libgcc.a(*)

.ARM.attributes
                0x0000000000000000       0x29
 *(.ARM.attributes)
 .ARM.attributes
                0x0000000000000000       0x1d c:/st/stm32cubeide_1.4.0/stm32cubeide/plugins/com.st.stm32cube.ide.mcu.externaltools.gnu-tools-for-stm32.7-2018-q2-update.win32_1.4.0.202007081208/tools/bin/../lib/gcc/arm-none-eabi/7.3.1/thumb/v7-m/crti.o
 .ARM.attributes
                0x000000000000001d       0x2d c:/st/stm32cubeide_1.4.0/stm32cubeide/plugins/com.st.stm32cube.ide.mcu.externaltools.gnu-tools-for-stm32.7-2018-q2-update.win32_1.4.0.202007081208/tools/bin/../lib/gcc/arm-none-eabi/7.3.1/thumb/v7-m/crtbegin.o
 .ARM.attributes
                0x000000000000004a       0x33 Core/OS/debug/debug.o
 .ARM.attributes
                0x000000000000007d       0x33 Core/OS/debug/retarget.o
 .ARM.attributes
                0x00000000000000b0       0x33 Core/OS/scheduler/scheduler.o
 .ARM.attributes
                0x00000000000000e3       0x33 Core/OS/tasks/task.o
 .ARM.attributes
                0x0000000000000116       0x33 Core/OS/time.o
 .ARM.attributes
                0x0000000000000149       0x33 Core/Src/dma.o
 .ARM.attributes
                0x000000000000017c       0x33 Core/Src/gpio.o
 .ARM.attributes
                0x00000000000001af       0x33 Core/Src/i2c.o
 .ARM.attributes
                0x00000000000001e2       0x33 Core/Src/main.o
 .ARM.attributes
                0x0000000000000215       0x33 Core/Src/stm32f1xx_hal_msp.o
 .ARM.attributes
                0x0000000000000248       0x33 Core/Src/stm32f1xx_it.o
 .ARM.attributes
                0x000000000000027b       0x33 Core/Src/sysmem.o
 .ARM.attributes
                0x00000000000002ae       0x33 Core/Src/system_stm32f1xx.o
 .ARM.attributes
                0x00000000000002e1       0x33 Core/Src/tim.o
 .ARM.attributes
                0x0000000000000314       0x33 Core/Src/usart.o
 .ARM.attributes
                0x0000000000000347       0x21 Core/Startup/startup_stm32f103rbtx.o
 .ARM.attributes
                0x0000000000000368       0x33 Drivers/STM32F1xx_HAL_Driver/Src/stm32f1xx_hal.o
 .ARM.attributes
                0x000000000000039b       0x33 Drivers/STM32F1xx_HAL_Driver/Src/stm32f1xx_hal_cortex.o
 .ARM.attributes
                0x00000000000003ce       0x33 Drivers/STM32F1xx_HAL_Driver/Src/stm32f1xx_hal_dma.o
 .ARM.attributes
                0x0000000000000401       0x33 Drivers/STM32F1xx_HAL_Driver/Src/stm32f1xx_hal_gpio.o
 .ARM.attributes
                0x0000000000000434       0x33 Drivers/STM32F1xx_HAL_Driver/Src/stm32f1xx_hal_i2c.o
 .ARM.attributes
                0x0000000000000467       0x33 Drivers/STM32F1xx_HAL_Driver/Src/stm32f1xx_hal_rcc.o
 .ARM.attributes
                0x000000000000049a       0x33 Drivers/STM32F1xx_HAL_Driver/Src/stm32f1xx_hal_tim.o
 .ARM.attributes
                0x00000000000004cd       0x33 Drivers/STM32F1xx_HAL_Driver/Src/stm32f1xx_hal_tim_ex.o
 .ARM.attributes
                0x0000000000000500       0x33 Drivers/STM32F1xx_HAL_Driver/Src/stm32f1xx_hal_uart.o
 .ARM.attributes
                0x0000000000000533       0x33 Drivers/Src/Sequence_led.o
 .ARM.attributes
                0x0000000000000566       0x2d c:/st/stm32cubeide_1.4.0/stm32cubeide/plugins/com.st.stm32cube.ide.mcu.externaltools.gnu-tools-for-stm32.7-2018-q2-update.win32_1.4.0.202007081208/tools/bin/../lib/gcc/arm-none-eabi/7.3.1/../../../../arm-none-eabi/lib/thumb/v7-m\libc_nano.a(lib_a-errno.o)
 .ARM.attributes
                0x0000000000000593       0x2d c:/st/stm32cubeide_1.4.0/stm32cubeide/plugins/com.st.stm32cube.ide.mcu.externaltools.gnu-tools-for-stm32.7-2018-q2-update.win32_1.4.0.202007081208/tools/bin/../lib/gcc/arm-none-eabi/7.3.1/../../../../arm-none-eabi/lib/thumb/v7-m\libc_nano.a(lib_a-impure.o)
 .ARM.attributes
                0x00000000000005c0       0x2d c:/st/stm32cubeide_1.4.0/stm32cubeide/plugins/com.st.stm32cube.ide.mcu.externaltools.gnu-tools-for-stm32.7-2018-q2-update.win32_1.4.0.202007081208/tools/bin/../lib/gcc/arm-none-eabi/7.3.1/../../../../arm-none-eabi/lib/thumb/v7-m\libc_nano.a(lib_a-init.o)
 .ARM.attributes
                0x00000000000005ed       0x2d c:/st/stm32cubeide_1.4.0/stm32cubeide/plugins/com.st.stm32cube.ide.mcu.externaltools.gnu-tools-for-stm32.7-2018-q2-update.win32_1.4.0.202007081208/tools/bin/../lib/gcc/arm-none-eabi/7.3.1/../../../../arm-none-eabi/lib/thumb/v7-m\libc_nano.a(lib_a-memmove.o)
 .ARM.attributes
                0x000000000000061a       0x2d c:/st/stm32cubeide_1.4.0/stm32cubeide/plugins/com.st.stm32cube.ide.mcu.externaltools.gnu-tools-for-stm32.7-2018-q2-update.win32_1.4.0.202007081208/tools/bin/../lib/gcc/arm-none-eabi/7.3.1/../../../../arm-none-eabi/lib/thumb/v7-m\libc_nano.a(lib_a-memset.o)
 .ARM.attributes
                0x0000000000000647       0x2d c:/st/stm32cubeide_1.4.0/stm32cubeide/plugins/com.st.stm32cube.ide.mcu.externaltools.gnu-tools-for-stm32.7-2018-q2-update.win32_1.4.0.202007081208/tools/bin/../lib/gcc/arm-none-eabi/7.3.1/../../../../arm-none-eabi/lib/thumb/v7-m\libc_nano.a(lib_a-printf.o)
 .ARM.attributes
                0x0000000000000674       0x2d c:/st/stm32cubeide_1.4.0/stm32cubeide/plugins/com.st.stm32cube.ide.mcu.externaltools.gnu-tools-for-stm32.7-2018-q2-update.win32_1.4.0.202007081208/tools/bin/../lib/gcc/arm-none-eabi/7.3.1/../../../../arm-none-eabi/lib/thumb/v7-m\libc_nano.a(lib_a-setvbuf.o)
 .ARM.attributes
                0x00000000000006a1       0x2d c:/st/stm32cubeide_1.4.0/stm32cubeide/plugins/com.st.stm32cube.ide.mcu.externaltools.gnu-tools-for-stm32.7-2018-q2-update.win32_1.4.0.202007081208/tools/bin/../lib/gcc/arm-none-eabi/7.3.1/../../../../arm-none-eabi/lib/thumb/v7-m\libc_nano.a(lib_a-fflush.o)
 .ARM.attributes
                0x00000000000006ce       0x2d c:/st/stm32cubeide_1.4.0/stm32cubeide/plugins/com.st.stm32cube.ide.mcu.externaltools.gnu-tools-for-stm32.7-2018-q2-update.win32_1.4.0.202007081208/tools/bin/../lib/gcc/arm-none-eabi/7.3.1/../../../../arm-none-eabi/lib/thumb/v7-m\libc_nano.a(lib_a-findfp.o)
 .ARM.attributes
                0x00000000000006fb       0x2d c:/st/stm32cubeide_1.4.0/stm32cubeide/plugins/com.st.stm32cube.ide.mcu.externaltools.gnu-tools-for-stm32.7-2018-q2-update.win32_1.4.0.202007081208/tools/bin/../lib/gcc/arm-none-eabi/7.3.1/../../../../arm-none-eabi/lib/thumb/v7-m\libc_nano.a(lib_a-fwalk.o)
 .ARM.attributes
                0x0000000000000728       0x2d c:/st/stm32cubeide_1.4.0/stm32cubeide/plugins/com.st.stm32cube.ide.mcu.externaltools.gnu-tools-for-stm32.7-2018-q2-update.win32_1.4.0.202007081208/tools/bin/../lib/gcc/arm-none-eabi/7.3.1/../../../../arm-none-eabi/lib/thumb/v7-m\libc_nano.a(lib_a-makebuf.o)
 .ARM.attributes
                0x0000000000000755       0x2d c:/st/stm32cubeide_1.4.0/stm32cubeide/plugins/com.st.stm32cube.ide.mcu.externaltools.gnu-tools-for-stm32.7-2018-q2-update.win32_1.4.0.202007081208/tools/bin/../lib/gcc/arm-none-eabi/7.3.1/../../../../arm-none-eabi/lib/thumb/v7-m\libc_nano.a(lib_a-malloc.o)
 .ARM.attributes
                0x0000000000000782       0x2d c:/st/stm32cubeide_1.4.0/stm32cubeide/plugins/com.st.stm32cube.ide.mcu.externaltools.gnu-tools-for-stm32.7-2018-q2-update.win32_1.4.0.202007081208/tools/bin/../lib/gcc/arm-none-eabi/7.3.1/../../../../arm-none-eabi/lib/thumb/v7-m\libc_nano.a(lib_a-nano-freer.o)
 .ARM.attributes
                0x00000000000007af       0x2d c:/st/stm32cubeide_1.4.0/stm32cubeide/plugins/com.st.stm32cube.ide.mcu.externaltools.gnu-tools-for-stm32.7-2018-q2-update.win32_1.4.0.202007081208/tools/bin/../lib/gcc/arm-none-eabi/7.3.1/../../../../arm-none-eabi/lib/thumb/v7-m\libc_nano.a(lib_a-nano-mallocr.o)
 .ARM.attributes
                0x00000000000007dc       0x2d c:/st/stm32cubeide_1.4.0/stm32cubeide/plugins/com.st.stm32cube.ide.mcu.externaltools.gnu-tools-for-stm32.7-2018-q2-update.win32_1.4.0.202007081208/tools/bin/../lib/gcc/arm-none-eabi/7.3.1/../../../../arm-none-eabi/lib/thumb/v7-m\libc_nano.a(lib_a-nano-vfprintf.o)
 .ARM.attributes
                0x0000000000000809       0x2d c:/st/stm32cubeide_1.4.0/stm32cubeide/plugins/com.st.stm32cube.ide.mcu.externaltools.gnu-tools-for-stm32.7-2018-q2-update.win32_1.4.0.202007081208/tools/bin/../lib/gcc/arm-none-eabi/7.3.1/../../../../arm-none-eabi/lib/thumb/v7-m\libc_nano.a(lib_a-nano-vfprintf_i.o)
 .ARM.attributes
                0x0000000000000836       0x2d c:/st/stm32cubeide_1.4.0/stm32cubeide/plugins/com.st.stm32cube.ide.mcu.externaltools.gnu-tools-for-stm32.7-2018-q2-update.win32_1.4.0.202007081208/tools/bin/../lib/gcc/arm-none-eabi/7.3.1/../../../../arm-none-eabi/lib/thumb/v7-m\libc_nano.a(lib_a-sbrkr.o)
 .ARM.attributes
                0x0000000000000863       0x2d c:/st/stm32cubeide_1.4.0/stm32cubeide/plugins/com.st.stm32cube.ide.mcu.externaltools.gnu-tools-for-stm32.7-2018-q2-update.win32_1.4.0.202007081208/tools/bin/../lib/gcc/arm-none-eabi/7.3.1/../../../../arm-none-eabi/lib/thumb/v7-m\libc_nano.a(lib_a-stdio.o)
 .ARM.attributes
                0x0000000000000890       0x2d c:/st/stm32cubeide_1.4.0/stm32cubeide/plugins/com.st.stm32cube.ide.mcu.externaltools.gnu-tools-for-stm32.7-2018-q2-update.win32_1.4.0.202007081208/tools/bin/../lib/gcc/arm-none-eabi/7.3.1/../../../../arm-none-eabi/lib/thumb/v7-m\libc_nano.a(lib_a-wbuf.o)
 .ARM.attributes
                0x00000000000008bd       0x2d c:/st/stm32cubeide_1.4.0/stm32cubeide/plugins/com.st.stm32cube.ide.mcu.externaltools.gnu-tools-for-stm32.7-2018-q2-update.win32_1.4.0.202007081208/tools/bin/../lib/gcc/arm-none-eabi/7.3.1/../../../../arm-none-eabi/lib/thumb/v7-m\libc_nano.a(lib_a-writer.o)
 .ARM.attributes
                0x00000000000008ea       0x2d c:/st/stm32cubeide_1.4.0/stm32cubeide/plugins/com.st.stm32cube.ide.mcu.externaltools.gnu-tools-for-stm32.7-2018-q2-update.win32_1.4.0.202007081208/tools/bin/../lib/gcc/arm-none-eabi/7.3.1/../../../../arm-none-eabi/lib/thumb/v7-m\libc_nano.a(lib_a-wsetup.o)
 .ARM.attributes
                0x0000000000000917       0x2d c:/st/stm32cubeide_1.4.0/stm32cubeide/plugins/com.st.stm32cube.ide.mcu.externaltools.gnu-tools-for-stm32.7-2018-q2-update.win32_1.4.0.202007081208/tools/bin/../lib/gcc/arm-none-eabi/7.3.1/../../../../arm-none-eabi/lib/thumb/v7-m\libc_nano.a(lib_a-closer.o)
 .ARM.attributes
                0x0000000000000944       0x2d c:/st/stm32cubeide_1.4.0/stm32cubeide/plugins/com.st.stm32cube.ide.mcu.externaltools.gnu-tools-for-stm32.7-2018-q2-update.win32_1.4.0.202007081208/tools/bin/../lib/gcc/arm-none-eabi/7.3.1/../../../../arm-none-eabi/lib/thumb/v7-m\libc_nano.a(lib_a-fstatr.o)
 .ARM.attributes
                0x0000000000000971       0x2d c:/st/stm32cubeide_1.4.0/stm32cubeide/plugins/com.st.stm32cube.ide.mcu.externaltools.gnu-tools-for-stm32.7-2018-q2-update.win32_1.4.0.202007081208/tools/bin/../lib/gcc/arm-none-eabi/7.3.1/../../../../arm-none-eabi/lib/thumb/v7-m\libc_nano.a(lib_a-isattyr.o)
 .ARM.attributes
                0x000000000000099e       0x2d c:/st/stm32cubeide_1.4.0/stm32cubeide/plugins/com.st.stm32cube.ide.mcu.externaltools.gnu-tools-for-stm32.7-2018-q2-update.win32_1.4.0.202007081208/tools/bin/../lib/gcc/arm-none-eabi/7.3.1/../../../../arm-none-eabi/lib/thumb/v7-m\libc_nano.a(lib_a-lseekr.o)
 .ARM.attributes
                0x00000000000009cb       0x2d c:/st/stm32cubeide_1.4.0/stm32cubeide/plugins/com.st.stm32cube.ide.mcu.externaltools.gnu-tools-for-stm32.7-2018-q2-update.win32_1.4.0.202007081208/tools/bin/../lib/gcc/arm-none-eabi/7.3.1/../../../../arm-none-eabi/lib/thumb/v7-m\libc_nano.a(lib_a-memchr-stub.o)
 .ARM.attributes
                0x00000000000009f8       0x2d c:/st/stm32cubeide_1.4.0/stm32cubeide/plugins/com.st.stm32cube.ide.mcu.externaltools.gnu-tools-for-stm32.7-2018-q2-update.win32_1.4.0.202007081208/tools/bin/../lib/gcc/arm-none-eabi/7.3.1/../../../../arm-none-eabi/lib/thumb/v7-m\libc_nano.a(lib_a-mlock.o)
 .ARM.attributes
                0x0000000000000a25       0x2d c:/st/stm32cubeide_1.4.0/stm32cubeide/plugins/com.st.stm32cube.ide.mcu.externaltools.gnu-tools-for-stm32.7-2018-q2-update.win32_1.4.0.202007081208/tools/bin/../lib/gcc/arm-none-eabi/7.3.1/../../../../arm-none-eabi/lib/thumb/v7-m\libc_nano.a(lib_a-readr.o)
 .ARM.attributes
                0x0000000000000a52       0x2d c:/st/stm32cubeide_1.4.0/stm32cubeide/plugins/com.st.stm32cube.ide.mcu.externaltools.gnu-tools-for-stm32.7-2018-q2-update.win32_1.4.0.202007081208/tools/bin/../lib/gcc/arm-none-eabi/7.3.1/../../../../arm-none-eabi/lib/thumb/v7-m\libc_nano.a(lib_a-reent.o)
 .ARM.attributes
                0x0000000000000a7f       0x1d c:/st/stm32cubeide_1.4.0/stm32cubeide/plugins/com.st.stm32cube.ide.mcu.externaltools.gnu-tools-for-stm32.7-2018-q2-update.win32_1.4.0.202007081208/tools/bin/../lib/gcc/arm-none-eabi/7.3.1/thumb/v7-m/crtn.o
OUTPUT(F103-nucleo.elf elf32-littlearm)

.debug_info     0x0000000000000000    0x1366d
 .debug_info    0x0000000000000000      0xde5 Core/OS/debug/debug.o
 .debug_info    0x0000000000000de5     0x118e Core/OS/debug/retarget.o
 .debug_info    0x0000000000001f73      0xf37 Core/OS/scheduler/scheduler.o
 .debug_info    0x0000000000002eaa      0xd6c Core/OS/tasks/task.o
 .debug_info    0x0000000000003c16      0x227 Core/OS/time.o
 .debug_info    0x0000000000003e3d      0x378 Core/Src/dma.o
 .debug_info    0x00000000000041b5      0x35d Core/Src/gpio.o
 .debug_info    0x0000000000004512      0x864 Core/Src/i2c.o
 .debug_info    0x0000000000004d76     0x1679 Core/Src/main.o
 .debug_info    0x00000000000063ef      0x2d6 Core/Src/stm32f1xx_hal_msp.o
 .debug_info    0x00000000000066c5      0x9a3 Core/Src/stm32f1xx_it.o
 .debug_info    0x0000000000007068      0x985 Core/Src/sysmem.o
 .debug_info    0x00000000000079ed      0x29a Core/Src/system_stm32f1xx.o
 .debug_info    0x0000000000007c87      0x9ad Core/Src/tim.o
 .debug_info    0x0000000000008634      0x8f9 Core/Src/usart.o
 .debug_info    0x0000000000008f2d       0x22 Core/Startup/startup_stm32f103rbtx.o
 .debug_info    0x0000000000008f4f      0x714 Drivers/STM32F1xx_HAL_Driver/Src/stm32f1xx_hal.o
 .debug_info    0x0000000000009663      0xb51 Drivers/STM32F1xx_HAL_Driver/Src/stm32f1xx_hal_cortex.o
 .debug_info    0x000000000000a1b4      0x7b1 Drivers/STM32F1xx_HAL_Driver/Src/stm32f1xx_hal_dma.o
 .debug_info    0x000000000000a965      0x69b Drivers/STM32F1xx_HAL_Driver/Src/stm32f1xx_hal_gpio.o
 .debug_info    0x000000000000b000     0x2555 Drivers/STM32F1xx_HAL_Driver/Src/stm32f1xx_hal_i2c.o
 .debug_info    0x000000000000d555      0x80f Drivers/STM32F1xx_HAL_Driver/Src/stm32f1xx_hal_rcc.o
 .debug_info    0x000000000000dd64     0x27ef Drivers/STM32F1xx_HAL_Driver/Src/stm32f1xx_hal_tim.o
 .debug_info    0x0000000000010553     0x136f Drivers/STM32F1xx_HAL_Driver/Src/stm32f1xx_hal_tim_ex.o
 .debug_info    0x00000000000118c2     0x121b Drivers/STM32F1xx_HAL_Driver/Src/stm32f1xx_hal_uart.o
 .debug_info    0x0000000000012add      0xb90 Drivers/Src/Sequence_led.o

.debug_abbrev   0x0000000000000000     0x2d94
 .debug_abbrev  0x0000000000000000      0x1a2 Core/OS/debug/debug.o
 .debug_abbrev  0x00000000000001a2      0x201 Core/OS/debug/retarget.o
 .debug_abbrev  0x00000000000003a3      0x285 Core/OS/scheduler/scheduler.o
 .debug_abbrev  0x0000000000000628      0x232 Core/OS/tasks/task.o
 .debug_abbrev  0x000000000000085a      0x117 Core/OS/time.o
 .debug_abbrev  0x0000000000000971      0x107 Core/Src/dma.o
 .debug_abbrev  0x0000000000000a78      0x134 Core/Src/gpio.o
 .debug_abbrev  0x0000000000000bac      0x1aa Core/Src/i2c.o
 .debug_abbrev  0x0000000000000d56      0x230 Core/Src/main.o
 .debug_abbrev  0x0000000000000f86      0x109 Core/Src/stm32f1xx_hal_msp.o
 .debug_abbrev  0x000000000000108f      0x15a Core/Src/stm32f1xx_it.o
 .debug_abbrev  0x00000000000011e9      0x19b Core/Src/sysmem.o
 .debug_abbrev  0x0000000000001384      0x134 Core/Src/system_stm32f1xx.o
 .debug_abbrev  0x00000000000014b8      0x199 Core/Src/tim.o
 .debug_abbrev  0x0000000000001651      0x1a2 Core/Src/usart.o
 .debug_abbrev  0x00000000000017f3       0x12 Core/Startup/startup_stm32f103rbtx.o
 .debug_abbrev  0x0000000000001805      0x1c7 Drivers/STM32F1xx_HAL_Driver/Src/stm32f1xx_hal.o
 .debug_abbrev  0x00000000000019cc      0x2d5 Drivers/STM32F1xx_HAL_Driver/Src/stm32f1xx_hal_cortex.o
 .debug_abbrev  0x0000000000001ca1      0x1fe Drivers/STM32F1xx_HAL_Driver/Src/stm32f1xx_hal_dma.o
 .debug_abbrev  0x0000000000001e9f      0x1c0 Drivers/STM32F1xx_HAL_Driver/Src/stm32f1xx_hal_gpio.o
 .debug_abbrev  0x000000000000205f      0x258 Drivers/STM32F1xx_HAL_Driver/Src/stm32f1xx_hal_i2c.o
 .debug_abbrev  0x00000000000022b7      0x243 Drivers/STM32F1xx_HAL_Driver/Src/stm32f1xx_hal_rcc.o
 .debug_abbrev  0x00000000000024fa      0x230 Drivers/STM32F1xx_HAL_Driver/Src/stm32f1xx_hal_tim.o
 .debug_abbrev  0x000000000000272a      0x236 Drivers/STM32F1xx_HAL_Driver/Src/stm32f1xx_hal_tim_ex.o
 .debug_abbrev  0x0000000000002960      0x242 Drivers/STM32F1xx_HAL_Driver/Src/stm32f1xx_hal_uart.o
 .debug_abbrev  0x0000000000002ba2      0x1f2 Drivers/Src/Sequence_led.o

.debug_aranges  0x0000000000000000     0x1080
 .debug_aranges
                0x0000000000000000       0x20 Core/OS/debug/debug.o
 .debug_aranges
                0x0000000000000020       0x50 Core/OS/debug/retarget.o
 .debug_aranges
                0x0000000000000070       0x78 Core/OS/scheduler/scheduler.o
 .debug_aranges
                0x00000000000000e8       0x38 Core/OS/tasks/task.o
 .debug_aranges
                0x0000000000000120       0x20 Core/OS/time.o
 .debug_aranges
                0x0000000000000140       0x20 Core/Src/dma.o
 .debug_aranges
                0x0000000000000160       0x20 Core/Src/gpio.o
 .debug_aranges
                0x0000000000000180       0x30 Core/Src/i2c.o
 .debug_aranges
                0x00000000000001b0       0x40 Core/Src/main.o
 .debug_aranges
                0x00000000000001f0       0x20 Core/Src/stm32f1xx_hal_msp.o
 .debug_aranges
                0x0000000000000210       0x80 Core/Src/stm32f1xx_it.o
 .debug_aranges
                0x0000000000000290       0x20 Core/Src/sysmem.o
 .debug_aranges
                0x00000000000002b0       0x28 Core/Src/system_stm32f1xx.o
 .debug_aranges
                0x00000000000002d8       0x30 Core/Src/tim.o
 .debug_aranges
                0x0000000000000308       0x30 Core/Src/usart.o
 .debug_aranges
                0x0000000000000338       0x28 Core/Startup/startup_stm32f103rbtx.o
 .debug_aranges
                0x0000000000000360       0xe0 Drivers/STM32F1xx_HAL_Driver/Src/stm32f1xx_hal.o
 .debug_aranges
                0x0000000000000440      0x100 Drivers/STM32F1xx_HAL_Driver/Src/stm32f1xx_hal_cortex.o
 .debug_aranges
                0x0000000000000540       0x80 Drivers/STM32F1xx_HAL_Driver/Src/stm32f1xx_hal_dma.o
 .debug_aranges
                0x00000000000005c0       0x58 Drivers/STM32F1xx_HAL_Driver/Src/stm32f1xx_hal_gpio.o
 .debug_aranges
                0x0000000000000618      0x2a0 Drivers/STM32F1xx_HAL_Driver/Src/stm32f1xx_hal_i2c.o
 .debug_aranges
                0x00000000000008b8       0x90 Drivers/STM32F1xx_HAL_Driver/Src/stm32f1xx_hal_rcc.o
 .debug_aranges
                0x0000000000000948      0x3d0 Drivers/STM32F1xx_HAL_Driver/Src/stm32f1xx_hal_tim.o
 .debug_aranges
                0x0000000000000d18      0x168 Drivers/STM32F1xx_HAL_Driver/Src/stm32f1xx_hal_tim_ex.o
 .debug_aranges
                0x0000000000000e80      0x1d0 Drivers/STM32F1xx_HAL_Driver/Src/stm32f1xx_hal_uart.o
 .debug_aranges
                0x0000000000001050       0x30 Drivers/Src/Sequence_led.o

.debug_ranges   0x0000000000000000      0xf10
 .debug_ranges  0x0000000000000000       0x10 Core/OS/debug/debug.o
 .debug_ranges  0x0000000000000010       0x40 Core/OS/debug/retarget.o
 .debug_ranges  0x0000000000000050       0x68 Core/OS/scheduler/scheduler.o
 .debug_ranges  0x00000000000000b8       0x28 Core/OS/tasks/task.o
 .debug_ranges  0x00000000000000e0       0x10 Core/OS/time.o
 .debug_ranges  0x00000000000000f0       0x10 Core/Src/dma.o
 .debug_ranges  0x0000000000000100       0x10 Core/Src/gpio.o
 .debug_ranges  0x0000000000000110       0x20 Core/Src/i2c.o
 .debug_ranges  0x0000000000000130       0x30 Core/Src/main.o
 .debug_ranges  0x0000000000000160       0x10 Core/Src/stm32f1xx_hal_msp.o
 .debug_ranges  0x0000000000000170       0x70 Core/Src/stm32f1xx_it.o
 .debug_ranges  0x00000000000001e0       0x10 Core/Src/sysmem.o
 .debug_ranges  0x00000000000001f0       0x18 Core/Src/system_stm32f1xx.o
 .debug_ranges  0x0000000000000208       0x20 Core/Src/tim.o
 .debug_ranges  0x0000000000000228       0x20 Core/Src/usart.o
 .debug_ranges  0x0000000000000248       0x20 Core/Startup/startup_stm32f103rbtx.o
 .debug_ranges  0x0000000000000268       0xd0 Drivers/STM32F1xx_HAL_Driver/Src/stm32f1xx_hal.o
 .debug_ranges  0x0000000000000338       0xf0 Drivers/STM32F1xx_HAL_Driver/Src/stm32f1xx_hal_cortex.o
 .debug_ranges  0x0000000000000428       0x70 Drivers/STM32F1xx_HAL_Driver/Src/stm32f1xx_hal_dma.o
 .debug_ranges  0x0000000000000498       0x48 Drivers/STM32F1xx_HAL_Driver/Src/stm32f1xx_hal_gpio.o
 .debug_ranges  0x00000000000004e0      0x2b8 Drivers/STM32F1xx_HAL_Driver/Src/stm32f1xx_hal_i2c.o
 .debug_ranges  0x0000000000000798       0x80 Drivers/STM32F1xx_HAL_Driver/Src/stm32f1xx_hal_rcc.o
 .debug_ranges  0x0000000000000818      0x3c0 Drivers/STM32F1xx_HAL_Driver/Src/stm32f1xx_hal_tim.o
 .debug_ranges  0x0000000000000bd8      0x158 Drivers/STM32F1xx_HAL_Driver/Src/stm32f1xx_hal_tim_ex.o
 .debug_ranges  0x0000000000000d30      0x1c0 Drivers/STM32F1xx_HAL_Driver/Src/stm32f1xx_hal_uart.o
 .debug_ranges  0x0000000000000ef0       0x20 Drivers/Src/Sequence_led.o

.debug_macro    0x0000000000000000    0x1a95b
 .debug_macro   0x0000000000000000      0x31a Core/OS/debug/debug.o
 .debug_macro   0x000000000000031a      0xa5a Core/OS/debug/debug.o
 .debug_macro   0x0000000000000d74      0x227 Core/OS/debug/debug.o
 .debug_macro   0x0000000000000f9b       0x2e Core/OS/debug/debug.o
 .debug_macro   0x0000000000000fc9       0x22 Core/OS/debug/debug.o
 .debug_macro   0x0000000000000feb       0x22 Core/OS/debug/debug.o
 .debug_macro   0x000000000000100d       0x8e Core/OS/debug/debug.o
 .debug_macro   0x000000000000109b       0x51 Core/OS/debug/debug.o
 .debug_macro   0x00000000000010ec       0xef Core/OS/debug/debug.o
 .debug_macro   0x00000000000011db       0x6a Core/OS/debug/debug.o
 .debug_macro   0x0000000000001245      0x1df Core/OS/debug/debug.o
 .debug_macro   0x0000000000001424       0x1c Core/OS/debug/debug.o
 .debug_macro   0x0000000000001440       0x22 Core/OS/debug/debug.o
 .debug_macro   0x0000000000001462       0xc3 Core/OS/debug/debug.o
 .debug_macro   0x0000000000001525      0xd23 Core/OS/debug/debug.o
 .debug_macro   0x0000000000002248     0xe097 Core/OS/debug/debug.o
 .debug_macro   0x00000000000102df       0x43 Core/OS/debug/debug.o
 .debug_macro   0x0000000000010322     0x3468 Core/OS/debug/debug.o
 .debug_macro   0x000000000001378a      0x174 Core/OS/debug/debug.o
 .debug_macro   0x00000000000138fe       0x5c Core/OS/debug/debug.o
 .debug_macro   0x000000000001395a      0x5be Core/OS/debug/debug.o
 .debug_macro   0x0000000000013f18      0x289 Core/OS/debug/debug.o
 .debug_macro   0x00000000000141a1      0x1cb Core/OS/debug/debug.o
 .debug_macro   0x000000000001436c      0x114 Core/OS/debug/debug.o
 .debug_macro   0x0000000000014480      0x1b2 Core/OS/debug/debug.o
 .debug_macro   0x0000000000014632       0x27 Core/OS/debug/debug.o
 .debug_macro   0x0000000000014659      0x136 Core/OS/debug/debug.o
 .debug_macro   0x000000000001478f      0x1bc Core/OS/debug/debug.o
 .debug_macro   0x000000000001494b       0x34 Core/OS/debug/debug.o
 .debug_macro   0x000000000001497f       0x3c Core/OS/debug/debug.o
 .debug_macro   0x00000000000149bb       0x57 Core/OS/debug/debug.o
 .debug_macro   0x0000000000014a12       0x88 Core/OS/debug/debug.o
 .debug_macro   0x0000000000014a9a      0x241 Core/OS/debug/debug.o
 .debug_macro   0x0000000000014cdb      0x287 Core/OS/debug/debug.o
 .debug_macro   0x0000000000014f62      0x141 Core/OS/debug/debug.o
 .debug_macro   0x00000000000150a3      0x8d1 Core/OS/debug/debug.o
 .debug_macro   0x0000000000015974      0x26b Core/OS/debug/debug.o
 .debug_macro   0x0000000000015bdf       0x83 Core/OS/debug/debug.o
 .debug_macro   0x0000000000015c62       0x46 Core/OS/debug/debug.o
 .debug_macro   0x0000000000015ca8       0x18 Core/OS/debug/debug.o
 .debug_macro   0x0000000000015cc0       0x3c Core/OS/debug/debug.o
 .debug_macro   0x0000000000015cfc       0x34 Core/OS/debug/debug.o
 .debug_macro   0x0000000000015d30      0x32a Core/OS/debug/debug.o
 .debug_macro   0x000000000001605a       0x52 Core/OS/debug/debug.o
 .debug_macro   0x00000000000160ac       0x1f Core/OS/debug/debug.o
 .debug_macro   0x00000000000160cb       0x43 Core/OS/debug/debug.o
 .debug_macro   0x000000000001610e       0x20 Core/OS/debug/debug.o
 .debug_macro   0x000000000001612e      0x1a3 Core/OS/debug/debug.o
 .debug_macro   0x00000000000162d1       0x10 Core/OS/debug/debug.o
 .debug_macro   0x00000000000162e1       0x35 Core/OS/debug/debug.o
 .debug_macro   0x0000000000016316       0x10 Core/OS/debug/debug.o
 .debug_macro   0x0000000000016326       0x10 Core/OS/debug/debug.o
 .debug_macro   0x0000000000016336       0x10 Core/OS/debug/debug.o
 .debug_macro   0x0000000000016346       0x1c Core/OS/debug/debug.o
 .debug_macro   0x0000000000016362       0x52 Core/OS/debug/debug.o
 .debug_macro   0x00000000000163b4       0x40 Core/OS/debug/debug.o
 .debug_macro   0x00000000000163f4       0x10 Core/OS/debug/debug.o
 .debug_macro   0x0000000000016404       0x40 Core/OS/debug/debug.o
 .debug_macro   0x0000000000016444       0xd7 Core/OS/debug/debug.o
 .debug_macro   0x000000000001651b       0x1c Core/OS/debug/debug.o
 .debug_macro   0x0000000000016537       0x3d Core/OS/debug/debug.o
 .debug_macro   0x0000000000016574       0x35 Core/OS/debug/debug.o
 .debug_macro   0x00000000000165a9      0x122 Core/OS/debug/debug.o
 .debug_macro   0x00000000000166cb      0x3cf Core/OS/debug/retarget.o
 .debug_macro   0x0000000000016a9a       0x40 Core/OS/debug/retarget.o
 .debug_macro   0x0000000000016ada       0x94 Core/OS/debug/retarget.o
 .debug_macro   0x0000000000016b6e       0x1c Core/OS/debug/retarget.o
 .debug_macro   0x0000000000016b8a       0x10 Core/OS/debug/retarget.o
 .debug_macro   0x0000000000016b9a       0x57 Core/OS/debug/retarget.o
 .debug_macro   0x0000000000016bf1      0x23b Core/OS/debug/retarget.o
 .debug_macro   0x0000000000016e2c      0x330 Core/OS/debug/retarget.o
 .debug_macro   0x000000000001715c       0x82 Core/OS/debug/retarget.o
 .debug_macro   0x00000000000171de       0x2b Core/OS/debug/retarget.o
 .debug_macro   0x0000000000017209      0x118 Core/OS/debug/retarget.o
 .debug_macro   0x0000000000017321      0x189 Core/OS/debug/retarget.o
 .debug_macro   0x00000000000174aa       0x16 Core/OS/debug/retarget.o
 .debug_macro   0x00000000000174c0       0x1c Core/OS/debug/retarget.o
 .debug_macro   0x00000000000174dc       0x10 Core/OS/debug/retarget.o
 .debug_macro   0x00000000000174ec       0x10 Core/OS/debug/retarget.o
 .debug_macro   0x00000000000174fc       0x16 Core/OS/debug/retarget.o
 .debug_macro   0x0000000000017512      0x145 Core/OS/debug/retarget.o
 .debug_macro   0x0000000000017657       0xbd Core/OS/debug/retarget.o
 .debug_macro   0x0000000000017714       0x56 Core/OS/debug/retarget.o
 .debug_macro   0x000000000001776a      0x128 Core/OS/debug/retarget.o
 .debug_macro   0x0000000000017892      0x3cc Core/OS/scheduler/scheduler.o
 .debug_macro   0x0000000000017c5e       0x8e Core/OS/scheduler/scheduler.o
 .debug_macro   0x0000000000017cec       0x3a Core/OS/scheduler/scheduler.o
 .debug_macro   0x0000000000017d26       0x10 Core/OS/scheduler/scheduler.o
 .debug_macro   0x0000000000017d36       0x16 Core/OS/scheduler/scheduler.o
 .debug_macro   0x0000000000017d4c       0x16 Core/OS/scheduler/scheduler.o
 .debug_macro   0x0000000000017d62       0x20 Core/OS/scheduler/scheduler.o
 .debug_macro   0x0000000000017d82      0x3d2 Core/OS/tasks/task.o
 .debug_macro   0x0000000000018154      0x1b7 Core/OS/time.o
 .debug_macro   0x000000000001830b      0x1c6 Core/Src/dma.o
 .debug_macro   0x00000000000184d1       0x1c Core/Src/dma.o
 .debug_macro   0x00000000000184ed      0x1c6 Core/Src/gpio.o
 .debug_macro   0x00000000000186b3      0x1c6 Core/Src/i2c.o
 .debug_macro   0x0000000000018879      0x419 Core/Src/main.o
 .debug_macro   0x0000000000018c92      0x1bc Core/Src/stm32f1xx_hal_msp.o
 .debug_macro   0x0000000000018e4e      0x1c6 Core/Src/stm32f1xx_it.o
 .debug_macro   0x0000000000019014       0xee Core/Src/sysmem.o
 .debug_macro   0x0000000000019102      0x1ad Core/Src/system_stm32f1xx.o
 .debug_macro   0x00000000000192af      0x1c6 Core/Src/tim.o
 .debug_macro   0x0000000000019475      0x1c6 Core/Src/usart.o
 .debug_macro   0x000000000001963b      0x1d1 Drivers/STM32F1xx_HAL_Driver/Src/stm32f1xx_hal.o
 .debug_macro   0x000000000001980c      0x1ad Drivers/STM32F1xx_HAL_Driver/Src/stm32f1xx_hal_cortex.o
 .debug_macro   0x00000000000199b9      0x1ad Drivers/STM32F1xx_HAL_Driver/Src/stm32f1xx_hal_dma.o
 .debug_macro   0x0000000000019b66      0x218 Drivers/STM32F1xx_HAL_Driver/Src/stm32f1xx_hal_gpio.o
 .debug_macro   0x0000000000019d7e      0x1f4 Drivers/STM32F1xx_HAL_Driver/Src/stm32f1xx_hal_i2c.o
 .debug_macro   0x0000000000019f72      0x1bf Drivers/STM32F1xx_HAL_Driver/Src/stm32f1xx_hal_rcc.o
 .debug_macro   0x000000000001a131      0x1ae Drivers/STM32F1xx_HAL_Driver/Src/stm32f1xx_hal_tim.o
 .debug_macro   0x000000000001a2df      0x1ad Drivers/STM32F1xx_HAL_Driver/Src/stm32f1xx_hal_tim_ex.o
 .debug_macro   0x000000000001a48c      0x1ae Drivers/STM32F1xx_HAL_Driver/Src/stm32f1xx_hal_uart.o
 .debug_macro   0x000000000001a63a      0x321 Drivers/Src/Sequence_led.o

.debug_line     0x0000000000000000    0x10b54
 .debug_line    0x0000000000000000      0x872 Core/OS/debug/debug.o
 .debug_line    0x0000000000000872      0xa6e Core/OS/debug/retarget.o
 .debug_line    0x00000000000012e0      0xb7c Core/OS/scheduler/scheduler.o
 .debug_line    0x0000000000001e5c      0xa6c Core/OS/tasks/task.o
 .debug_line    0x00000000000028c8      0x698 Core/OS/time.o
 .debug_line    0x0000000000002f60      0x68b Core/Src/dma.o
 .debug_line    0x00000000000035eb      0x696 Core/Src/gpio.o
 .debug_line    0x0000000000003c81      0x6d6 Core/Src/i2c.o
 .debug_line    0x0000000000004357      0xb38 Core/Src/main.o
 .debug_line    0x0000000000004e8f      0x68f Core/Src/stm32f1xx_hal_msp.o
 .debug_line    0x000000000000551e      0x77a Core/Src/stm32f1xx_it.o
 .debug_line    0x0000000000005c98      0x4c7 Core/Src/sysmem.o
 .debug_line    0x000000000000615f      0x6b6 Core/Src/system_stm32f1xx.o
 .debug_line    0x0000000000006815      0x6c0 Core/Src/tim.o
 .debug_line    0x0000000000006ed5      0x6c7 Core/Src/usart.o
 .debug_line    0x000000000000759c       0x84 Core/Startup/startup_stm32f103rbtx.o
 .debug_line    0x0000000000007620      0x869 Drivers/STM32F1xx_HAL_Driver/Src/stm32f1xx_hal.o
 .debug_line    0x0000000000007e89      0x940 Drivers/STM32F1xx_HAL_Driver/Src/stm32f1xx_hal_cortex.o
 .debug_line    0x00000000000087c9      0xace Drivers/STM32F1xx_HAL_Driver/Src/stm32f1xx_hal_dma.o
 .debug_line    0x0000000000009297      0x865 Drivers/STM32F1xx_HAL_Driver/Src/stm32f1xx_hal_gpio.o
 .debug_line    0x0000000000009afc     0x1c0f Drivers/STM32F1xx_HAL_Driver/Src/stm32f1xx_hal_i2c.o
 .debug_line    0x000000000000b70b      0x929 Drivers/STM32F1xx_HAL_Driver/Src/stm32f1xx_hal_rcc.o
 .debug_line    0x000000000000c034     0x1fc2 Drivers/STM32F1xx_HAL_Driver/Src/stm32f1xx_hal_tim.o
 .debug_line    0x000000000000dff6     0x12d0 Drivers/STM32F1xx_HAL_Driver/Src/stm32f1xx_hal_tim_ex.o
 .debug_line    0x000000000000f2c6      0xfa7 Drivers/STM32F1xx_HAL_Driver/Src/stm32f1xx_hal_uart.o
 .debug_line    0x000000000001026d      0x8e7 Drivers/Src/Sequence_led.o

.debug_str      0x0000000000000000    0x8e693
 .debug_str     0x0000000000000000    0x886b5 Core/OS/debug/debug.o
                                      0x88ad8 (size before relaxing)
 .debug_str     0x00000000000886b5     0x1578 Core/OS/debug/retarget.o
                                      0x8a0a9 (size before relaxing)
 .debug_str     0x0000000000089c2d      0x9da Core/OS/scheduler/scheduler.o
                                      0x89737 (size before relaxing)
 .debug_str     0x000000000008a607      0x164 Core/OS/tasks/task.o
                                      0x89756 (size before relaxing)
 .debug_str     0x000000000008a76b       0x5b Core/OS/time.o
                                      0x8477d (size before relaxing)
 .debug_str     0x000000000008a7c6      0x338 Core/Src/dma.o
                                      0x84ab5 (size before relaxing)
 .debug_str     0x000000000008aafe       0x6c Core/Src/gpio.o
                                      0x8485b (size before relaxing)
 .debug_str     0x000000000008ab6a      0x29a Core/Src/i2c.o
                                      0x84d00 (size before relaxing)
 .debug_str     0x000000000008ae04      0x402 Core/Src/main.o
                                      0x89ead (size before relaxing)
 .debug_str     0x000000000008b206       0x5a Core/Src/stm32f1xx_hal_msp.o
                                      0x84813 (size before relaxing)
 .debug_str     0x000000000008b260      0x101 Core/Src/stm32f1xx_it.o
                                      0x84f26 (size before relaxing)
 .debug_str     0x000000000008b361       0x6b Core/Src/sysmem.o
                                       0x5f3c (size before relaxing)
 .debug_str     0x000000000008b3cc       0x52 Core/Src/system_stm32f1xx.o
                                      0x847a3 (size before relaxing)
 .debug_str     0x000000000008b41e       0xf7 Core/Src/tim.o
                                      0x8507a (size before relaxing)
 .debug_str     0x000000000008b515       0x57 Core/Src/usart.o
                                      0x84efb (size before relaxing)
 .debug_str     0x000000000008b56c       0x36 Core/Startup/startup_stm32f103rbtx.o
                                         0x6c (size before relaxing)
 .debug_str     0x000000000008b5a2      0x2da Drivers/STM32F1xx_HAL_Driver/Src/stm32f1xx_hal.o
                                      0x84e34 (size before relaxing)
 .debug_str     0x000000000008b87c      0x2f7 Drivers/STM32F1xx_HAL_Driver/Src/stm32f1xx_hal_cortex.o
                                      0x84e3c (size before relaxing)
 .debug_str     0x000000000008bb73      0x235 Drivers/STM32F1xx_HAL_Driver/Src/stm32f1xx_hal_dma.o
                                      0x84b7e (size before relaxing)
 .debug_str     0x000000000008bda8      0x31f Drivers/STM32F1xx_HAL_Driver/Src/stm32f1xx_hal_gpio.o
                                      0x84b67 (size before relaxing)
 .debug_str     0x000000000008c0c7      0xb3f Drivers/STM32F1xx_HAL_Driver/Src/stm32f1xx_hal_i2c.o
                                      0x857df (size before relaxing)
 .debug_str     0x000000000008cc06      0x23f Drivers/STM32F1xx_HAL_Driver/Src/stm32f1xx_hal_rcc.o
                                      0x84ba0 (size before relaxing)
 .debug_str     0x000000000008ce45      0xdbd Drivers/STM32F1xx_HAL_Driver/Src/stm32f1xx_hal_tim.o
                                      0x85b72 (size before relaxing)
 .debug_str     0x000000000008dc02      0x517 Drivers/STM32F1xx_HAL_Driver/Src/stm32f1xx_hal_tim_ex.o
                                      0x8534c (size before relaxing)
 .debug_str     0x000000000008e119      0x506 Drivers/STM32F1xx_HAL_Driver/Src/stm32f1xx_hal_uart.o
                                      0x850a6 (size before relaxing)
 .debug_str     0x000000000008e61f       0x74 Drivers/Src/Sequence_led.o
                                      0x88dc2 (size before relaxing)

.comment        0x0000000000000000       0x7b
 .comment       0x0000000000000000       0x7b Core/OS/debug/debug.o
                                         0x7c (size before relaxing)
 .comment       0x000000000000007b       0x7c Core/OS/debug/retarget.o
 .comment       0x000000000000007b       0x7c Core/OS/scheduler/scheduler.o
 .comment       0x000000000000007b       0x7c Core/OS/tasks/task.o
 .comment       0x000000000000007b       0x7c Core/OS/time.o
 .comment       0x000000000000007b       0x7c Core/Src/dma.o
 .comment       0x000000000000007b       0x7c Core/Src/gpio.o
 .comment       0x000000000000007b       0x7c Core/Src/i2c.o
 .comment       0x000000000000007b       0x7c Core/Src/main.o
 .comment       0x000000000000007b       0x7c Core/Src/stm32f1xx_hal_msp.o
 .comment       0x000000000000007b       0x7c Core/Src/stm32f1xx_it.o
 .comment       0x000000000000007b       0x7c Core/Src/sysmem.o
 .comment       0x000000000000007b       0x7c Core/Src/system_stm32f1xx.o
 .comment       0x000000000000007b       0x7c Core/Src/tim.o
 .comment       0x000000000000007b       0x7c Core/Src/usart.o
 .comment       0x000000000000007b       0x7c Drivers/STM32F1xx_HAL_Driver/Src/stm32f1xx_hal.o
 .comment       0x000000000000007b       0x7c Drivers/STM32F1xx_HAL_Driver/Src/stm32f1xx_hal_cortex.o
 .comment       0x000000000000007b       0x7c Drivers/STM32F1xx_HAL_Driver/Src/stm32f1xx_hal_dma.o
 .comment       0x000000000000007b       0x7c Drivers/STM32F1xx_HAL_Driver/Src/stm32f1xx_hal_gpio.o
 .comment       0x000000000000007b       0x7c Drivers/STM32F1xx_HAL_Driver/Src/stm32f1xx_hal_i2c.o
 .comment       0x000000000000007b       0x7c Drivers/STM32F1xx_HAL_Driver/Src/stm32f1xx_hal_rcc.o
 .comment       0x000000000000007b       0x7c Drivers/STM32F1xx_HAL_Driver/Src/stm32f1xx_hal_tim.o
 .comment       0x000000000000007b       0x7c Drivers/STM32F1xx_HAL_Driver/Src/stm32f1xx_hal_tim_ex.o
 .comment       0x000000000000007b       0x7c Drivers/STM32F1xx_HAL_Driver/Src/stm32f1xx_hal_uart.o
 .comment       0x000000000000007b       0x7c Drivers/Src/Sequence_led.o

.debug_frame    0x0000000000000000     0x4a5c
 .debug_frame   0x0000000000000000       0x2c Core/OS/debug/debug.o
 .debug_frame   0x000000000000002c      0x10c Core/OS/debug/retarget.o
 .debug_frame   0x0000000000000138      0x1c0 Core/OS/scheduler/scheduler.o
 .debug_frame   0x00000000000002f8       0xa8 Core/OS/tasks/task.o
 .debug_frame   0x00000000000003a0       0x34 Core/OS/time.o
 .debug_frame   0x00000000000003d4       0x34 Core/Src/dma.o
 .debug_frame   0x0000000000000408       0x34 Core/Src/gpio.o
 .debug_frame   0x000000000000043c       0x74 Core/Src/i2c.o
 .debug_frame   0x00000000000004b0       0xc4 Core/Src/main.o
 .debug_frame   0x0000000000000574       0x38 Core/Src/stm32f1xx_hal_msp.o
 .debug_frame   0x00000000000005ac      0x17c Core/Src/stm32f1xx_it.o
 .debug_frame   0x0000000000000728       0x34 Core/Src/sysmem.o