stm32f4xx_it.c:75:6:NMI_Handler	0	static
stm32f4xx_it.c:90:6:HardFault_Handler	0	static
stm32f4xx_it.c:105:6:MemManage_Handler	0	static
stm32f4xx_it.c:120:6:BusFault_Handler	0	static
stm32f4xx_it.c:135:6:UsageFault_Handler	0	static
stm32f4xx_it.c:150:6:SVC_Handler	0	static
stm32f4xx_it.c:163:6:DebugMon_Handler	0	static
stm32f4xx_it.c:176:6:PendSV_Handler	0	static
stm32f4xx_it.c:189:6:SysTick_Handler	8	static
stm32f4xx_it.c:210:6:DMA1_Stream0_IRQHandler	8	static
stm32f4xx_it.c:224:6:DMA1_Stream6_IRQHandler	8	static
stm32f4xx_it.c:238:6:USART1_IRQHandler	16	static
stm32f4xx_it.c:255:6:DMA2_Stream2_IRQHandler	8	static
stm32f4xx_it.c:269:6:DMA2_Stream7_IRQHandler	8	static
stm32f4xx_it.c:281:6:HAL_UART_TxCpltCallback	8	static
