scheduler.c:96:17:get_first_task	0	static
scheduler.c:101:17:get_next_task	0	static
scheduler.c:176:15:queu_contains	0	static
scheduler.c:105:17:task_process	16	static
scheduler.c:186:15:queu_add	24	static
scheduler.c:212:15:queu_remove	16	static
scheduler.c:31:6:SCHEDULER_init	8	static
scheduler.c:42:6:SCHEDULER_run	16	static
scheduler.c:78:6:SCHEDULER_task	0	static
scheduler.c:87:7:SCHEDULER_get_cpu_load	0	static
scheduler.c:150:6:SCHEDULER_enable_task	8	static
scheduler.c:157:6:SCHEDULER_task_set_mode	16	static,ignoring_inline_asm
scheduler.c:164:6:SCHEDULER_reschedule_task	8	static
