events.c:85:13:orientation_update	8	static,ignoring_inline_asm
events.c:77:13:acc_data_ready_func	8	static,ignoring_inline_asm
events.c:69:13:gyro_data_ready_func	8	static,ignoring_inline_asm
events.c:59:13:acc_init_ok_func	8	static,ignoring_inline_asm
events.c:51:13:gyro_init_ok_func	8	static,ignoring_inline_asm
events.c:96:6:EVENT_init	0	static
events.c:105:6:EVENT_process	32	static
events.c:145:8:EVENT_Check_flag	16	static
events.c:151:6:EVENT_Set_flag	8	static,ignoring_inline_asm
events.c:159:6:EVENT_Clean_flag	8	static,ignoring_inline_asm
