Archive member included to satisfy reference by file (symbol)

../Drivers/CMSIS/Lib/GCC\libarm_cortexM4lf_math.a(arm_mat_trans_f32.o)
                              Core/Kalman/Kalman.o (arm_mat_trans_f32)
../Drivers/CMSIS/Lib/GCC\libarm_cortexM4lf_math.a(arm_mat_sub_f32.o)
                              Core/Kalman/Kalman.o (arm_mat_sub_f32)
../Drivers/CMSIS/Lib/GCC\libarm_cortexM4lf_math.a(arm_mat_mult_f32.o)
                              Core/Kalman/Kalman.o (arm_mat_mult_f32)
../Drivers/CMSIS/Lib/GCC\libarm_cortexM4lf_math.a(arm_mat_inverse_f32.o)
                              Core/Kalman/Kalman.o (arm_mat_inverse_f32)
../Drivers/CMSIS/Lib/GCC\libarm_cortexM4lf_math.a(arm_mat_init_f32.o)
                              Core/Kalman/Kalman.o (arm_mat_init_f32)
../Drivers/CMSIS/Lib/GCC\libarm_cortexM4lf_math.a(arm_mat_add_f32.o)
                              Core/Kalman/Kalman.o (arm_mat_add_f32)
c:/st/stm32cubeide_1.4.0/stm32cubeide/plugins/com.st.stm32cube.ide.mcu.externaltools.gnu-tools-for-stm32.7-2018-q2-update.win32_1.5.0.202011040924/tools/bin/../lib/gcc/arm-none-eabi/7.3.1/../../../../arm-none-eabi/lib/thumb/v7e-m/fpv4-sp/hard\libc_nano.a(lib_a-errno.o)
                              Core/OS/debug/retarget.o (__errno)
c:/st/stm32cubeide_1.4.0/stm32cubeide/plugins/com.st.stm32cube.ide.mcu.externaltools.gnu-tools-for-stm32.7-2018-q2-update.win32_1.5.0.202011040924/tools/bin/../lib/gcc/arm-none-eabi/7.3.1/../../../../arm-none-eabi/lib/thumb/v7e-m/fpv4-sp/hard\libc_nano.a(lib_a-exit.o)
                              c:/st/stm32cubeide_1.4.0/stm32cubeide/plugins/com.st.stm32cube.ide.mcu.externaltools.gnu-tools-for-stm32.7-2018-q2-update.win32_1.5.0.202011040924/tools/bin/../lib/gcc/arm-none-eabi/7.3.1/../../../../arm-none-eabi/lib/thumb/v7e-m/fpv4-sp/hard/crt0.o (exit)
c:/st/stm32cubeide_1.4.0/stm32cubeide/plugins/com.st.stm32cube.ide.mcu.externaltools.gnu-tools-for-stm32.7-2018-q2-update.win32_1.5.0.202011040924/tools/bin/../lib/gcc/arm-none-eabi/7.3.1/../../../../arm-none-eabi/lib/thumb/v7e-m/fpv4-sp/hard\libc_nano.a(lib_a-impure.o)
                              c:/st/stm32cubeide_1.4.0/stm32cubeide/plugins/com.st.stm32cube.ide.mcu.externaltools.gnu-tools-for-stm32.7-2018-q2-update.win32_1.5.0.202011040924/tools/bin/../lib/gcc/arm-none-eabi/7.3.1/../../../../arm-none-eabi/lib/thumb/v7e-m/fpv4-sp/hard\libc_nano.a(lib_a-exit.o) (_global_impure_ptr)
c:/st/stm32cubeide_1.4.0/stm32cubeide/plugins/com.st.stm32cube.ide.mcu.externaltools.gnu-tools-for-stm32.7-2018-q2-update.win32_1.5.0.202011040924/tools/bin/../lib/gcc/arm-none-eabi/7.3.1/../../../../arm-none-eabi/lib/thumb/v7e-m/fpv4-sp/hard\libc_nano.a(lib_a-init.o)
                              c:/st/stm32cubeide_1.4.0/stm32cubeide/plugins/com.st.stm32cube.ide.mcu.externaltools.gnu-tools-for-stm32.7-2018-q2-update.win32_1.5.0.202011040924/tools/bin/../lib/gcc/arm-none-eabi/7.3.1/../../../../arm-none-eabi/lib/thumb/v7e-m/fpv4-sp/hard/crt0.o (__libc_init_array)
c:/st/stm32cubeide_1.4.0/stm32cubeide/plugins/com.st.stm32cube.ide.mcu.externaltools.gnu-tools-for-stm32.7-2018-q2-update.win32_1.5.0.202011040924/tools/bin/../lib/gcc/arm-none-eabi/7.3.1/../../../../arm-none-eabi/lib/thumb/v7e-m/fpv4-sp/hard\libc_nano.a(lib_a-memcpy-stub.o)
                              Core/Data_Logger/Data_logger.o (memcpy)
c:/st/stm32cubeide_1.4.0/stm32cubeide/plugins/com.st.stm32cube.ide.mcu.externaltools.gnu-tools-for-stm32.7-2018-q2-update.win32_1.5.0.202011040924/tools/bin/../lib/gcc/arm-none-eabi/7.3.1/../../../../arm-none-eabi/lib/thumb/v7e-m/fpv4-sp/hard\libc_nano.a(lib_a-memmove.o)
                              Core/OS/scheduler/scheduler.o (memmove)
c:/st/stm32cubeide_1.4.0/stm32cubeide/plugins/com.st.stm32cube.ide.mcu.externaltools.gnu-tools-for-stm32.7-2018-q2-update.win32_1.5.0.202011040924/tools/bin/../lib/gcc/arm-none-eabi/7.3.1/../../../../arm-none-eabi/lib/thumb/v7e-m/fpv4-sp/hard\libc_nano.a(lib_a-memset.o)
                              c:/st/stm32cubeide_1.4.0/stm32cubeide/plugins/com.st.stm32cube.ide.mcu.externaltools.gnu-tools-for-stm32.7-2018-q2-update.win32_1.5.0.202011040924/tools/bin/../lib/gcc/arm-none-eabi/7.3.1/../../../../arm-none-eabi/lib/thumb/v7e-m/fpv4-sp/hard/crt0.o (memset)
c:/st/stm32cubeide_1.4.0/stm32cubeide/plugins/com.st.stm32cube.ide.mcu.externaltools.gnu-tools-for-stm32.7-2018-q2-update.win32_1.5.0.202011040924/tools/bin/../lib/gcc/arm-none-eabi/7.3.1/../../../../arm-none-eabi/lib/thumb/v7e-m/fpv4-sp/hard\libc_nano.a(lib_a-nano-vfprintf_float.o)
                              (_printf_float)
c:/st/stm32cubeide_1.4.0/stm32cubeide/plugins/com.st.stm32cube.ide.mcu.externaltools.gnu-tools-for-stm32.7-2018-q2-update.win32_1.5.0.202011040924/tools/bin/../lib/gcc/arm-none-eabi/7.3.1/../../../../arm-none-eabi/lib/thumb/v7e-m/fpv4-sp/hard\libc_nano.a(lib_a-nano-vfprintf_i.o)
[...]
Memory Configuration

Name             Origin             Length             Attributes
CCMRAM           0x0000000010000000 0x0000000000010000 xrw
RAM              0x0000000020000000 0x0000000000020000 xrw
FLASH            0x0000000008000000 0x0000000000100000 xr
*default*        0x0000000000000000 0xffffffffffffffff

Linker script and memory map

LOAD c:/st/stm32cubeide_1.4.0/stm32cubeide/plugins/com.st.stm32cube.ide.mcu.externaltools.gnu-tools-for-stm32.7-2018-q2-update.win32_1.5.0.202011040924/tools/bin/../lib/gcc/arm-none-eabi/7.3.1/thumb/v7e-m/fpv4-sp/hard/crti.o
LOAD c:/st/stm32cubeide_1.4.0/stm32cubeide/plugins/com.st.stm32cube.ide.mcu.externaltools.gnu-tools-for-stm32.7-2018-q2-update.win32_1.5.0.202011040924/tools/bin/../lib/gcc/arm-none-eabi/7.3.1/thumb/v7e-m/fpv4-sp/hard/crtbegin.o
LOAD c:/st/stm32cubeide_1.4.0/stm32cubeide/plugins/com.st.stm32cube.ide.mcu.externaltools.gnu-tools-for-stm32.7-2018-q2-update.win32_1.5.0.202011040924/tools/bin/../lib/gcc/arm-none-eabi/7.3.1/../../../../arm-none-eabi/lib/thumb/v7e-m/fpv4-sp/hard/crt0.o
LOAD Core/Data_Logger/Data_logger.o
LOAD Core/Estimators/orientation.o
LOAD Core/High_lvl/High_lvl.o
LOAD Core/High_lvl/angle.o
LOAD Core/High_lvl/full_manual.o
LOAD Core/High_lvl/iddle.o
LOAD Core/Kalman/Kalman.o
LOAD Core/OS/debug/debug.o
LOAD Core/OS/debug/retarget.o
LOAD Core/OS/events/events.o
LOAD Core/OS/events/mask.o
LOAD Core/OS/events/mask_def.o
LOAD Core/OS/scheduler/scheduler.o
LOAD Core/OS/tasks/task.o
LOAD Core/OS/time.o
LOAD Core/Regulation/Regu_orientation.o
LOAD Core/Sensors/acc.o
LOAD Core/Sensors/gyro.o
LOAD Core/Sensors/mpu.o
LOAD Core/Simulation/simulation.o
LOAD Core/Src/dma.o
LOAD Core/Src/gpio.o
LOAD Core/Src/i2c.o
LOAD Core/Src/main.o
LOAD Core/Src/stm32f4xx_hal_msp.o
LOAD Core/Src/stm32f4xx_it.o
LOAD Core/Src/sysmem.o
LOAD Core/Src/system_stm32f4xx.o
LOAD Core/Src/tim.o
LOAD Core/Src/usart.o
LOAD Core/Startup/startup_stm32f407vgtx.o
LOAD Core/Telemetry/Telemetry.o
LOAD Drivers/STM32F4xx_HAL_Driver/Src/stm32f4xx_hal.o
LOAD Drivers/STM32F4xx_HAL_Driver/Src/stm32f4xx_hal_cortex.o
LOAD Drivers/STM32F4xx_HAL_Driver/Src/stm32f4xx_hal_dma.o
LOAD Drivers/STM32F4xx_HAL_Driver/Src/stm32f4xx_hal_dma_ex.o
LOAD Drivers/STM32F4xx_HAL_Driver/Src/stm32f4xx_hal_exti.o
LOAD Drivers/STM32F4xx_HAL_Driver/Src/stm32f4xx_hal_flash.o
LOAD Drivers/STM32F4xx_HAL_Driver/Src/stm32f4xx_hal_flash_ex.o
LOAD Drivers/STM32F4xx_HAL_Driver/Src/stm32f4xx_hal_flash_ramfunc.o
LOAD Drivers/STM32F4xx_HAL_Driver/Src/stm32f4xx_hal_gpio.o
LOAD Drivers/STM32F4xx_HAL_Driver/Src/stm32f4xx_hal_i2c.o
LOAD Drivers/STM32F4xx_HAL_Driver/Src/stm32f4xx_hal_i2c_ex.o
LOAD Drivers/STM32F4xx_HAL_Driver/Src/stm32f4xx_hal_pwr.o
LOAD Drivers/STM32F4xx_HAL_Driver/Src/stm32f4xx_hal_pwr_ex.o
LOAD Drivers/STM32F4xx_HAL_Driver/Src/stm32f4xx_hal_rcc.o
LOAD Drivers/STM32F4xx_HAL_Driver/Src/stm32f4xx_hal_rcc_ex.o
LOAD Drivers/STM32F4xx_HAL_Driver/Src/stm32f4xx_hal_tim.o
LOAD Drivers/STM32F4xx_HAL_Driver/Src/stm32f4xx_hal_tim_ex.o
LOAD Drivers/STM32F4xx_HAL_Driver/Src/stm32f4xx_hal_uart.o
LOAD Drivers/Src/Filters.o
LOAD Drivers/Src/Led_rgb.o
LOAD Drivers/Src/Motors.o
LOAD Drivers/Src/Pid.o
LOAD ../Drivers/CMSIS/Lib/GCC\libarm_cortexM4lf_math.a
START GROUP
LOAD c:/st/stm32cubeide_1.4.0/stm32cubeide/plugins/com.st.stm32cube.ide.mcu.externaltools.gnu-tools-for-stm32.7-2018-q2-update.win32_1.5.0.202011040924/tools/bin/../lib/gcc/arm-none-eabi/7.3.1/../../../../arm-none-eabi/lib/thumb/v7e-m/fpv4-sp/hard\libc_nano.a
LOAD c:/st/stm32cubeide_1.4.0/stm32cubeide/plugins/com.st.stm32cube.ide.mcu.externaltools.gnu-tools-for-stm32.7-2018-q2-update.win32_1.5.0.202011040924/tools/bin/../lib/gcc/arm-none-eabi/7.3.1/../../../../arm-none-eabi/lib/thumb/v7e-m/fpv4-sp/hard\libm.a
END GROUP
START GROUP
LOAD c:/st/stm32cubeide_1.4.0/stm32cubeide/plugins/com.st.stm32cube.ide.mcu.externaltools.gnu-tools-for-stm32.7-2018-q2-update.win32_1.5.0.202011040924/tools/bin/../lib/gcc/arm-none-eabi/7.3.1/thumb/v7e-m/fpv4-sp/hard\libgcc.a
LOAD c:/st/stm32cubeide_1.4.0/stm32cubeide/plugins/com.st.stm32cube.ide.mcu.externaltools.gnu-tools-for-stm32.7-2018-q2-update.win32_1.5.0.202011040924/tools/bin/../lib/gcc/arm-none-eabi/7.3.1/../../../../arm-none-eabi/lib/thumb/v7e-m/fpv4-sp/hard\libc_nano.a
END GROUP
START GROUP
LOAD c:/st/stm32cubeide_1.4.0/stm32cubeide/plugins/com.st.stm32cube.ide.mcu.externaltools.gnu-tools-for-stm32.7-2018-q2-update.win32_1.5.0.202011040924/tools/bin/../lib/gcc/arm-none-eabi/7.3.1/thumb/v7e-m/fpv4-sp/hard\libgcc.a
LOAD c:/st/stm32cubeide_1.4.0/stm32cubeide/plugins/com.st.stm32cube.ide.mcu.externaltools.gnu-tools-for-stm32.7-2018-q2-update.win32_1.5.0.202011040924/tools/bin/../lib/gcc/arm-none-eabi/7.3.1/../../../../arm-none-eabi/lib/thumb/v7e-m/fpv4-sp/hard\libc_nano.a
LOAD c:/st/stm32cubeide_1.4.0/stm32cubeide/plugins/com.st.stm32cube.ide.mcu.externaltools.gnu-tools-for-stm32.7-2018-q2-update.win32_1.5.0.202011040924/tools/bin/../lib/gcc/arm-none-eabi/7.3.1/../../../../arm-none-eabi/lib/thumb/v7e-m/fpv4-sp/hard\libnosys.a
END GROUP
START GROUP
LOAD c:/st/stm32cubeide_1.4.0/stm32cubeide/plugins/com.st.stm32cube.ide.mcu.externaltools.gnu-tools-for-stm32.7-2018-q2-update.win32_1.5.0.202011040924/tools/bin/../lib/gcc/arm-none-eabi/7.3.1/thumb/v7e-m/fpv4-sp/hard\libgcc.a
LOAD c:/st/stm32cubeide_1.4.0/stm32cubeide/plugins/com.st.stm32cube.ide.mcu.externaltools.gnu-tools-for-stm32.7-2018-q2-update.win32_1.5.0.202011040924/tools/bin/../lib/gcc/arm-none-eabi/7.3.1/../../../../arm-none-eabi/lib/thumb/v7e-m/fpv4-sp/hard\libc_nano.a
LOAD c:/st/stm32cubeide_1.4.0/stm32cubeide/plugins/com.st.stm32cube.ide.mcu.externaltools.gnu-tools-for-stm32.7-2018-q2-update.win32_1.5.0.202011040924/tools/bin/../lib/gcc/arm-none-eabi/7.3.1/../../../../arm-none-eabi/lib/thumb/v7e-m/fpv4-sp/hard\libnosys.a
END GROUP
LOAD c:/st/stm32cubeide_1.4.0/stm32cubeide/plugins/com.st.stm32cube.ide.mcu.externaltools.gnu-tools-for-stm32.7-2018-q2-update.win32_1.5.0.202011040924/tools/bin/../lib/gcc/arm-none-eabi/7.3.1/thumb/v7e-m/fpv4-sp/hard/crtend.o
LOAD c:/st/stm32cubeide_1.4.0/stm32cubeide/plugins/com.st.stm32cube.ide.mcu.externaltools.gnu-tools-for-stm32.7-2018-q2-update.win32_1.5.0.202011040924/tools/bin/../lib/gcc/arm-none-eabi/7.3.1/thumb/v7e-m/fpv4-sp/hard/crtn.o
                0x0000000020020000                _estack = (ORIGIN (RAM) + LENGTH (RAM))
                0x0000000000000200                _Min_Heap_Size = 0x200
                0x0000000000000400                _Min_Stack_Size = 0x400

.isr_vector     0x0000000008000000      0x188
                0x0000000008000000                . = ALIGN (0x4)
 *(.isr_vector)
 .isr_vector    0x0000000008000000      0x188 Core/Startup/startup_stm32f407vgtx.o
                0x0000000008000000                g_pfnVectors
                0x0000000008000188                . = ALIGN (0x4)

.text           0x0000000008000188     0x9644
                0x0000000008000188                . = ALIGN (0x4)
 *(.text)
 .text          0x0000000008000188       0x40 c:/st/stm32cubeide_1.4.0/stm32cubeide/plugins/com.st.stm32cube.ide.mcu.externaltools.gnu-tools-for-stm32.7-2018-q2-update.win32_1.5.0.202011040924/tools/bin/../lib/gcc/arm-none-eabi/7.3.1/thumb/v7e-m/fpv4-sp/hard/crtbegin.o
 .text          0x00000000080001c8       0x10 c:/st/stm32cubeide_1.4.0/stm32cubeide/plugins/com.st.stm32cube.ide.mcu.externaltools.gnu-tools-for-stm32.7-2018-q2-update.win32_1.5.0.202011040924/tools/bin/../lib/gcc/arm-none-eabi/7.3.1/../../../../arm-none-eabi/lib/thumb/v7e-m/fpv4-sp/hard\libc_nano.a(lib_a-strlen.o)
                0x00000000080001c8                strlen
 .text          0x00000000080001d8      0x378 c:/st/stm32cubeide_1.4.0/stm32cubeide/plugins/com.st.stm32cube.ide.mcu.externaltools.gnu-tools-for-stm32.7-2018-q2-update.win32_1.5.0.202011040924/tools/bin/../lib/gcc/arm-none-eabi/7.3.1/thumb/v7e-m/fpv4-sp/hard\libgcc.a(_arm_addsubdf3.o)
                0x00000000080001d8                __aeabi_drsub
                0x00000000080001e0                __aeabi_dsub
                0x00000000080001e0                __subdf3
                0x00000000080001e4                __aeabi_dadd
                0x00000000080001e4                __adddf3
                0x000000000800045c                __floatunsidf
                0x000000000800045c                __aeabi_ui2d
                0x000000000800047c                __floatsidf
                0x000000000800047c                __aeabi_i2d
                0x00000000080004a0                __aeabi_f2d
                0x00000000080004a0                __extendsfdf2
                0x00000000080004e4                __floatundidf
                0x00000000080004e4                __aeabi_ul2d
                0x00000000080004f4                __floatdidf
                0x00000000080004f4                __aeabi_l2d
 .text          0x0000000008000550      0x424 c:/st/stm32cubeide_1.4.0/stm32cubeide/plugins/com.st.stm32cube.ide.mcu.externaltools.gnu-tools-for-stm32.7-2018-q2-update.win32_1.5.0.202011040924/tools/bin/../lib/gcc/arm-none-eabi/7.3.1/thumb/v7e-m/fpv4-sp/hard\libgcc.a(_arm_muldivdf3.o)
                0x0000000008000550                __aeabi_dmul
                0x0000000008000550                __muldf3
                0x00000000080007a4                __divdf3
                0x00000000080007a4                __aeabi_ddiv
 .text          0x0000000008000974      0x110 c:/st/stm32cubeide_1.4.0/stm32cubeide/plugins/com.st.stm32cube.ide.mcu.externaltools.gnu-tools-for-stm32.7-2018-q2-update.win32_1.5.0.202011040924/tools/bin/../lib/gcc/arm-none-eabi/7.3.1/thumb/v7e-m/fpv4-sp/hard\libgcc.a(_arm_cmpdf2.o)
                0x0000000008000974                __gtdf2
                0x0000000008000974                __gedf2
                0x000000000800097c                __ltdf2
                0x000000000800097c                __ledf2
                0x0000000008000984                __nedf2
                0x0000000008000984                __eqdf2
                0x0000000008000984                __cmpdf2
                0x0000000008000a00                __aeabi_cdrcmple
                0x0000000008000a10                __aeabi_cdcmpeq
                0x0000000008000a10                __aeabi_cdcmple
                0x0000000008000a20                __aeabi_dcmpeq
                0x0000000008000a34                __aeabi_dcmplt
                0x0000000008000a48                __aeabi_dcmple
                0x0000000008000a5c                __aeabi_dcmpge
                0x0000000008000a70                __aeabi_dcmpgt
 .text          0x0000000008000a84       0x2c c:/st/stm32cubeide_1.4.0/stm32cubeide/plugins/com.st.stm32cube.ide.mcu.externaltools.gnu-tools-for-stm32.7-2018-q2-update.win32_1.5.0.202011040924/tools/bin/../lib/gcc/arm-none-eabi/7.3.1/thumb/v7e-m/fpv4-sp/hard\libgcc.a(_arm_unorddf2.o)
                0x0000000008000a84                __unorddf2
                0x0000000008000a84                __aeabi_dcmpun
 .text          0x0000000008000ab0       0x50 c:/st/stm32cubeide_1.4.0/stm32cubeide/plugins/com.st.stm32cube.ide.mcu.externaltools.gnu-tools-for-stm32.7-2018-q2-update.win32_1.5.0.202011040924/tools/bin/../lib/gcc/arm-none-eabi/7.3.1/thumb/v7e-m/fpv4-sp/hard\libgcc.a(_arm_fixdfsi.o)
                0x0000000008000ab0                __aeabi_d2iz
                0x0000000008000ab0                __fixdfsi
 .text          0x0000000008000b00       0xa0 c:/st/stm32cubeide_1.4.0/stm32cubeide/plugins/com.st.stm32cube.ide.mcu.externaltools.gnu-tools-for-stm32.7-2018-q2-update.win32_1.5.0.202011040924/tools/bin/../lib/gcc/arm-none-eabi/7.3.1/thumb/v7e-m/fpv4-sp/hard\libgcc.a(_arm_truncdfsf2.o)
                0x0000000008000b00                __truncdfsf2
                0x0000000008000b00                __aeabi_d2f
 .text          0x0000000008000ba0       0x30 c:/st/stm32cubeide_1.4.0/stm32cubeide/plugins/com.st.stm32cube.ide.mcu.externaltools.gnu-tools-for-stm32.7-2018-q2-update.win32_1.5.0.202011040924/tools/bin/../lib/gcc/arm-none-eabi/7.3.1/thumb/v7e-m/fpv4-sp/hard\libgcc.a(_aeabi_uldivmod.o)
                0x0000000008000ba0                __aeabi_uldivmod
 .text          0x0000000008000bd0      0x2cc c:/st/stm32cubeide_1.4.0/stm32cubeide/plugins/com.st.stm32cube.ide.mcu.externaltools.gnu-tools-for-stm32.7-2018-q2-update.win32_1.5.0.202011040924/tools/bin/../lib/gcc/arm-none-eabi/7.3.1/thumb/v7e-m/fpv4-sp/hard\libgcc.a(_udivmoddi4.o)
                0x0000000008000bd0                __udivmoddi4
 .text          0x0000000008000e9c        0x4 c:/st/stm32cubeide_1.4.0/stm32cubeide/plugins/com.st.stm32cube.ide.mcu.externaltools.gnu-tools-for-stm32.7-2018-q2-update.win32_1.5.0.202011040924/tools/bin/../lib/gcc/arm-none-eabi/7.3.1/thumb/v7e-m/fpv4-sp/hard\libgcc.a(_dvmd_tls.o)
                0x0000000008000e9c                __aeabi_idiv0
                0x0000000008000e9c                __aeabi_ldiv0
 *(.text*)
 .text.DATA_LOGGER_Init
                0x0000000008000ea0      0x410 Core/Data_Logger/Data_logger.o
                0x0000000008000ea0                DATA_LOGGER_Init
 .text.DATA_LOGGER_Main
                0x00000000080012b0      0x2cc Core/Data_Logger/Data_logger.o
                0x00000000080012b0                DATA_LOGGER_Main
 .text.DATA_LOGGER_Reception
                0x000000000800157c       0xa8 Core/Data_Logger/Data_logger.o
                0x000000000800157c                DATA_LOGGER_Reception
 .text.DATA_LOGGER_Get_Data
                0x0000000008001624       0x10 Core/Data_Logger/Data_logger.o
                0x0000000008001624                DATA_LOGGER_Get_Data
 .text.ORIENTATION_Init
                0x0000000008001634       0x40 Core/Estimators/orientation.o
                0x0000000008001634                ORIENTATION_Init
 .text.ORIENTATION_Update
                0x0000000008001674      0x144 Core/Estimators/orientation.o
                0x0000000008001674                ORIENTATION_Update
 .text.HIGH_LVL_Init
                0x00000000080017b8       0x14 Core/High_lvl/High_lvl.o
                0x00000000080017b8                HIGH_LVL_Init
 .text.HIGH_LVL_Set_Mode
                0x00000000080017cc        0xc Core/High_lvl/High_lvl.o
                0x00000000080017cc                HIGH_LVL_Set_Mode
 .text.HIGH_LVL_Main
                0x00000000080017d8       0x64 Core/High_lvl/High_lvl.o
                0x00000000080017d8                HIGH_LVL_Main
 .text.angle_entrance
                0x000000000800183c        0x8 Core/High_lvl/angle.o
                0x000000000800183c                angle_entrance
 .text.angle_main
                0x0000000008001844        0x4 Core/High_lvl/angle.o
                0x0000000008001844                angle_main
 .text.full_manual_entrance
                0x0000000008001848        0x8 Core/High_lvl/full_manual.o
                0x0000000008001848                full_manual_entrance
 .text.full_manual_main
                0x0000000008001850        0x4 Core/High_lvl/full_manual.o
                0x0000000008001850                full_manual_main
 .text.idle_entrance
                0x0000000008001854        0x8 Core/High_lvl/iddle.o
                0x0000000008001854                idle_entrance
 .text.idle_main
                0x000000000800185c        0x4 Core/High_lvl/iddle.o
                0x000000000800185c                idle_main
 .text.DEBUG_init
                0x0000000008001860       0x1c Core/OS/debug/debug.o
                0x0000000008001860                DEBUG_init
 .text.RetargetInit
                0x000000000800187c       0x1c Core/OS/debug/retarget.o
                0x000000000800187c                RetargetInit
 .text._isatty  0x0000000008001898       0x18 Core/OS/debug/retarget.o
                0x0000000008001898                _isatty
 .text._write   0x00000000080018b0       0x34 Core/OS/debug/retarget.o
                0x00000000080018b0                _write
 .text._close   0x00000000080018e4       0x18 Core/OS/debug/retarget.o
                0x00000000080018e4                _close
 .text._lseek   0x00000000080018fc       0x10 Core/OS/debug/retarget.o
                0x00000000080018fc                _lseek
 .text._read    0x000000000800190c       0x30 Core/OS/debug/retarget.o
                0x000000000800190c                _read
 .text._fstat   0x000000000800193c       0x1c Core/OS/debug/retarget.o
                0x000000000800193c                _fstat
 .text.orientation_update
                0x0000000008001958       0x28 Core/OS/events/events.o
 .text.acc_data_ready_func
                0x0000000008001980       0x20 Core/OS/events/events.o
 .text.gyro_data_ready_func
                0x00000000080019a0       0x20 Core/OS/events/events.o
 .text.acc_init_ok_func
                0x00000000080019c0       0x30 Core/OS/events/events.o
 .text.gyro_init_ok_func
                0x00000000080019f0       0x30 Core/OS/events/events.o
 .text.EVENT_init
                0x0000000008001a20        0xc Core/OS/events/events.o
                0x0000000008001a20                EVENT_init
 .text.EVENT_process
                0x0000000008001a2c       0xdc Core/OS/events/events.o
                0x0000000008001a2c                EVENT_process
 .text.EVENT_Set_flag
                0x0000000008001b08       0x20 Core/OS/events/events.o
                0x0000000008001b08                EVENT_Set_flag
 .text.EVENT_Clean_flag
                0x0000000008001b28       0x20 Core/OS/events/events.o
                0x0000000008001b28                EVENT_Clean_flag
 .text.Mask_test_and
                0x0000000008001b48       0x30 Core/OS/events/mask.o
                0x0000000008001b48                Mask_test_and
 .text.Mask_test_or
                0x0000000008001b78       0x34 Core/OS/events/mask.o
                0x0000000008001b78                Mask_test_or
 .text.MASK_set_flag
                0x0000000008001bac       0x2c Core/OS/events/mask.o
                0x0000000008001bac                MASK_set_flag
 .text.MASK_clean_flag
                0x0000000008001bd8       0x2c Core/OS/events/mask.o
                0x0000000008001bd8                MASK_clean_flag
 .text.mask_def_events_init
                0x0000000008001c04       0x90 Core/OS/events/mask_def.o
                0x0000000008001c04                mask_def_events_init
 .text.SCHEDULER_init
                0x0000000008001c94       0x14 Core/OS/scheduler/scheduler.o
                0x0000000008001c94                SCHEDULER_init
 .text.SCHEDULER_run
                0x0000000008001ca8      0x268 Core/OS/scheduler/scheduler.o
                0x0000000008001ca8                SCHEDULER_run
 .text.SCHEDULER_task
                0x0000000008001f10       0x3c Core/OS/scheduler/scheduler.o
                0x0000000008001f10                SCHEDULER_task
 .text.SCHEDULER_get_cpu_load
                0x0000000008001f4c      0x1fc Core/OS/scheduler/scheduler.o
                0x0000000008001f4c                SCHEDULER_get_cpu_load
 .text.SCHEDULER_enable_task
                0x0000000008002148      0x400 Core/OS/scheduler/scheduler.o
                0x0000000008002148                SCHEDULER_enable_task
 .text.SCHEDULER_task_set_mode
                0x0000000008002548       0x34 Core/OS/scheduler/scheduler.o
                0x0000000008002548                SCHEDULER_task_set_mode
 .text.SCHEDULER_reschedule_task
                0x000000000800257c        0xc Core/OS/scheduler/scheduler.o
                0x000000000800257c                SCHEDULER_reschedule_task
 .text.process_printf
                0x0000000008002588        0x4 Core/OS/tasks/task.o
                0x0000000008002588                process_printf
 .text.process_gyro_update
                0x000000000800258c        0xc Core/OS/tasks/task.o
                0x000000000800258c                process_gyro_update
 .text.process_gyro_filter
                0x0000000008002598        0xc Core/OS/tasks/task.o
                0x0000000008002598                process_gyro_filter
 .text.process_acc_filter
                0x00000000080025a4       0x10 Core/OS/tasks/task.o
                0x00000000080025a4                process_acc_filter
 .text.process_event_main
                0x00000000080025b4        0x8 Core/OS/tasks/task.o
                0x00000000080025b4                process_event_main
 .text.process_orientation_update
                0x00000000080025bc       0x24 Core/OS/tasks/task.o
                0x00000000080025bc                process_orientation_update
 .text.process_task_scheduler
                0x00000000080025e0        0x4 Core/OS/tasks/task.o
                0x00000000080025e0                process_task_scheduler
 .text.process_telemetry
                0x00000000080025e4        0x4 Core/OS/tasks/task.o
                0x00000000080025e4                process_telemetry
 .text.process_logger
                0x00000000080025e8        0x4 Core/OS/tasks/task.o
                0x00000000080025e8                process_logger
 .text.process_high_lvl
                0x00000000080025ec        0x4 Core/OS/tasks/task.o
                0x00000000080025ec                process_high_lvl
 .text.process_stuff_made_here
                0x00000000080025f0       0x18 Core/OS/tasks/task.o
                0x00000000080025f0                process_stuff_made_here
 .text.process_self_test
                0x0000000008002608       0x14 Core/OS/tasks/task.o
                0x0000000008002608                process_self_test
 .text.process_acc_update
                0x000000000800261c        0x4 Core/OS/tasks/task.o
                0x000000000800261c                process_acc_update
 .text.tasks_init
                0x0000000008002620       0x70 Core/OS/tasks/task.o
                0x0000000008002620                tasks_init
 .text.TASK_get_task
                0x0000000008002690       0x10 Core/OS/tasks/task.o
                0x0000000008002690                TASK_get_task
 .text.TIME_us  0x00000000080026a0       0x40 Core/OS/time.o
                0x00000000080026a0                TIME_us
 .text.REGULATION_ORIENTATION_Init
                0x00000000080026e0       0x4c Core/Regulation/Regu_orientation.o
                0x00000000080026e0                REGULATION_ORIENTATION_Init
 .text.REGULATION_ORIENTATION_Set_Regulation_Mode
                0x000000000800272c        0xc Core/Regulation/Regu_orientation.o
                0x000000000800272c                REGULATION_ORIENTATION_Set_Regulation_Mode
 .text.REGULATION_ORIENTATION_Process
                0x0000000008002738      0x110 Core/Regulation/Regu_orientation.o
                0x0000000008002738                REGULATION_ORIENTATION_Process
 .text.acc_data_callback
                0x0000000008002848        0x8 Core/Sensors/acc.o
 .text.ACC_init
                0x0000000008002850       0x58 Core/Sensors/acc.o
                0x0000000008002850                ACC_init
 .text.ACC_process_lpf
                0x00000000080028a8       0x70 Core/Sensors/acc.o
                0x00000000080028a8                ACC_process_lpf
 .text.gyro_data_callback
                0x0000000008002918        0x8 Core/Sensors/gyro.o
 .text.GYRO_init
                0x0000000008002920       0x5c Core/Sensors/gyro.o
                0x0000000008002920                GYRO_init
 .text.GYRO_ACC_update_dma
                0x000000000800297c       0x20 Core/Sensors/gyro.o
                0x000000000800297c                GYRO_ACC_update_dma
 .text.GYRO_process_lpf
                0x000000000800299c       0x70 Core/Sensors/gyro.o
                0x000000000800299c                GYRO_process_lpf
 .text.MPU_init
                0x0000000008002a0c       0xa0 Core/Sensors/mpu.o
                0x0000000008002a0c                MPU_init
 .text.MPU_init_gyro
                0x0000000008002aac       0xac Core/Sensors/mpu.o
                0x0000000008002aac                MPU_init_gyro
 .text.MPU_init_acc
                0x0000000008002b58       0xa4 Core/Sensors/mpu.o
                0x0000000008002b58                MPU_init_acc
 .text.MPU_update_all_dma
                0x0000000008002bfc       0x3c Core/Sensors/mpu.o
                0x0000000008002bfc                MPU_update_all_dma
 .text.HAL_I2C_MemRxCpltCallback
                0x0000000008002c38      0x1b8 Core/Sensors/mpu.o
                0x0000000008002c38                HAL_I2C_MemRxCpltCallback
 .text.STATE_SPACE_Init
                0x0000000008002df0       0x2c Core/Simulation/simulation.o
                0x0000000008002df0                STATE_SPACE_Init
 .text.STATE_SPACE_Step
                0x0000000008002e1c       0x18 Core/Simulation/simulation.o
                0x0000000008002e1c                STATE_SPACE_Step
 .text.MX_DMA_Init
                0x0000000008002e34       0x7c Core/Src/dma.o
                0x0000000008002e34                MX_DMA_Init
 .text.MX_GPIO_Init
                0x0000000008002eb0       0x4c Core/Src/gpio.o
                0x0000000008002eb0                MX_GPIO_Init
 .text.MX_I2C1_Init
                0x0000000008002efc       0x40 Core/Src/i2c.o
                0x0000000008002efc                MX_I2C1_Init
 .text.HAL_I2C_MspInit
                0x0000000008002f3c       0xf0 Core/Src/i2c.o
                0x0000000008002f3c                HAL_I2C_MspInit
 .text.SystemClock_Config
                0x000000000800302c       0xa0 Core/Src/main.o
                0x000000000800302c                SystemClock_Config
 .text.startup.main
                0x00000000080030cc       0xe8 Core/Src/main.o
                0x00000000080030cc                main
 .text.Error_Handler
                0x00000000080031b4        0x4 Core/Src/main.o
                0x00000000080031b4                Error_Handler
 .text.HAL_MspInit
                0x00000000080031b8       0x38 Core/Src/stm32f4xx_hal_msp.o
                0x00000000080031b8                HAL_MspInit
 .text.NMI_Handler
                0x00000000080031f0        0x4 Core/Src/stm32f4xx_it.o
                0x00000000080031f0                NMI_Handler
 .text.HardFault_Handler
                0x00000000080031f4        0x4 Core/Src/stm32f4xx_it.o
                0x00000000080031f4                HardFault_Handler
 .text.MemManage_Handler
                0x00000000080031f8        0x4 Core/Src/stm32f4xx_it.o
                0x00000000080031f8                MemManage_Handler
 .text.BusFault_Handler
                0x00000000080031fc        0x4 Core/Src/stm32f4xx_it.o
                0x00000000080031fc                BusFault_Handler
 .text.UsageFault_Handler
                0x0000000008003200        0x4 Core/Src/stm32f4xx_it.o
                0x0000000008003200                UsageFault_Handler
 .text.SVC_Handler
                0x0000000008003204        0x4 Core/Src/stm32f4xx_it.o
                0x0000000008003204                SVC_Handler
 .text.DebugMon_Handler
                0x0000000008003208        0x4 Core/Src/stm32f4xx_it.o
                0x0000000008003208                DebugMon_Handler
 .text.PendSV_Handler
                0x000000000800320c        0x4 Core/Src/stm32f4xx_it.o
                0x000000000800320c                PendSV_Handler
 .text.SysTick_Handler
                0x0000000008003210        0x4 Core/Src/stm32f4xx_it.o
                0x0000000008003210                SysTick_Handler
 .text.DMA1_Stream0_IRQHandler
                0x0000000008003214        0xc Core/Src/stm32f4xx_it.o
                0x0000000008003214                DMA1_Stream0_IRQHandler
 .text.DMA1_Stream6_IRQHandler
                0x0000000008003220        0xc Core/Src/stm32f4xx_it.o
                0x0000000008003220                DMA1_Stream6_IRQHandler
 .text.USART1_IRQHandler
                0x000000000800322c       0x30 Core/Src/stm32f4xx_it.o
                0x000000000800322c                USART1_IRQHandler
 .text.DMA2_Stream2_IRQHandler
                0x000000000800325c        0xc Core/Src/stm32f4xx_it.o
                0x000000000800325c                DMA2_Stream2_IRQHandler
 .text.DMA2_Stream7_IRQHandler
                0x0000000008003268        0xc Core/Src/stm32f4xx_it.o
                0x0000000008003268                DMA2_Stream7_IRQHandler
 .text.HAL_UART_TxCpltCallback
                0x0000000008003274       0x10 Core/Src/stm32f4xx_it.o
                0x0000000008003274                HAL_UART_TxCpltCallback
 .text._sbrk    0x0000000008003284       0x44 Core/Src/sysmem.o
                0x0000000008003284                _sbrk
 .text.SystemInit
                0x00000000080032c8       0x1c Core/Src/system_stm32f4xx.o
                0x00000000080032c8                SystemInit
 .text.MX_TIM1_Init
                0x00000000080032e4      0x134 Core/Src/tim.o
                0x00000000080032e4                MX_TIM1_Init
 .text.HAL_TIM_Base_MspInit
                0x0000000008003418       0x30 Core/Src/tim.o
                0x0000000008003418                HAL_TIM_Base_MspInit
 .text.MX_USART1_UART_Init
                0x0000000008003448       0x3c Core/Src/usart.o
                0x0000000008003448                MX_USART1_UART_Init
 .text.HAL_UART_MspInit
                0x0000000008003484       0xfc Core/Src/usart.o
                0x0000000008003484                HAL_UART_MspInit
 .text.Reset_Handler
                0x0000000008003580       0x50 Core/Startup/startup_stm32f407vgtx.o
                0x0000000008003580                Reset_Handler
 .text.Default_Handler
                0x00000000080035d0        0x2 Core/Startup/startup_stm32f407vgtx.o
                0x00000000080035d0                RTC_Alarm_IRQHandler
                0x00000000080035d0                HASH_RNG_IRQHandler
                0x00000000080035d0                EXTI2_IRQHandler
                0x00000000080035d0                TIM8_CC_IRQHandler
                0x00000000080035d0                TIM1_CC_IRQHandler
                0x00000000080035d0                DMA2_Stream5_IRQHandler
                0x00000000080035d0                DMA1_Stream5_IRQHandler
                0x00000000080035d0                PVD_IRQHandler
                0x00000000080035d0                SDIO_IRQHandler
                0x00000000080035d0                TAMP_STAMP_IRQHandler
                0x00000000080035d0                CAN2_RX1_IRQHandler
                0x00000000080035d0                EXTI3_IRQHandler
                0x00000000080035d0                TIM8_TRG_COM_TIM14_IRQHandler
                0x00000000080035d0                TIM1_UP_TIM10_IRQHandler
                0x00000000080035d0                TIM8_UP_TIM13_IRQHandler
                0x00000000080035d0                I2C3_ER_IRQHandler
                0x00000000080035d0                EXTI0_IRQHandler
                0x00000000080035d0                I2C2_EV_IRQHandler
                0x00000000080035d0                DMA1_Stream2_IRQHandler
                0x00000000080035d0                CAN1_RX0_IRQHandler
                0x00000000080035d0                FPU_IRQHandler
                0x00000000080035d0                OTG_HS_WKUP_IRQHandler
                0x00000000080035d0                CAN2_SCE_IRQHandler
                0x00000000080035d0                SPI1_IRQHandler
                0x00000000080035d0                TIM6_DAC_IRQHandler
                0x00000000080035d0                TIM1_BRK_TIM9_IRQHandler
                0x00000000080035d0                DCMI_IRQHandler
                0x00000000080035d0                CAN2_RX0_IRQHandler
                0x00000000080035d0                DMA2_Stream3_IRQHandler
                0x00000000080035d0                USART6_IRQHandler
                0x00000000080035d0                USART3_IRQHandler
                0x00000000080035d0                CAN1_RX1_IRQHandler
                0x00000000080035d0                UART5_IRQHandler
                0x00000000080035d0                DMA2_Stream0_IRQHandler
                0x00000000080035d0                TIM4_IRQHandler
                0x00000000080035d0                I2C1_EV_IRQHandler
                0x00000000080035d0                DMA1_Stream1_IRQHandler
                0x00000000080035d0                UART4_IRQHandler
                0x00000000080035d0                TIM3_IRQHandler
                0x00000000080035d0                RCC_IRQHandler
                0x00000000080035d0                TIM8_BRK_TIM12_IRQHandler
                0x00000000080035d0                Default_Handler
                0x00000000080035d0                EXTI15_10_IRQHandler
                0x00000000080035d0                ADC_IRQHandler
                0x00000000080035d0                DMA1_Stream7_IRQHandler
                0x00000000080035d0                TIM7_IRQHandler
                0x00000000080035d0                CAN2_TX_IRQHandler
                0x00000000080035d0                TIM5_IRQHandler
                0x00000000080035d0                I2C3_EV_IRQHandler
                0x00000000080035d0                EXTI9_5_IRQHandler
                0x00000000080035d0                RTC_WKUP_IRQHandler
                0x00000000080035d0                ETH_WKUP_IRQHandler
                0x00000000080035d0                SPI2_IRQHandler
                0x00000000080035d0                OTG_HS_EP1_IN_IRQHandler
                0x00000000080035d0                CAN1_TX_IRQHandler
                0x00000000080035d0                EXTI4_IRQHandler
                0x00000000080035d0                FSMC_IRQHandler
                0x00000000080035d0                ETH_IRQHandler
                0x00000000080035d0                OTG_HS_EP1_OUT_IRQHandler
                0x00000000080035d0                WWDG_IRQHandler
                0x00000000080035d0                TIM2_IRQHandler
                0x00000000080035d0                OTG_FS_WKUP_IRQHandler
                0x00000000080035d0                TIM1_TRG_COM_TIM11_IRQHandler
                0x00000000080035d0                OTG_HS_IRQHandler
                0x00000000080035d0                EXTI1_IRQHandler
                0x00000000080035d0                USART2_IRQHandler
                0x00000000080035d0                I2C2_ER_IRQHandler
                0x00000000080035d0                DMA2_Stream1_IRQHandler
                0x00000000080035d0                CAN1_SCE_IRQHandler
                0x00000000080035d0                FLASH_IRQHandler
                0x00000000080035d0                DMA2_Stream4_IRQHandler
                0x00000000080035d0                OTG_FS_IRQHandler
                0x00000000080035d0                SPI3_IRQHandler
                0x00000000080035d0                DMA1_Stream4_IRQHandler
                0x00000000080035d0                I2C1_ER_IRQHandler
                0x00000000080035d0                DMA2_Stream6_IRQHandler
                0x00000000080035d0                DMA1_Stream3_IRQHandler
 *fill*         0x00000000080035d2        0x2 
 .text.TELEMETRY_Init
                0x00000000080035d4       0x3c Core/Telemetry/Telemetry.o
                0x00000000080035d4                TELEMETRY_Init
 .text.TELEMETRY_Process
                0x0000000008003610      0x114 Core/Telemetry/Telemetry.o
                0x0000000008003610                TELEMETRY_Process
 .text.TELEMETRY_Send_Data
                0x0000000008003724       0xe4 Core/Telemetry/Telemetry.o
                0x0000000008003724                TELEMETRY_Send_Data
 .text.TELEMETRY_Idle_Line_Detection
                0x0000000008003808       0x1c Core/Telemetry/Telemetry.o
                0x0000000008003808                TELEMETRY_Idle_Line_Detection
 .text.TELEMETRY_TxCpltCallback
                0x0000000008003824       0x58 Core/Telemetry/Telemetry.o
                0x0000000008003824                TELEMETRY_TxCpltCallback
 .text.HAL_InitTick
                0x000000000800387c       0x48 Drivers/STM32F4xx_HAL_Driver/Src/stm32f4xx_hal.o
                0x000000000800387c                HAL_InitTick
 .text.HAL_Init
                0x00000000080038c4       0x34 Drivers/STM32F4xx_HAL_Driver/Src/stm32f4xx_hal.o
                0x00000000080038c4                HAL_Init
 .text.HAL_IncTick
                0x00000000080038f8       0x18 Drivers/STM32F4xx_HAL_Driver/Src/stm32f4xx_hal.o
                0x00000000080038f8                HAL_IncTick
 .text.HAL_GetTick
                0x0000000008003910        0xc Drivers/STM32F4xx_HAL_Driver/Src/stm32f4xx_hal.o
                0x0000000008003910                HAL_GetTick
 .text.HAL_Delay
                0x000000000800391c       0x24 Drivers/STM32F4xx_HAL_Driver/Src/stm32f4xx_hal.o
                0x000000000800391c                HAL_Delay
 .text.HAL_NVIC_SetPriorityGrouping
                0x0000000008003940       0x24 Drivers/STM32F4xx_HAL_Driver/Src/stm32f4xx_hal_cortex.o
                0x0000000008003940                HAL_NVIC_SetPriorityGrouping
 .text.HAL_NVIC_SetPriority
                0x0000000008003964       0x6c Drivers/STM32F4xx_HAL_Driver/Src/stm32f4xx_hal_cortex.o
                0x0000000008003964                HAL_NVIC_SetPriority
 .text.HAL_NVIC_EnableIRQ
                0x00000000080039d0       0x1c Drivers/STM32F4xx_HAL_Driver/Src/stm32f4xx_hal_cortex.o
                0x00000000080039d0                HAL_NVIC_EnableIRQ
 .text.HAL_SYSTICK_Config
                0x00000000080039ec       0x34 Drivers/STM32F4xx_HAL_Driver/Src/stm32f4xx_hal_cortex.o
                0x00000000080039ec                HAL_SYSTICK_Config
 .text.HAL_DMA_Init
                0x0000000008003a20      0x134 Drivers/STM32F4xx_HAL_Driver/Src/stm32f4xx_hal_dma.o
                0x0000000008003a20                HAL_DMA_Init
 .text.HAL_DMA_Start_IT
                0x0000000008003b54       0x7c Drivers/STM32F4xx_HAL_Driver/Src/stm32f4xx_hal_dma.o
                0x0000000008003b54                HAL_DMA_Start_IT
 .text.HAL_DMA_Abort_IT
                0x0000000008003bd0       0x24 Drivers/STM32F4xx_HAL_Driver/Src/stm32f4xx_hal_dma.o
                0x0000000008003bd0                HAL_DMA_Abort_IT
 .text.HAL_DMA_IRQHandler
                0x0000000008003bf4      0x1ac Drivers/STM32F4xx_HAL_Driver/Src/stm32f4xx_hal_dma.o
                0x0000000008003bf4                HAL_DMA_IRQHandler
 .text.HAL_DMA_GetError
                0x0000000008003da0        0x4 Drivers/STM32F4xx_HAL_Driver/Src/stm32f4xx_hal_dma.o
                0x0000000008003da0                HAL_DMA_GetError
 .text.HAL_GPIO_Init
                0x0000000008003da4      0x208 Drivers/STM32F4xx_HAL_Driver/Src/stm32f4xx_hal_gpio.o
                0x0000000008003da4                HAL_GPIO_Init
 .text.I2C_RequestMemoryWrite
                0x0000000008003fac      0x1c4 Drivers/STM32F4xx_HAL_Driver/Src/stm32f4xx_hal_i2c.o
 .text.I2C_RequestMemoryRead
                0x0000000008004170      0x288 Drivers/STM32F4xx_HAL_Driver/Src/stm32f4xx_hal_i2c.o
 .text.HAL_I2C_Init
                0x00000000080043f8      0x180 Drivers/STM32F4xx_HAL_Driver/Src/stm32f4xx_hal_i2c.o
                0x00000000080043f8                HAL_I2C_Init
 .text.HAL_I2C_Mem_Write
                0x0000000008004578      0x1e0 Drivers/STM32F4xx_HAL_Driver/Src/stm32f4xx_hal_i2c.o
                0x0000000008004578                HAL_I2C_Mem_Write
 .text.HAL_I2C_Mem_Read
                0x0000000008004758      0x310 Drivers/STM32F4xx_HAL_Driver/Src/stm32f4xx_hal_i2c.o
                0x0000000008004758                HAL_I2C_Mem_Read
 .text.HAL_I2C_Mem_Read_DMA
                0x0000000008004a68      0x1cc Drivers/STM32F4xx_HAL_Driver/Src/stm32f4xx_hal_i2c.o
                0x0000000008004a68                HAL_I2C_Mem_Read_DMA
 .text.HAL_I2C_MasterRxCpltCallback
                0x0000000008004c34        0x4 Drivers/STM32F4xx_HAL_Driver/Src/stm32f4xx_hal_i2c.o
                0x0000000008004c34                HAL_I2C_MasterRxCpltCallback
 .text.HAL_I2C_SlaveTxCpltCallback
                0x0000000008004c38        0x4 Drivers/STM32F4xx_HAL_Driver/Src/stm32f4xx_hal_i2c.o
                0x0000000008004c38                HAL_I2C_SlaveTxCpltCallback
 .text.HAL_I2C_SlaveRxCpltCallback
                0x0000000008004c3c        0x4 Drivers/STM32F4xx_HAL_Driver/Src/stm32f4xx_hal_i2c.o
                0x0000000008004c3c                HAL_I2C_SlaveRxCpltCallback
 .text.HAL_I2C_ErrorCallback
                0x0000000008004c40        0x4 Drivers/STM32F4xx_HAL_Driver/Src/stm32f4xx_hal_i2c.o
                0x0000000008004c40                HAL_I2C_ErrorCallback
 .text.I2C_DMAError
                0x0000000008004c44       0x44 Drivers/STM32F4xx_HAL_Driver/Src/stm32f4xx_hal_i2c.o
 .text.I2C_DMAXferCplt
                0x0000000008004c88      0x110 Drivers/STM32F4xx_HAL_Driver/Src/stm32f4xx_hal_i2c.o
 .text.HAL_RCC_OscConfig
                0x0000000008004d98      0x3bc Drivers/STM32F4xx_HAL_Driver/Src/stm32f4xx_hal_rcc.o
                0x0000000008004d98                HAL_RCC_OscConfig
 .text.HAL_RCC_GetSysClockFreq
                0x0000000008005154       0x6c Drivers/STM32F4xx_HAL_Driver/Src/stm32f4xx_hal_rcc.o
                0x0000000008005154                HAL_RCC_GetSysClockFreq
 .text.HAL_RCC_ClockConfig
                0x00000000080051c0      0x13c Drivers/STM32F4xx_HAL_Driver/Src/stm32f4xx_hal_rcc.o
                0x00000000080051c0                HAL_RCC_ClockConfig
 .text.HAL_RCC_GetPCLK1Freq
                0x00000000080052fc       0x20 Drivers/STM32F4xx_HAL_Driver/Src/stm32f4xx_hal_rcc.o
                0x00000000080052fc                HAL_RCC_GetPCLK1Freq
 .text.HAL_RCC_GetPCLK2Freq
                0x000000000800531c       0x20 Drivers/STM32F4xx_HAL_Driver/Src/stm32f4xx_hal_rcc.o
                0x000000000800531c                HAL_RCC_GetPCLK2Freq
 .text.HAL_TIM_Base_Init
                0x000000000800533c      0x108 Drivers/STM32F4xx_HAL_Driver/Src/stm32f4xx_hal_tim.o
                0x000000000800533c                HAL_TIM_Base_Init
 .text.HAL_TIM_PWM_MspInit
                0x0000000008005444        0x4 Drivers/STM32F4xx_HAL_Driver/Src/stm32f4xx_hal_tim.o
                0x0000000008005444                HAL_TIM_PWM_MspInit
 .text.HAL_TIM_PWM_Init
                0x0000000008005448      0x108 Drivers/STM32F4xx_HAL_Driver/Src/stm32f4xx_hal_tim.o
                0x0000000008005448                HAL_TIM_PWM_Init
 .text.HAL_TIM_PWM_Start
                0x0000000008005550       0x54 Drivers/STM32F4xx_HAL_Driver/Src/stm32f4xx_hal_tim.o
                0x0000000008005550                HAL_TIM_PWM_Start
 .text.HAL_TIM_PWM_ConfigChannel
                0x00000000080055a4      0x214 Drivers/STM32F4xx_HAL_Driver/Src/stm32f4xx_hal_tim.o
                0x00000000080055a4                HAL_TIM_PWM_ConfigChannel
 .text.HAL_TIM_ConfigClockSource
                0x00000000080057b8      0x14c Drivers/STM32F4xx_HAL_Driver/Src/stm32f4xx_hal_tim.o
                0x00000000080057b8                HAL_TIM_ConfigClockSource
 .text.HAL_TIMEx_MasterConfigSynchronization
                0x0000000008005904       0x8c Drivers/STM32F4xx_HAL_Driver/Src/stm32f4xx_hal_tim_ex.o
                0x0000000008005904                HAL_TIMEx_MasterConfigSynchronization
 .text.HAL_TIMEx_ConfigBreakDeadTime
                0x0000000008005990       0x54 Drivers/STM32F4xx_HAL_Driver/Src/stm32f4xx_hal_tim_ex.o
                0x0000000008005990                HAL_TIMEx_ConfigBreakDeadTime
 .text.HAL_UART_Init
                0x00000000080059e4      0x144 Drivers/STM32F4xx_HAL_Driver/Src/stm32f4xx_hal_uart.o
                0x00000000080059e4                HAL_UART_Init
 .text.HAL_UART_Transmit
                0x0000000008005b28      0x11c Drivers/STM32F4xx_HAL_Driver/Src/stm32f4xx_hal_uart.o
                0x0000000008005b28                HAL_UART_Transmit
 .text.HAL_UART_Receive
                0x0000000008005c44      0x138 Drivers/STM32F4xx_HAL_Driver/Src/stm32f4xx_hal_uart.o
                0x0000000008005c44                HAL_UART_Receive
 .text.HAL_UART_Transmit_DMA
                0x0000000008005d7c       0x78 Drivers/STM32F4xx_HAL_Driver/Src/stm32f4xx_hal_uart.o
                0x0000000008005d7c                HAL_UART_Transmit_DMA
 .text.HAL_UART_Receive_DMA
                0x0000000008005df4       0x98 Drivers/STM32F4xx_HAL_Driver/Src/stm32f4xx_hal_uart.o
                0x0000000008005df4                HAL_UART_Receive_DMA
 .text.UART_DMATransmitCplt
                0x0000000008005e8c       0x2c Drivers/STM32F4xx_HAL_Driver/Src/stm32f4xx_hal_uart.o
 .text.HAL_UART_TxHalfCpltCallback
                0x0000000008005eb8        0x4 Drivers/STM32F4xx_HAL_Driver/Src/stm32f4xx_hal_uart.o
                0x0000000008005eb8                HAL_UART_TxHalfCpltCallback
 .text.UART_DMATxHalfCplt
                0x0000000008005ebc        0xc Drivers/STM32F4xx_HAL_Driver/Src/stm32f4xx_hal_uart.o
 .text.HAL_UART_RxCpltCallback
                0x0000000008005ec8        0x4 Drivers/STM32F4xx_HAL_Driver/Src/stm32f4xx_hal_uart.o
                0x0000000008005ec8                HAL_UART_RxCpltCallback
 .text.UART_DMAReceiveCplt
                0x0000000008005ecc       0x38 Drivers/STM32F4xx_HAL_Driver/Src/stm32f4xx_hal_uart.o
 .text.UART_Receive_IT.part.1
                0x0000000008005f04       0x6c Drivers/STM32F4xx_HAL_Driver/Src/stm32f4xx_hal_uart.o
 .text.HAL_UART_RxHalfCpltCallback
                0x0000000008005f70        0x4 Drivers/STM32F4xx_HAL_Driver/Src/stm32f4xx_hal_uart.o
                0x0000000008005f70                HAL_UART_RxHalfCpltCallback
 .text.UART_DMARxHalfCplt
                0x0000000008005f74        0xc Drivers/STM32F4xx_HAL_Driver/Src/stm32f4xx_hal_uart.o
 .text.HAL_UART_ErrorCallback
                0x0000000008005f80        0x4 Drivers/STM32F4xx_HAL_Driver/Src/stm32f4xx_hal_uart.o
                0x0000000008005f80                HAL_UART_ErrorCallback
 .text.UART_DMAError
                0x0000000008005f84       0x60 Drivers/STM32F4xx_HAL_Driver/Src/stm32f4xx_hal_uart.o
 .text.HAL_UART_IRQHandler
                0x0000000008005fe4      0x178 Drivers/STM32F4xx_HAL_Driver/Src/stm32f4xx_hal_uart.o
                0x0000000008005fe4                HAL_UART_IRQHandler
 .text.UART_DMAAbortOnError
                0x000000000800615c       0x14 Drivers/STM32F4xx_HAL_Driver/Src/stm32f4xx_hal_uart.o
 .text.FILTER_init
                0x0000000008006170       0x10 Drivers/Src/Filters.o
                0x0000000008006170                FILTER_init
 .text.FILTER_process
                0x0000000008006180       0x60 Drivers/Src/Filters.o
                0x0000000008006180                FILTER_process
 .text.MOTORS_Init
                0x00000000080061e0       0x44 Drivers/Src/Motors.o
                0x00000000080061e0                MOTORS_Init
 .text.MOTORS_Change_output
                0x0000000008006224      0x164 Drivers/Src/Motors.o
                0x0000000008006224                MOTORS_Change_output
 .text.PID_compute
                0x0000000008006388       0xa4 Drivers/Src/Pid.o
                0x0000000008006388                PID_compute
 .text.PID_init
                0x000000000800642c       0x28 Drivers/Src/Pid.o
                0x000000000800642c                PID_init
 .text.arm_mat_mult_f32
                0x0000000008006454      0x14c ../Drivers/CMSIS/Lib/GCC\libarm_cortexM4lf_math.a(arm_mat_mult_f32.o)
                0x0000000008006454                arm_mat_mult_f32
 .text.arm_mat_init_f32
                0x00000000080065a0        0x8 ../Drivers/CMSIS/Lib/GCC\libarm_cortexM4lf_math.a(arm_mat_init_f32.o)
                0x00000000080065a0                arm_mat_init_f32
 .text.__errno  0x00000000080065a8        0xc c:/st/stm32cubeide_1.4.0/stm32cubeide/plugins/com.st.stm32cube.ide.mcu.externaltools.gnu-tools-for-stm32.7-2018-q2-update.win32_1.5.0.202011040924/tools/bin/../lib/gcc/arm-none-eabi/7.3.1/../../../../arm-none-eabi/lib/thumb/v7e-m/fpv4-sp/hard\libc_nano.a(lib_a-errno.o)
                0x00000000080065a8                __errno
 .text.__libc_init_array
                0x00000000080065b4       0x48 c:/st/stm32cubeide_1.4.0/stm32cubeide/plugins/com.st.stm32cube.ide.mcu.externaltools.gnu-tools-for-stm32.7-2018-q2-update.win32_1.5.0.202011040924/tools/bin/../lib/gcc/arm-none-eabi/7.3.1/../../../../arm-none-eabi/lib/thumb/v7e-m/fpv4-sp/hard\libc_nano.a(lib_a-init.o)
                0x00000000080065b4                __libc_init_array
 .text.memcpy   0x00000000080065fc       0x16 c:/st/stm32cubeide_1.4.0/stm32cubeide/plugins/com.st.stm32cube.ide.mcu.externaltools.gnu-tools-for-stm32.7-2018-q2-update.win32_1.5.0.202011040924/tools/bin/../lib/gcc/arm-none-eabi/7.3.1/../../../../arm-none-eabi/lib/thumb/v7e-m/fpv4-sp/hard\libc_nano.a(lib_a-memcpy-stub.o)
                0x00000000080065fc                memcpy
 .text.memmove  0x0000000008006612       0x32 c:/st/stm32cubeide_1.4.0/stm32cubeide/plugins/com.st.stm32cube.ide.mcu.externaltools.gnu-tools-for-stm32.7-2018-q2-update.win32_1.5.0.202011040924/tools/bin/../lib/gcc/arm-none-eabi/7.3.1/../../../../arm-none-eabi/lib/thumb/v7e-m/fpv4-sp/hard\libc_nano.a(lib_a-memmove.o)
                0x0000000008006612                memmove
 .text.memset   0x0000000008006644       0x10 c:/st/stm32cubeide_1.4.0/stm32cubeide/plugins/com.st.stm32cube.ide.mcu.externaltools.gnu-tools-for-stm32.7-2018-q2-update.win32_1.5.0.202011040924/tools/bin/../lib/gcc/arm-none-eabi/7.3.1/../../../../arm-none-eabi/lib/thumb/v7e-m/fpv4-sp/hard\libc_nano.a(lib_a-memset.o)
                0x0000000008006644                memset
 .text.__cvt    0x0000000008006654       0xc2 c:/st/stm32cubeide_1.4.0/stm32cubeide/plugins/com.st.stm32cube.ide.mcu.externaltools.gnu-tools-for-stm32.7-2018-q2-update.win32_1.5.0.202011040924/tools/bin/../lib/gcc/arm-none-eabi/7.3.1/../../../../arm-none-eabi/lib/thumb/v7e-m/fpv4-sp/hard\libc_nano.a(lib_a-nano-vfprintf_float.o)
                0x0000000008006654                __cvt
 .text.__exponent
                0x0000000008006716       0x66 c:/st/stm32cubeide_1.4.0/stm32cubeide/plugins/com.st.stm32cube.ide.mcu.externaltools.gnu-tools-for-stm32.7-2018-q2-update.win32_1.5.0.202011040924/tools/bin/../lib/gcc/arm-none-eabi/7.3.1/../../../../arm-none-eabi/lib/thumb/v7e-m/fpv4-sp/hard\libc_nano.a(lib_a-nano-vfprintf_float.o)
                0x0000000008006716                __exponent
 .text._printf_float
                0x000000000800677c      0x480 c:/st/stm32cubeide_1.4.0/stm32cubeide/plugins/com.st.stm32cube.ide.mcu.externaltools.gnu-tools-for-stm32.7-2018-q2-update.win32_1.5.0.202011040924/tools/bin/../lib/gcc/arm-none-eabi/7.3.1/../../../../arm-none-eabi/lib/thumb/v7e-m/fpv4-sp/hard\libc_nano.a(lib_a-nano-vfprintf_float.o)
                0x000000000800677c                _printf_float
 .text._printf_common
                0x0000000008006bfc       0xea c:/st/stm32cubeide_1.4.0/stm32cubeide/plugins/com.st.stm32cube.ide.mcu.externaltools.gnu-tools-for-stm32.7-2018-q2-update.win32_1.5.0.202011040924/tools/bin/../lib/gcc/arm-none-eabi/7.3.1/../../../../arm-none-eabi/lib/thumb/v7e-m/fpv4-sp/hard\libc_nano.a(lib_a-nano-vfprintf_i.o)
                0x0000000008006bfc                _printf_common
 *fill*         0x0000000008006ce6        0x2 
 .text._puts_r  0x0000000008006ce8       0xb8 c:/st/stm32cubeide_1.4.0/stm32cubeide/plugins/com.st.stm32cube.ide.mcu.externaltools.gnu-tools-for-stm32.7-2018-q2-update.win32_1.5.0.202011040924/tools/bin/../lib/gcc/arm-none-eabi/7.3.1/../../../../arm-none-eabi/lib/thumb/v7e-m/fpv4-sp/hard\libc_nano.a(lib_a-puts.o)
                0x0000000008006ce8                _puts_r
 .text.puts     0x0000000008006da0       0x10 c:/st/stm32cubeide_1.4.0/stm32cubeide/plugins/com.st.stm32cube.ide.mcu.externaltools.gnu-tools-for-stm32.7-2018-q2-update.win32_1.5.0.202011040924/tools/bin/../lib/gcc/arm-none-eabi/7.3.1/../../../../arm-none-eabi/lib/thumb/v7e-m/fpv4-sp/hard\libc_nano.a(lib_a-puts.o)
                0x0000000008006da0                puts
 .text.setvbuf  0x0000000008006db0      0x15c c:/st/stm32cubeide_1.4.0/stm32cubeide/plugins/com.st.stm32cube.ide.mcu.externaltools.gnu-tools-for-stm32.7-2018-q2-update.win32_1.5.0.202011040924/tools/bin/../lib/gcc/arm-none-eabi/7.3.1/../../../../arm-none-eabi/lib/thumb/v7e-m/fpv4-sp/hard\libc_nano.a(lib_a-setvbuf.o)
                0x0000000008006db0                setvbuf
 .text.__swbuf_r
                0x0000000008006f0c       0xa4 c:/st/stm32cubeide_1.4.0/stm32cubeide/plugins/com.st.stm32cube.ide.mcu.externaltools.gnu-tools-for-stm32.7-2018-q2-update.win32_1.5.0.202011040924/tools/bin/../lib/gcc/arm-none-eabi/7.3.1/../../../../arm-none-eabi/lib/thumb/v7e-m/fpv4-sp/hard\libc_nano.a(lib_a-wbuf.o)
                0x0000000008006f0c                __swbuf_r
 .text.__swsetup_r
                0x0000000008006fb0       0xdc c:/st/stm32cubeide_1.4.0/stm32cubeide/plugins/com.st.stm32cube.ide.mcu.externaltools.gnu-tools-for-stm32.7-2018-q2-update.win32_1.5.0.202011040924/tools/bin/../lib/gcc/arm-none-eabi/7.3.1/../../../../arm-none-eabi/lib/thumb/v7e-m/fpv4-sp/hard\libc_nano.a(lib_a-wsetup.o)
                0x0000000008006fb0                __swsetup_r
 .text.quorem   0x000000000800708c      0x118 c:/st/stm32cubeide_1.4.0/stm32cubeide/plugins/com.st.stm32cube.ide.mcu.externaltools.gnu-tools-for-stm32.7-2018-q2-update.win32_1.5.0.202011040924/tools/bin/../lib/gcc/arm-none-eabi/7.3.1/../../../../arm-none-eabi/lib/thumb/v7e-m/fpv4-sp/hard\libc_nano.a(lib_a-dtoa.o)
 *fill*         0x00000000080071a4        0x4 
 .text._dtoa_r  0x00000000080071a8      0xb70 c:/st/stm32cubeide_1.4.0/stm32cubeide/plugins/com.st.stm32cube.ide.mcu.externaltools.gnu-tools-for-stm32.7-2018-q2-update.win32_1.5.0.202011040924/tools/bin/../lib/gcc/arm-none-eabi/7.3.1/../../../../arm-none-eabi/lib/thumb/v7e-m/fpv4-sp/hard\libc_nano.a(lib_a-dtoa.o)
                0x00000000080071a8                _dtoa_r
 .text.__sflush_r
                0x0000000008007d18      0x10c c:/st/stm32cubeide_1.4.0/stm32cubeide/plugins/com.st.stm32cube.ide.mcu.externaltools.gnu-tools-for-stm32.7-2018-q2-update.win32_1.5.0.202011040924/tools/bin/../lib/gcc/arm-none-eabi/7.3.1/../../../../arm-none-eabi/lib/thumb/v7e-m/fpv4-sp/hard\libc_nano.a(lib_a-fflush.o)
                0x0000000008007d18                __sflush_r
 .text._fflush_r
                0x0000000008007e24       0x54 c:/st/stm32cubeide_1.4.0/stm32cubeide/plugins/com.st.stm32cube.ide.mcu.externaltools.gnu-tools-for-stm32.7-2018-q2-update.win32_1.5.0.202011040924/tools/bin/../lib/gcc/arm-none-eabi/7.3.1/../../../../arm-none-eabi/lib/thumb/v7e-m/fpv4-sp/hard\libc_nano.a(lib_a-fflush.o)
                0x0000000008007e24                _fflush_r
 .text.std      0x0000000008007e78       0x48 c:/st/stm32cubeide_1.4.0/stm32cubeide/plugins/com.st.stm32cube.ide.mcu.externaltools.gnu-tools-for-stm32.7-2018-q2-update.win32_1.5.0.202011040924/tools/bin/../lib/gcc/arm-none-eabi/7.3.1/../../../../arm-none-eabi/lib/thumb/v7e-m/fpv4-sp/hard\libc_nano.a(lib_a-findfp.o)
 .text._cleanup_r
                0x0000000008007ec0        0xc c:/st/stm32cubeide_1.4.0/stm32cubeide/plugins/com.st.stm32cube.ide.mcu.externaltools.gnu-tools-for-stm32.7-2018-q2-update.win32_1.5.0.202011040924/tools/bin/../lib/gcc/arm-none-eabi/7.3.1/../../../../arm-none-eabi/lib/thumb/v7e-m/fpv4-sp/hard\libc_nano.a(lib_a-findfp.o)
                0x0000000008007ec0                _cleanup_r
 .text.__sfmoreglue
                0x0000000008007ecc       0x2c c:/st/stm32cubeide_1.4.0/stm32cubeide/plugins/com.st.stm32cube.ide.mcu.externaltools.gnu-tools-for-stm32.7-2018-q2-update.win32_1.5.0.202011040924/tools/bin/../lib/gcc/arm-none-eabi/7.3.1/../../../../arm-none-eabi/lib/thumb/v7e-m/fpv4-sp/hard\libc_nano.a(lib_a-findfp.o)
                0x0000000008007ecc                __sfmoreglue
 .text.__sinit  0x0000000008007ef8       0x60 c:/st/stm32cubeide_1.4.0/stm32cubeide/plugins/com.st.stm32cube.ide.mcu.externaltools.gnu-tools-for-stm32.7-2018-q2-update.win32_1.5.0.202011040924/tools/bin/../lib/gcc/arm-none-eabi/7.3.1/../../../../arm-none-eabi/lib/thumb/v7e-m/fpv4-sp/hard\libc_nano.a(lib_a-findfp.o)
                0x0000000008007ef8                __sinit
 .text.__sfp    0x0000000008007f58       0x78 c:/st/stm32cubeide_1.4.0/stm32cubeide/plugins/com.st.stm32cube.ide.mcu.externaltools.gnu-tools-for-stm32.7-2018-q2-update.win32_1.5.0.202011040924/tools/bin/../lib/gcc/arm-none-eabi/7.3.1/../../../../arm-none-eabi/lib/thumb/v7e-m/fpv4-sp/hard\libc_nano.a(lib_a-findfp.o)
                0x0000000008007f58                __sfp
 .text._fwalk_reent
                0x0000000008007fd0       0x3c c:/st/stm32cubeide_1.4.0/stm32cubeide/plugins/com.st.stm32cube.ide.mcu.externaltools.gnu-tools-for-stm32.7-2018-q2-update.win32_1.5.0.202011040924/tools/bin/../lib/gcc/arm-none-eabi/7.3.1/../../../../arm-none-eabi/lib/thumb/v7e-m/fpv4-sp/hard\libc_nano.a(lib_a-fwalk.o)
                0x0000000008007fd0                _fwalk_reent
 .text._localeconv_r
                0x000000000800800c       0x1c c:/st/stm32cubeide_1.4.0/stm32cubeide/plugins/com.st.stm32cube.ide.mcu.externaltools.gnu-tools-for-stm32.7-2018-q2-update.win32_1.5.0.202011040924/tools/bin/../lib/gcc/arm-none-eabi/7.3.1/../../../../arm-none-eabi/lib/thumb/v7e-m/fpv4-sp/hard\libc_nano.a(lib_a-localeconv.o)
                0x000000000800800c                _localeconv_r
 .text.__swhatbuf_r
                0x0000000008008028       0x48 c:/st/stm32cubeide_1.4.0/stm32cubeide/plugins/com.st.stm32cube.ide.mcu.externaltools.gnu-tools-for-stm32.7-2018-q2-update.win32_1.5.0.202011040924/tools/bin/../lib/gcc/arm-none-eabi/7.3.1/../../../../arm-none-eabi/lib/thumb/v7e-m/fpv4-sp/hard\libc_nano.a(lib_a-makebuf.o)
                0x0000000008008028                __swhatbuf_r
 .text.__smakebuf_r
                0x0000000008008070       0x80 c:/st/stm32cubeide_1.4.0/stm32cubeide/plugins/com.st.stm32cube.ide.mcu.externaltools.gnu-tools-for-stm32.7-2018-q2-update.win32_1.5.0.202011040924/tools/bin/../lib/gcc/arm-none-eabi/7.3.1/../../../../arm-none-eabi/lib/thumb/v7e-m/fpv4-sp/hard\libc_nano.a(lib_a-makebuf.o)
                0x0000000008008070                __smakebuf_r
 .text.malloc   0x00000000080080f0       0x10 c:/st/stm32cubeide_1.4.0/stm32cubeide/plugins/com.st.stm32cube.ide.mcu.externaltools.gnu-tools-for-stm32.7-2018-q2-update.win32_1.5.0.202011040924/tools/bin/../lib/gcc/arm-none-eabi/7.3.1/../../../../arm-none-eabi/lib/thumb/v7e-m/fpv4-sp/hard\libc_nano.a(lib_a-malloc.o)
                0x00000000080080f0                malloc
 .text._Balloc  0x0000000008008100       0x68 c:/st/stm32cubeide_1.4.0/stm32cubeide/plugins/com.st.stm32cube.ide.mcu.externaltools.gnu-tools-for-stm32.7-2018-q2-update.win32_1.5.0.202011040924/tools/bin/../lib/gcc/arm-none-eabi/7.3.1/../../../../arm-none-eabi/lib/thumb/v7e-m/fpv4-sp/hard\libc_nano.a(lib_a-mprec.o)
                0x0000000008008100                _Balloc
 .text._Bfree   0x0000000008008168       0x2e c:/st/stm32cubeide_1.4.0/stm32cubeide/plugins/com.st.stm32cube.ide.mcu.externaltools.gnu-tools-for-stm32.7-2018-q2-update.win32_1.5.0.202011040924/tools/bin/../lib/gcc/arm-none-eabi/7.3.1/../../../../arm-none-eabi/lib/thumb/v7e-m/fpv4-sp/hard\libc_nano.a(lib_a-mprec.o)
                0x0000000008008168                _Bfree
 .text.__multadd
                0x0000000008008196       0x76 c:/st/stm32cubeide_1.4.0/stm32cubeide/plugins/com.st.stm32cube.ide.mcu.externaltools.gnu-tools-for-stm32.7-2018-q2-update.win32_1.5.0.202011040924/tools/bin/../lib/gcc/arm-none-eabi/7.3.1/../../../../arm-none-eabi/lib/thumb/v7e-m/fpv4-sp/hard\libc_nano.a(lib_a-mprec.o)
                0x0000000008008196                __multadd
 .text.__hi0bits
                0x000000000800820c       0x3e c:/st/stm32cubeide_1.4.0/stm32cubeide/plugins/com.st.stm32cube.ide.mcu.externaltools.gnu-tools-for-stm32.7-2018-q2-update.win32_1.5.0.202011040924/tools/bin/../lib/gcc/arm-none-eabi/7.3.1/../../../../arm-none-eabi/lib/thumb/v7e-m/fpv4-sp/hard\libc_nano.a(lib_a-mprec.o)
                0x000000000800820c                __hi0bits
 .text.__lo0bits
                0x000000000800824a       0x5e c:/st/stm32cubeide_1.4.0/stm32cubeide/plugins/com.st.stm32cube.ide.mcu.externaltools.gnu-tools-for-stm32.7-2018-q2-update.win32_1.5.0.202011040924/tools/bin/../lib/gcc/arm-none-eabi/7.3.1/../../../../arm-none-eabi/lib/thumb/v7e-m/fpv4-sp/hard\libc_nano.a(lib_a-mprec.o)
                0x000000000800824a                __lo0bits
 .text.__i2b    0x00000000080082a8       0x12 c:/st/stm32cubeide_1.4.0/stm32cubeide/plugins/com.st.stm32cube.ide.mcu.externaltools.gnu-tools-for-stm32.7-2018-q2-update.win32_1.5.0.202011040924/tools/bin/../lib/gcc/arm-none-eabi/7.3.1/../../../../arm-none-eabi/lib/thumb/v7e-m/fpv4-sp/hard\libc_nano.a(lib_a-mprec.o)
                0x00000000080082a8                __i2b
 .text.__multiply
                0x00000000080082ba      0x12c c:/st/stm32cubeide_1.4.0/stm32cubeide/plugins/com.st.stm32cube.ide.mcu.externaltools.gnu-tools-for-stm32.7-2018-q2-update.win32_1.5.0.202011040924/tools/bin/../lib/gcc/arm-none-eabi/7.3.1/../../../../arm-none-eabi/lib/thumb/v7e-m/fpv4-sp/hard\libc_nano.a(lib_a-mprec.o)
                0x00000000080082ba                __multiply
 *fill*         0x00000000080083e6        0x2 
 .text.__pow5mult
                0x00000000080083e8       0x9c c:/st/stm32cubeide_1.4.0/stm32cubeide/plugins/com.st.stm32cube.ide.mcu.externaltools.gnu-tools-for-stm32.7-2018-q2-update.win32_1.5.0.202011040924/tools/bin/../lib/gcc/arm-none-eabi/7.3.1/../../../../arm-none-eabi/lib/thumb/v7e-m/fpv4-sp/hard\libc_nano.a(lib_a-mprec.o)
                0x00000000080083e8                __pow5mult
 .text.__lshift
                0x0000000008008484       0xa8 c:/st/stm32cubeide_1.4.0/stm32cubeide/plugins/com.st.stm32cube.ide.mcu.externaltools.gnu-tools-for-stm32.7-2018-q2-update.win32_1.5.0.202011040924/tools/bin/../lib/gcc/arm-none-eabi/7.3.1/../../../../arm-none-eabi/lib/thumb/v7e-m/fpv4-sp/hard\libc_nano.a(lib_a-mprec.o)
                0x0000000008008484                __lshift
 .text.__mcmp   0x000000000800852c       0x34 c:/st/stm32cubeide_1.4.0/stm32cubeide/plugins/com.st.stm32cube.ide.mcu.externaltools.gnu-tools-for-stm32.7-2018-q2-update.win32_1.5.0.202011040924/tools/bin/../lib/gcc/arm-none-eabi/7.3.1/../../../../arm-none-eabi/lib/thumb/v7e-m/fpv4-sp/hard\libc_nano.a(lib_a-mprec.o)
                0x000000000800852c                __mcmp
 .text.__mdiff  0x0000000008008560       0xba c:/st/stm32cubeide_1.4.0/stm32cubeide/plugins/com.st.stm32cube.ide.mcu.externaltools.gnu-tools-for-stm32.7-2018-q2-update.win32_1.5.0.202011040924/tools/bin/../lib/gcc/arm-none-eabi/7.3.1/../../../../arm-none-eabi/lib/thumb/v7e-m/fpv4-sp/hard\libc_nano.a(lib_a-mprec.o)
                0x0000000008008560                __mdiff
 .text.__d2b    0x000000000800861a       0x9e c:/st/stm32cubeide_1.4.0/stm32cubeide/plugins/com.st.stm32cube.ide.mcu.externaltools.gnu-tools-for-stm32.7-2018-q2-update.win32_1.5.0.202011040924/tools/bin/../lib/gcc/arm-none-eabi/7.3.1/../../../../arm-none-eabi/lib/thumb/v7e-m/fpv4-sp/hard\libc_nano.a(lib_a-mprec.o)
                0x000000000800861a                __d2b
 .text._calloc_r
                0x00000000080086b8       0x1c c:/st/stm32cubeide_1.4.0/stm32cubeide/plugins/com.st.stm32cube.ide.mcu.externaltools.gnu-tools-for-stm32.7-2018-q2-update.win32_1.5.0.202011040924/tools/bin/../lib/gcc/arm-none-eabi/7.3.1/../../../../arm-none-eabi/lib/thumb/v7e-m/fpv4-sp/hard\libc_nano.a(lib_a-nano-callocr.o)
                0x00000000080086b8                _calloc_r
 .text._free_r  0x00000000080086d4       0x9c c:/st/stm32cubeide_1.4.0/stm32cubeide/plugins/com.st.stm32cube.ide.mcu.externaltools.gnu-tools-for-stm32.7-2018-q2-update.win32_1.5.0.202011040924/tools/bin/../lib/gcc/arm-none-eabi/7.3.1/../../../../arm-none-eabi/lib/thumb/v7e-m/fpv4-sp/hard\libc_nano.a(lib_a-nano-freer.o)
                0x00000000080086d4                _free_r
 .text._malloc_r
                0x0000000008008770       0xb4 c:/st/stm32cubeide_1.4.0/stm32cubeide/plugins/com.st.stm32cube.ide.mcu.externaltools.gnu-tools-for-stm32.7-2018-q2-update.win32_1.5.0.202011040924/tools/bin/../lib/gcc/arm-none-eabi/7.3.1/../../../../arm-none-eabi/lib/thumb/v7e-m/fpv4-sp/hard\libc_nano.a(lib_a-nano-mallocr.o)
                0x0000000008008770                _malloc_r
 .text._sbrk_r  0x0000000008008824       0x20 c:/st/stm32cubeide_1.4.0/stm32cubeide/plugins/com.st.stm32cube.ide.mcu.externaltools.gnu-tools-for-stm32.7-2018-q2-update.win32_1.5.0.202011040924/tools/bin/../lib/gcc/arm-none-eabi/7.3.1/../../../../arm-none-eabi/lib/thumb/v7e-m/fpv4-sp/hard\libc_nano.a(lib_a-sbrkr.o)
                0x0000000008008824                _sbrk_r
 .text.__sread  0x0000000008008844       0x22 c:/st/stm32cubeide_1.4.0/stm32cubeide/plugins/com.st.stm32cube.ide.mcu.externaltools.gnu-tools-for-stm32.7-2018-q2-update.win32_1.5.0.202011040924/tools/bin/../lib/gcc/arm-none-eabi/7.3.1/../../../../arm-none-eabi/lib/thumb/v7e-m/fpv4-sp/hard\libc_nano.a(lib_a-stdio.o)
                0x0000000008008844                __sread
 .text.__swrite
                0x0000000008008866       0x38 c:/st/stm32cubeide_1.4.0/stm32cubeide/plugins/com.st.stm32cube.ide.mcu.externaltools.gnu-tools-for-stm32.7-2018-q2-update.win32_1.5.0.202011040924/tools/bin/../lib/gcc/arm-none-eabi/7.3.1/../../../../arm-none-eabi/lib/thumb/v7e-m/fpv4-sp/hard\libc_nano.a(lib_a-stdio.o)
                0x0000000008008866                __swrite
 .text.__sseek  0x000000000800889e       0x24 c:/st/stm32cubeide_1.4.0/stm32cubeide/plugins/com.st.stm32cube.ide.mcu.externaltools.gnu-tools-for-stm32.7-2018-q2-update.win32_1.5.0.202011040924/tools/bin/../lib/gcc/arm-none-eabi/7.3.1/../../../../arm-none-eabi/lib/thumb/v7e-m/fpv4-sp/hard\libc_nano.a(lib_a-stdio.o)
                0x000000000800889e                __sseek
 .text.__sclose
                0x00000000080088c2        0x8 c:/st/stm32cubeide_1.4.0/stm32cubeide/plugins/com.st.stm32cube.ide.mcu.externaltools.gnu-tools-for-stm32.7-2018-q2-update.win32_1.5.0.202011040924/tools/bin/../lib/gcc/arm-none-eabi/7.3.1/../../../../arm-none-eabi/lib/thumb/v7e-m/fpv4-sp/hard\libc_nano.a(lib_a-stdio.o)
                0x00000000080088c2                __sclose
 *fill*         0x00000000080088ca        0x2 
 .text._write_r
                0x00000000080088cc       0x24 c:/st/stm32cubeide_1.4.0/stm32cubeide/plugins/com.st.stm32cube.ide.mcu.externaltools.gnu-tools-for-stm32.7-2018-q2-update.win32_1.5.0.202011040924/tools/bin/../lib/gcc/arm-none-eabi/7.3.1/../../../../arm-none-eabi/lib/thumb/v7e-m/fpv4-sp/hard\libc_nano.a(lib_a-writer.o)
                0x00000000080088cc                _write_r
 .text._close_r
                0x00000000080088f0       0x20 c:/st/stm32cubeide_1.4.0/stm32cubeide/plugins/com.st.stm32cube.ide.mcu.externaltools.gnu-tools-for-stm32.7-2018-q2-update.win32_1.5.0.202011040924/tools/bin/../lib/gcc/arm-none-eabi/7.3.1/../../../../arm-none-eabi/lib/thumb/v7e-m/fpv4-sp/hard\libc_nano.a(lib_a-closer.o)
                0x00000000080088f0                _close_r
 .text._fstat_r
                0x0000000008008910       0x24 c:/st/stm32cubeide_1.4.0/stm32cubeide/plugins/com.st.stm32cube.ide.mcu.externaltools.gnu-tools-for-stm32.7-2018-q2-update.win32_1.5.0.202011040924/tools/bin/../lib/gcc/arm-none-eabi/7.3.1/../../../../arm-none-eabi/lib/thumb/v7e-m/fpv4-sp/hard\libc_nano.a(lib_a-fstatr.o)
                0x0000000008008910                _fstat_r
 .text._isatty_r
                0x0000000008008934       0x20 c:/st/stm32cubeide_1.4.0/stm32cubeide/plugins/com.st.stm32cube.ide.mcu.externaltools.gnu-tools-for-stm32.7-2018-q2-update.win32_1.5.0.202011040924/tools/bin/../lib/gcc/arm-none-eabi/7.3.1/../../../../arm-none-eabi/lib/thumb/v7e-m/fpv4-sp/hard\libc_nano.a(lib_a-isattyr.o)
                0x0000000008008934                _isatty_r
 .text._lseek_r
                0x0000000008008954       0x24 c:/st/stm32cubeide_1.4.0/stm32cubeide/plugins/com.st.stm32cube.ide.mcu.externaltools.gnu-tools-for-stm32.7-2018-q2-update.win32_1.5.0.202011040924/tools/bin/../lib/gcc/arm-none-eabi/7.3.1/../../../../arm-none-eabi/lib/thumb/v7e-m/fpv4-sp/hard\libc_nano.a(lib_a-lseekr.o)
                0x0000000008008954                _lseek_r
 .text.__ascii_mbtowc
                0x0000000008008978       0x24 c:/st/stm32cubeide_1.4.0/stm32cubeide/plugins/com.st.stm32cube.ide.mcu.externaltools.gnu-tools-for-stm32.7-2018-q2-update.win32_1.5.0.202011040924/tools/bin/../lib/gcc/arm-none-eabi/7.3.1/../../../../arm-none-eabi/lib/thumb/v7e-m/fpv4-sp/hard\libc_nano.a(lib_a-mbtowc_r.o)
                0x0000000008008978                __ascii_mbtowc
 .text.__malloc_lock
                0x000000000800899c        0x2 c:/st/stm32cubeide_1.4.0/stm32cubeide/plugins/com.st.stm32cube.ide.mcu.externaltools.gnu-tools-for-stm32.7-2018-q2-update.win32_1.5.0.202011040924/tools/bin/../lib/gcc/arm-none-eabi/7.3.1/../../../../arm-none-eabi/lib/thumb/v7e-m/fpv4-sp/hard\libc_nano.a(lib_a-mlock.o)
                0x000000000800899c                __malloc_lock
 .text.__malloc_unlock
                0x000000000800899e        0x2 c:/st/stm32cubeide_1.4.0/stm32cubeide/plugins/com.st.stm32cube.ide.mcu.externaltools.gnu-tools-for-stm32.7-2018-q2-update.win32_1.5.0.202011040924/tools/bin/../lib/gcc/arm-none-eabi/7.3.1/../../../../arm-none-eabi/lib/thumb/v7e-m/fpv4-sp/hard\libc_nano.a(lib_a-mlock.o)
                0x000000000800899e                __malloc_unlock
 .text._read_r  0x00000000080089a0       0x24 c:/st/stm32cubeide_1.4.0/stm32cubeide/plugins/com.st.stm32cube.ide.mcu.externaltools.gnu-tools-for-stm32.7-2018-q2-update.win32_1.5.0.202011040924/tools/bin/../lib/gcc/arm-none-eabi/7.3.1/../../../../arm-none-eabi/lib/thumb/v7e-m/fpv4-sp/hard\libc_nano.a(lib_a-readr.o)
                0x00000000080089a0                _read_r
 .text.__ascii_wctomb
                0x00000000080089c4       0x1a c:/st/stm32cubeide_1.4.0/stm32cubeide/plugins/com.st.stm32cube.ide.mcu.externaltools.gnu-tools-for-stm32.7-2018-q2-update.win32_1.5.0.202011040924/tools/bin/../lib/gcc/arm-none-eabi/7.3.1/../../../../arm-none-eabi/lib/thumb/v7e-m/fpv4-sp/hard\libc_nano.a(lib_a-wctomb_r.o)
                0x00000000080089c4                __ascii_wctomb
 *fill*         0x00000000080089de        0x2 
 .text.sinf     0x00000000080089e0       0x84 c:/st/stm32cubeide_1.4.0/stm32cubeide/plugins/com.st.stm32cube.ide.mcu.externaltools.gnu-tools-for-stm32.7-2018-q2-update.win32_1.5.0.202011040924/tools/bin/../lib/gcc/arm-none-eabi/7.3.1/../../../../arm-none-eabi/lib/thumb/v7e-m/fpv4-sp/hard\libm.a(lib_a-sf_sin.o)
                0x00000000080089e0                sinf
 .text.asinf    0x0000000008008a64       0xb0 c:/st/stm32cubeide_1.4.0/stm32cubeide/plugins/com.st.stm32cube.ide.mcu.externaltools.gnu-tools-for-stm32.7-2018-q2-update.win32_1.5.0.202011040924/tools/bin/../lib/gcc/arm-none-eabi/7.3.1/../../../../arm-none-eabi/lib/thumb/v7e-m/fpv4-sp/hard\libm.a(lib_a-wf_asin.o)
                0x0000000008008a64                asinf
 .text.sqrtf    0x0000000008008b14       0xa0 c:/st/stm32cubeide_1.4.0/stm32cubeide/plugins/com.st.stm32cube.ide.mcu.externaltools.gnu-tools-for-stm32.7-2018-q2-update.win32_1.5.0.202011040924/tools/bin/../lib/gcc/arm-none-eabi/7.3.1/../../../../arm-none-eabi/lib/thumb/v7e-m/fpv4-sp/hard\libm.a(lib_a-wf_sqrt.o)
                0x0000000008008b14                sqrtf
 .text.__ieee754_asinf
                0x0000000008008bb4      0x1d0 c:/st/stm32cubeide_1.4.0/stm32cubeide/plugins/com.st.stm32cube.ide.mcu.externaltools.gnu-tools-for-stm32.7-2018-q2-update.win32_1.5.0.202011040924/tools/bin/../lib/gcc/arm-none-eabi/7.3.1/../../../../arm-none-eabi/lib/thumb/v7e-m/fpv4-sp/hard\libm.a(lib_a-ef_asin.o)
                0x0000000008008bb4                __ieee754_asinf
 .text.__ieee754_rem_pio2f
                0x0000000008008d84      0x258 c:/st/stm32cubeide_1.4.0/stm32cubeide/plugins/com.st.stm32cube.ide.mcu.externaltools.gnu-tools-for-stm32.7-2018-q2-update.win32_1.5.0.202011040924/tools/bin/../lib/gcc/arm-none-eabi/7.3.1/../../../../arm-none-eabi/lib/thumb/v7e-m/fpv4-sp/hard\libm.a(lib_a-ef_rem_pio2.o)
                0x0000000008008d84                __ieee754_rem_pio2f
 .text.__ieee754_sqrtf
                0x0000000008008fdc        0x6 c:/st/stm32cubeide_1.4.0/stm32cubeide/plugins/com.st.stm32cube.ide.mcu.externaltools.gnu-tools-for-stm32.7-2018-q2-update.win32_1.5.0.202011040924/tools/bin/../lib/gcc/arm-none-eabi/7.3.1/../../../../arm-none-eabi/lib/thumb/v7e-m/fpv4-sp/hard\libm.a(lib_a-ef_sqrt.o)
                0x0000000008008fdc                __ieee754_sqrtf
 *fill*         0x0000000008008fe2        0x2 
 .text.__kernel_cosf
                0x0000000008008fe4       0xbc c:/st/stm32cubeide_1.4.0/stm32cubeide/plugins/com.st.stm32cube.ide.mcu.externaltools.gnu-tools-for-stm32.7-2018-q2-update.win32_1.5.0.202011040924/tools/bin/../lib/gcc/arm-none-eabi/7.3.1/../../../../arm-none-eabi/lib/thumb/v7e-m/fpv4-sp/hard\libm.a(lib_a-kf_cos.o)
                0x0000000008008fe4                __kernel_cosf
 .text.__kernel_rem_pio2f
                0x00000000080090a0      0x504 c:/st/stm32cubeide_1.4.0/stm32cubeide/plugins/com.st.stm32cube.ide.mcu.externaltools.gnu-tools-for-stm32.7-2018-q2-update.win32_1.5.0.202011040924/tools/bin/../lib/gcc/arm-none-eabi/7.3.1/../../../../arm-none-eabi/lib/thumb/v7e-m/fpv4-sp/hard\libm.a(lib_a-kf_rem_pio2.o)
                0x00000000080090a0                __kernel_rem_pio2f
 .text.__kernel_sinf
                0x00000000080095a4       0x90 c:/st/stm32cubeide_1.4.0/stm32cubeide/plugins/com.st.stm32cube.ide.mcu.externaltools.gnu-tools-for-stm32.7-2018-q2-update.win32_1.5.0.202011040924/tools/bin/../lib/gcc/arm-none-eabi/7.3.1/../../../../arm-none-eabi/lib/thumb/v7e-m/fpv4-sp/hard\libm.a(lib_a-kf_sin.o)
                0x00000000080095a4                __kernel_sinf
 .text.matherr  0x0000000008009634        0x4 c:/st/stm32cubeide_1.4.0/stm32cubeide/plugins/com.st.stm32cube.ide.mcu.externaltools.gnu-tools-for-stm32.7-2018-q2-update.win32_1.5.0.202011040924/tools/bin/../lib/gcc/arm-none-eabi/7.3.1/../../../../arm-none-eabi/lib/thumb/v7e-m/fpv4-sp/hard\libm.a(lib_a-s_matherr.o)
                0x0000000008009634                matherr
 .text.nan      0x0000000008009638       0x10 c:/st/stm32cubeide_1.4.0/stm32cubeide/plugins/com.st.stm32cube.ide.mcu.externaltools.gnu-tools-for-stm32.7-2018-q2-update.win32_1.5.0.202011040924/tools/bin/../lib/gcc/arm-none-eabi/7.3.1/../../../../arm-none-eabi/lib/thumb/v7e-m/fpv4-sp/hard\libm.a(lib_a-s_nan.o)
                0x0000000008009638                nan
 .text.fabsf    0x0000000008009648        0xe c:/st/stm32cubeide_1.4.0/stm32cubeide/plugins/com.st.stm32cube.ide.mcu.externaltools.gnu-tools-for-stm32.7-2018-q2-update.win32_1.5.0.202011040924/tools/bin/../lib/gcc/arm-none-eabi/7.3.1/../../../../arm-none-eabi/lib/thumb/v7e-m/fpv4-sp/hard\libm.a(lib_a-sf_fabs.o)
                0x0000000008009648                fabsf
 *fill*         0x0000000008009656        0x2 
 .text.floorf   0x0000000008009658       0x84 c:/st/stm32cubeide_1.4.0/stm32cubeide/plugins/com.st.stm32cube.ide.mcu.externaltools.gnu-tools-for-stm32.7-2018-q2-update.win32_1.5.0.202011040924/tools/bin/../lib/gcc/arm-none-eabi/7.3.1/../../../../arm-none-eabi/lib/thumb/v7e-m/fpv4-sp/hard\libm.a(lib_a-sf_floor.o)
                0x0000000008009658                floorf
 .text.scalbnf  0x00000000080096dc       0xc0 c:/st/stm32cubeide_1.4.0/stm32cubeide/plugins/com.st.stm32cube.ide.mcu.externaltools.gnu-tools-for-stm32.7-2018-q2-update.win32_1.5.0.202011040924/tools/bin/../lib/gcc/arm-none-eabi/7.3.1/../../../../arm-none-eabi/lib/thumb/v7e-m/fpv4-sp/hard\libm.a(lib_a-sf_scalbn.o)
                0x00000000080096dc                scalbnf
 .text.copysignf
                0x000000000800979c       0x18 c:/st/stm32cubeide_1.4.0/stm32cubeide/plugins/com.st.stm32cube.ide.mcu.externaltools.gnu-tools-for-stm32.7-2018-q2-update.win32_1.5.0.202011040924/tools/bin/../lib/gcc/arm-none-eabi/7.3.1/../../../../arm-none-eabi/lib/thumb/v7e-m/fpv4-sp/hard\libm.a(lib_a-sf_copysign.o)
                0x000000000800979c                copysignf
 *(.glue_7)
 .glue_7        0x00000000080097b4        0x0 linker stubs
 *(.glue_7t)
 .glue_7t       0x00000000080097b4        0x0 linker stubs
 *(.eh_frame)
 .eh_frame      0x00000000080097b4        0x0 c:/st/stm32cubeide_1.4.0/stm32cubeide/plugins/com.st.stm32cube.ide.mcu.externaltools.gnu-tools-for-stm32.7-2018-q2-update.win32_1.5.0.202011040924/tools/bin/../lib/gcc/arm-none-eabi/7.3.1/thumb/v7e-m/fpv4-sp/hard/crtbegin.o
 *(.init)
 .init          0x00000000080097b4        0x4 c:/st/stm32cubeide_1.4.0/stm32cubeide/plugins/com.st.stm32cube.ide.mcu.externaltools.gnu-tools-for-stm32.7-2018-q2-update.win32_1.5.0.202011040924/tools/bin/../lib/gcc/arm-none-eabi/7.3.1/thumb/v7e-m/fpv4-sp/hard/crti.o
                0x00000000080097b4                _init
 .init          0x00000000080097b8        0x8 c:/st/stm32cubeide_1.4.0/stm32cubeide/plugins/com.st.stm32cube.ide.mcu.externaltools.gnu-tools-for-stm32.7-2018-q2-update.win32_1.5.0.202011040924/tools/bin/../lib/gcc/arm-none-eabi/7.3.1/thumb/v7e-m/fpv4-sp/hard/crtn.o
 *(.fini)
 .fini          0x00000000080097c0        0x4 c:/st/stm32cubeide_1.4.0/stm32cubeide/plugins/com.st.stm32cube.ide.mcu.externaltools.gnu-tools-for-stm32.7-2018-q2-update.win32_1.5.0.202011040924/tools/bin/../lib/gcc/arm-none-eabi/7.3.1/thumb/v7e-m/fpv4-sp/hard/crti.o
                0x00000000080097c0                _fini
 .fini          0x00000000080097c4        0x8 c:/st/stm32cubeide_1.4.0/stm32cubeide/plugins/com.st.stm32cube.ide.mcu.externaltools.gnu-tools-for-stm32.7-2018-q2-update.win32_1.5.0.202011040924/tools/bin/../lib/gcc/arm-none-eabi/7.3.1/thumb/v7e-m/fpv4-sp/hard/crtn.o
                0x00000000080097cc                . = ALIGN (0x4)
                0x00000000080097cc                _etext = .

.vfp11_veneer   0x00000000080097cc        0x0
 .vfp11_veneer  0x00000000080097cc        0x0 linker stubs

.v4_bx          0x00000000080097cc        0x0
 .v4_bx         0x00000000080097cc        0x0 linker stubs

.iplt           0x00000000080097cc        0x0
 .iplt          0x00000000080097cc        0x0 c:/st/stm32cubeide_1.4.0/stm32cubeide/plugins/com.st.stm32cube.ide.mcu.externaltools.gnu-tools-for-stm32.7-2018-q2-update.win32_1.5.0.202011040924/tools/bin/../lib/gcc/arm-none-eabi/7.3.1/thumb/v7e-m/fpv4-sp/hard/crtbegin.o

.rodata         0x00000000080097d0      0x6c4
                0x00000000080097d0                . = ALIGN (0x4)
 *(.rodata)
 *(.rodata*)
 .rodata.high_lvl_states
                0x00000000080097d0       0x30 Core/High_lvl/High_lvl.o
 .rodata.DEBUG_init.str1.4
                0x0000000008009800       0x10 Core/OS/debug/debug.o
 .rodata.AHBPrescTable
                0x0000000008009810       0x10 Core/Src/system_stm32f4xx.o
                0x0000000008009810                AHBPrescTable
 .rodata.APBPrescTable
                0x0000000008009820        0x8 Core/Src/system_stm32f4xx.o
                0x0000000008009820                APBPrescTable
 .rodata.flagBitshiftOffset.8365
                0x0000000008009828        0x8 Drivers/STM32F4xx_HAL_Driver/Src/stm32f4xx_hal_dma.o
 .rodata._global_impure_ptr
                0x0000000008009830        0x4 c:/st/stm32cubeide_1.4.0/stm32cubeide/plugins/com.st.stm32cube.ide.mcu.externaltools.gnu-tools-for-stm32.7-2018-q2-update.win32_1.5.0.202011040924/tools/bin/../lib/gcc/arm-none-eabi/7.3.1/../../../../arm-none-eabi/lib/thumb/v7e-m/fpv4-sp/hard\libc_nano.a(lib_a-impure.o)
                0x0000000008009830                _global_impure_ptr
 .rodata._printf_float.str1.1
                0x0000000008009834        0xe c:/st/stm32cubeide_1.4.0/stm32cubeide/plugins/com.st.stm32cube.ide.mcu.externaltools.gnu-tools-for-stm32.7-2018-q2-update.win32_1.5.0.202011040924/tools/bin/../lib/gcc/arm-none-eabi/7.3.1/../../../../arm-none-eabi/lib/thumb/v7e-m/fpv4-sp/hard\libc_nano.a(lib_a-nano-vfprintf_float.o)
                                         0x12 (size before relaxing)
 .rodata._dtoa_r.str1.1
                0x0000000008009842        0xd c:/st/stm32cubeide_1.4.0/stm32cubeide/plugins/com.st.stm32cube.ide.mcu.externaltools.gnu-tools-for-stm32.7-2018-q2-update.win32_1.5.0.202011040924/tools/bin/../lib/gcc/arm-none-eabi/7.3.1/../../../../arm-none-eabi/lib/thumb/v7e-m/fpv4-sp/hard\libc_nano.a(lib_a-dtoa.o)
                                          0xf (size before relaxing)
 *fill*         0x000000000800984f        0x1 
 .rodata.__sf_fake_stderr
                0x0000000008009850       0x20 c:/st/stm32cubeide_1.4.0/stm32cubeide/plugins/com.st.stm32cube.ide.mcu.externaltools.gnu-tools-for-stm32.7-2018-q2-update.win32_1.5.0.202011040924/tools/bin/../lib/gcc/arm-none-eabi/7.3.1/../../../../arm-none-eabi/lib/thumb/v7e-m/fpv4-sp/hard\libc_nano.a(lib_a-findfp.o)
                0x0000000008009850                __sf_fake_stderr
 .rodata.__sf_fake_stdin
                0x0000000008009870       0x20 c:/st/stm32cubeide_1.4.0/stm32cubeide/plugins/com.st.stm32cube.ide.mcu.externaltools.gnu-tools-for-stm32.7-2018-q2-update.win32_1.5.0.202011040924/tools/bin/../lib/gcc/arm-none-eabi/7.3.1/../../../../arm-none-eabi/lib/thumb/v7e-m/fpv4-sp/hard\libc_nano.a(lib_a-findfp.o)
                0x0000000008009870                __sf_fake_stdin
 .rodata.__sf_fake_stdout
                0x0000000008009890       0x20 c:/st/stm32cubeide_1.4.0/stm32cubeide/plugins/com.st.stm32cube.ide.mcu.externaltools.gnu-tools-for-stm32.7-2018-q2-update.win32_1.5.0.202011040924/tools/bin/../lib/gcc/arm-none-eabi/7.3.1/../../../../arm-none-eabi/lib/thumb/v7e-m/fpv4-sp/hard\libc_nano.a(lib_a-findfp.o)
                0x0000000008009890                __sf_fake_stdout
 .rodata.__mprec_bigtens
                0x00000000080098b0       0x28 c:/st/stm32cubeide_1.4.0/stm32cubeide/plugins/com.st.stm32cube.ide.mcu.externaltools.gnu-tools-for-stm32.7-2018-q2-update.win32_1.5.0.202011040924/tools/bin/../lib/gcc/arm-none-eabi/7.3.1/../../../../arm-none-eabi/lib/thumb/v7e-m/fpv4-sp/hard\libc_nano.a(lib_a-mprec.o)
                0x00000000080098b0                __mprec_bigtens
 .rodata.__mprec_tens
                0x00000000080098d8       0xc8 c:/st/stm32cubeide_1.4.0/stm32cubeide/plugins/com.st.stm32cube.ide.mcu.externaltools.gnu-tools-for-stm32.7-2018-q2-update.win32_1.5.0.202011040924/tools/bin/../lib/gcc/arm-none-eabi/7.3.1/../../../../arm-none-eabi/lib/thumb/v7e-m/fpv4-sp/hard\libc_nano.a(lib_a-mprec.o)
                0x00000000080098d8                __mprec_tens
 .rodata.p05.7359
                0x00000000080099a0        0xc c:/st/stm32cubeide_1.4.0/stm32cubeide/plugins/com.st.stm32cube.ide.mcu.externaltools.gnu-tools-for-stm32.7-2018-q2-update.win32_1.5.0.202011040924/tools/bin/../lib/gcc/arm-none-eabi/7.3.1/../../../../arm-none-eabi/lib/thumb/v7e-m/fpv4-sp/hard\libc_nano.a(lib_a-mprec.o)
 .rodata._setlocale_r.str1.1
                0x00000000080099ac        0x8 c:/st/stm32cubeide_1.4.0/stm32cubeide/plugins/com.st.stm32cube.ide.mcu.externaltools.gnu-tools-for-stm32.7-2018-q2-update.win32_1.5.0.202011040924/tools/bin/../lib/gcc/arm-none-eabi/7.3.1/../../../../arm-none-eabi/lib/thumb/v7e-m/fpv4-sp/hard\libc_nano.a(lib_a-locale.o)
                                          0x9 (size before relaxing)
 .rodata.str1.1
                0x00000000080099b4        0x2 c:/st/stm32cubeide_1.4.0/stm32cubeide/plugins/com.st.stm32cube.ide.mcu.externaltools.gnu-tools-for-stm32.7-2018-q2-update.win32_1.5.0.202011040924/tools/bin/../lib/gcc/arm-none-eabi/7.3.1/../../../../arm-none-eabi/lib/thumb/v7e-m/fpv4-sp/hard\libc_nano.a(lib_a-locale.o)
 .rodata._ctype_
                0x00000000080099b6      0x101 c:/st/stm32cubeide_1.4.0/stm32cubeide/plugins/com.st.stm32cube.ide.mcu.externaltools.gnu-tools-for-stm32.7-2018-q2-update.win32_1.5.0.202011040924/tools/bin/../lib/gcc/arm-none-eabi/7.3.1/../../../../arm-none-eabi/lib/thumb/v7e-m/fpv4-sp/hard\libc_nano.a(lib_a-ctype_.o)
                0x00000000080099b6                _ctype_
 .rodata.asinf.str1.1
                0x0000000008009ab7        0x6 c:/st/stm32cubeide_1.4.0/stm32cubeide/plugins/com.st.stm32cube.ide.mcu.externaltools.gnu-tools-for-stm32.7-2018-q2-update.win32_1.5.0.202011040924/tools/bin/../lib/gcc/arm-none-eabi/7.3.1/../../../../arm-none-eabi/lib/thumb/v7e-m/fpv4-sp/hard\libm.a(lib_a-wf_asin.o)
                                          0x7 (size before relaxing)
 .rodata.sqrtf.str1.1
                0x0000000008009abd        0x6 c:/st/stm32cubeide_1.4.0/stm32cubeide/plugins/com.st.stm32cube.ide.mcu.externaltools.gnu-tools-for-stm32.7-2018-q2-update.win32_1.5.0.202011040924/tools/bin/../lib/gcc/arm-none-eabi/7.3.1/../../../../arm-none-eabi/lib/thumb/v7e-m/fpv4-sp/hard\libm.a(lib_a-wf_sqrt.o)
 *fill*         0x0000000008009ac3        0x1 
 .rodata.npio2_hw
                0x0000000008009ac4       0x80 c:/st/stm32cubeide_1.4.0/stm32cubeide/plugins/com.st.stm32cube.ide.mcu.externaltools.gnu-tools-for-stm32.7-2018-q2-update.win32_1.5.0.202011040924/tools/bin/../lib/gcc/arm-none-eabi/7.3.1/../../../../arm-none-eabi/lib/thumb/v7e-m/fpv4-sp/hard\libm.a(lib_a-ef_rem_pio2.o)
 .rodata.two_over_pi
                0x0000000008009b44      0x318 c:/st/stm32cubeide_1.4.0/stm32cubeide/plugins/com.st.stm32cube.ide.mcu.externaltools.gnu-tools-for-stm32.7-2018-q2-update.win32_1.5.0.202011040924/tools/bin/../lib/gcc/arm-none-eabi/7.3.1/../../../../arm-none-eabi/lib/thumb/v7e-m/fpv4-sp/hard\libm.a(lib_a-ef_rem_pio2.o)
 .rodata.PIo2   0x0000000008009e5c       0x2c c:/st/stm32cubeide_1.4.0/stm32cubeide/plugins/com.st.stm32cube.ide.mcu.externaltools.gnu-tools-for-stm32.7-2018-q2-update.win32_1.5.0.202011040924/tools/bin/../lib/gcc/arm-none-eabi/7.3.1/../../../../arm-none-eabi/lib/thumb/v7e-m/fpv4-sp/hard\libm.a(lib_a-kf_rem_pio2.o)
 .rodata.init_jk
                0x0000000008009e88        0xc c:/st/stm32cubeide_1.4.0/stm32cubeide/plugins/com.st.stm32cube.ide.mcu.externaltools.gnu-tools-for-stm32.7-2018-q2-update.win32_1.5.0.202011040924/tools/bin/../lib/gcc/arm-none-eabi/7.3.1/../../../../arm-none-eabi/lib/thumb/v7e-m/fpv4-sp/hard\libm.a(lib_a-kf_rem_pio2.o)
                0x0000000008009e94                . = ALIGN (0x4)

.ARM.extab      0x0000000008009e94        0x0
                0x0000000008009e94                . = ALIGN (0x4)
 *(.ARM.extab* .gnu.linkonce.armextab.*)
                0x0000000008009e94                . = ALIGN (0x4)

.ARM            0x0000000008009e94        0x8
                0x0000000008009e94                . = ALIGN (0x4)
                0x0000000008009e94                __exidx_start = .
 *(.ARM.exidx*)
 .ARM.exidx     0x0000000008009e94        0x8 c:/st/stm32cubeide_1.4.0/stm32cubeide/plugins/com.st.stm32cube.ide.mcu.externaltools.gnu-tools-for-stm32.7-2018-q2-update.win32_1.5.0.202011040924/tools/bin/../lib/gcc/arm-none-eabi/7.3.1/thumb/v7e-m/fpv4-sp/hard\libgcc.a(_udivmoddi4.o)
                0x0000000008009e9c                __exidx_end = .
                0x0000000008009e9c                . = ALIGN (0x4)

.rel.dyn        0x0000000008009e9c        0x0
 .rel.iplt      0x0000000008009e9c        0x0 c:/st/stm32cubeide_1.4.0/stm32cubeide/plugins/com.st.stm32cube.ide.mcu.externaltools.gnu-tools-for-stm32.7-2018-q2-update.win32_1.5.0.202011040924/tools/bin/../lib/gcc/arm-none-eabi/7.3.1/thumb/v7e-m/fpv4-sp/hard/crtbegin.o

.preinit_array  0x0000000008009e9c        0x0
                0x0000000008009e9c                . = ALIGN (0x4)
                0x0000000008009e9c                PROVIDE (__preinit_array_start = .)
 *(.preinit_array*)
                0x0000000008009e9c                PROVIDE (__preinit_array_end = .)
                0x0000000008009e9c                . = ALIGN (0x4)

.init_array     0x0000000008009e9c        0x4
                0x0000000008009e9c                . = ALIGN (0x4)
                0x0000000008009e9c                PROVIDE (__init_array_start = .)
 *(SORT_BY_NAME(.init_array.*))
 *(.init_array*)
 .init_array    0x0000000008009e9c        0x4 c:/st/stm32cubeide_1.4.0/stm32cubeide/plugins/com.st.stm32cube.ide.mcu.externaltools.gnu-tools-for-stm32.7-2018-q2-update.win32_1.5.0.202011040924/tools/bin/../lib/gcc/arm-none-eabi/7.3.1/thumb/v7e-m/fpv4-sp/hard/crtbegin.o
                0x0000000008009ea0                PROVIDE (__init_array_end = .)
                0x0000000008009ea0                . = ALIGN (0x4)

.fini_array     0x0000000008009ea0        0x4
                0x0000000008009ea0                . = ALIGN (0x4)
                [!provide]                        PROVIDE (__fini_array_start = .)
 *(SORT_BY_NAME(.fini_array.*))
 *(.fini_array*)
 .fini_array    0x0000000008009ea0        0x4 c:/st/stm32cubeide_1.4.0/stm32cubeide/plugins/com.st.stm32cube.ide.mcu.externaltools.gnu-tools-for-stm32.7-2018-q2-update.win32_1.5.0.202011040924/tools/bin/../lib/gcc/arm-none-eabi/7.3.1/thumb/v7e-m/fpv4-sp/hard/crtbegin.o
                [!provide]                        PROVIDE (__fini_array_end = .)
                0x0000000008009ea4                . = ALIGN (0x4)
                0x0000000008009ea4                _sidata = LOADADDR (.data)

.data           0x0000000020000000     0x188c load address 0x0000000008009ea4
                0x0000000020000000                . = ALIGN (0x4)
                0x0000000020000000                _sdata = .
 *(.data)
 *(.data*)
 .data.name_config_request
                0x0000000020000000        0xc Core/Data_Logger/Data_logger.o
 .data.name_full_manual_mode
                0x000000002000000c        0xc Core/Data_Logger/Data_logger.o
 .data.name_idle_mode
                0x0000000020000018        0xa Core/Data_Logger/Data_logger.o
 *fill*         0x0000000020000022        0x2 
 .data.name_input_pwm1
                0x0000000020000024        0x6 Core/Data_Logger/Data_logger.o
 *fill*         0x000000002000002a        0x2 
 .data.name_mcu_load
                0x000000002000002c        0x9 Core/Data_Logger/Data_logger.o
 *fill*         0x0000000020000035        0x3 
 .data.name_mode_angle
                0x0000000020000038        0xb Core/Data_Logger/Data_logger.o
 *fill*         0x0000000020000043        0x1 
 .data.name_motor_output
                0x0000000020000044        0xd Core/Data_Logger/Data_logger.o
 *fill*         0x0000000020000051        0x3 
 .data.name_pitch_acc
                0x0000000020000054        0xa Core/Data_Logger/Data_logger.o
 *fill*         0x000000002000005e        0x2 
 .data.name_pitch_acc_raw
                0x0000000020000060        0xe Core/Data_Logger/Data_logger.o
 *fill*         0x000000002000006e        0x2 
 .data.name_pitch_angle
                0x0000000020000070        0xc Core/Data_Logger/Data_logger.o
 .data.name_pitch_angle_acc
                0x000000002000007c        0xe Core/Data_Logger/Data_logger.o
 *fill*         0x000000002000008a        0x2 
 .data.name_pitch_gyro
                0x000000002000008c        0xb Core/Data_Logger/Data_logger.o
 *fill*         0x0000000020000097        0x1 
 .data.name_pitch_gyro_raw
                0x0000000020000098        0xf Core/Data_Logger/Data_logger.o
 *fill*         0x00000000200000a7        0x1 
 .data.name_roll_acc
                0x00000000200000a8        0x9 Core/Data_Logger/Data_logger.o
 *fill*         0x00000000200000b1        0x3 
 .data.name_roll_acc_raw
                0x00000000200000b4        0xd Core/Data_Logger/Data_logger.o
 *fill*         0x00000000200000c1        0x3 
 .data.name_roll_angle
                0x00000000200000c4        0xb Core/Data_Logger/Data_logger.o
 *fill*         0x00000000200000cf        0x1 
 .data.name_roll_angle_acc
                0x00000000200000d0        0xd Core/Data_Logger/Data_logger.o
 *fill*         0x00000000200000dd        0x3 
 .data.name_roll_gyro
                0x00000000200000e0        0xa Core/Data_Logger/Data_logger.o
 *fill*         0x00000000200000ea        0x2 
 .data.name_roll_gyro_raw
                0x00000000200000ec        0xe Core/Data_Logger/Data_logger.o
 *fill*         0x00000000200000fa        0x2 
 .data.name_simulation_output1
                0x00000000200000fc        0x8 Core/Data_Logger/Data_logger.o
 .data.name_start_simulation
                0x0000000020000104       0x11 Core/Data_Logger/Data_logger.o
 *fill*         0x0000000020000115        0x3 
 .data.name_start_transfer
                0x0000000020000118        0xf Core/Data_Logger/Data_logger.o
 *fill*         0x0000000020000127        0x1 
 .data.name_stop_transfer
                0x0000000020000128        0xe Core/Data_Logger/Data_logger.o
 *fill*         0x0000000020000136        0x2 
 .data.name_yaw_acc
                0x0000000020000138        0x8 Core/Data_Logger/Data_logger.o
 .data.name_yaw_acc_raw
                0x0000000020000140        0xc Core/Data_Logger/Data_logger.o
 .data.name_yaw_gyro
                0x000000002000014c        0x9 Core/Data_Logger/Data_logger.o
 *fill*         0x0000000020000155        0x3 
 .data.name_yaw_gyro_raw
                0x0000000020000158        0xd Core/Data_Logger/Data_logger.o
 .data.previous_state.12847
                0x0000000020000165        0x1 Core/Data_Logger/Data_logger.o
 *fill*         0x0000000020000166        0x2 
 .data.first_use
                0x0000000020000168        0x4 Core/Estimators/orientation.o
 .data.events_main
                0x000000002000016c      0x924 Core/OS/events/events.o
 .data.tasks    0x0000000020000a90      0xb98 Core/OS/tasks/task.o
                0x0000000020000a90                tasks
 .data.filter_pid_angle
                0x0000000020001628        0xc Core/Regulation/Regu_orientation.o
                0x0000000020001628                filter_pid_angle
 .data.filter_pid_velocity
                0x0000000020001634        0xc Core/Regulation/Regu_orientation.o
                0x0000000020001634                filter_pid_velocity
 .data.pid_angle_settings
                0x0000000020001640       0x14 Core/Regulation/Regu_orientation.o
                0x0000000020001640                pid_angle_settings
 .data.pid_velocity_settings
                0x0000000020001654       0x14 Core/Regulation/Regu_orientation.o
                0x0000000020001654                pid_velocity_settings
 .data.filter_config
                0x0000000020001668        0xc Core/Sensors/acc.o
                0x0000000020001668                filter_config
 .data.filter   0x0000000020001674        0xc Core/Sensors/gyro.o
                0x0000000020001674                filter
 .data.A_array.12937
                0x0000000020001680       0x10 Core/Src/main.o
 .data.X_init.12938
                0x0000000020001690        0x8 Core/Src/main.o
 .data.SystemCoreClock
                0x0000000020001698        0x4 Core/Src/system_stm32f4xx.o
                0x0000000020001698                SystemCoreClock
 .data.hey_msg.12523
                0x000000002000169c       0x15 Core/Telemetry/Telemetry.o
 .data.uwTickFreq
                0x00000000200016b1        0x1 Drivers/STM32F4xx_HAL_Driver/Src/stm32f4xx_hal.o
                0x00000000200016b1                uwTickFreq