Archive member included to satisfy reference by file (symbol)

../Drivers/CMSIS/Lib/GCC\libarm_cortexM4lf_math.a(arm_mat_trans_f32.o)
                              Core/State_Space_Model/State_Space_Model.o (arm_mat_trans_f32)
../Drivers/CMSIS/Lib/GCC\libarm_cortexM4lf_math.a(arm_mat_sub_f32.o)
                              Core/State_Space_Model/Kalman.o (arm_mat_sub_f32)
../Drivers/CMSIS/Lib/GCC\libarm_cortexM4lf_math.a(arm_mat_mult_f32.o)
                              Core/State_Space_Model/Kalman.o (arm_mat_mult_f32)
../Drivers/CMSIS/Lib/GCC\libarm_cortexM4lf_math.a(arm_mat_inverse_f32.o)
                              Core/State_Space_Model/Kalman.o (arm_mat_inverse_f32)
../Drivers/CMSIS/Lib/GCC\libarm_cortexM4lf_math.a(arm_mat_init_f32.o)
                              Core/State_Space_Model/Kalman.o (arm_mat_init_f32)
../Drivers/CMSIS/Lib/GCC\libarm_cortexM4lf_math.a(arm_mat_add_f32.o)
                              Core/State_Space_Model/Kalman.o (arm_mat_add_f32)
c:/st/stm32cubeide_1.6.1/stm32cubeide/plugins/com.st.stm32cube.ide.mcu.externaltools.gnu-tools-for-stm32.9-2020-q2-update.win32_1.5.0.202011040924/tools/bin/../lib/gcc/arm-none-eabi/9.3.1/../../../../arm-none-eabi/lib/thumb/v7e-m+fp/hard\libc_nano.a(lib_a-errno.o)
                              Core/OS/debug/retarget.o (__errno)
c:/st/stm32cubeide_1.6.1/stm32cubeide/plugins/com.st.stm32cube.ide.mcu.externaltools.gnu-tools-for-stm32.9-2020-q2-update.win32_1.5.0.202011040924/tools/bin/../lib/gcc/arm-none-eabi/9.3.1/../../../../arm-none-eabi/lib/thumb/v7e-m+fp/hard\libc_nano.a(lib_a-exit.o)
                              c:/st/stm32cubeide_1.6.1/stm32cubeide/plugins/com.st.stm32cube.ide.mcu.externaltools.gnu-tools-for-stm32.9-2020-q2-update.win32_1.5.0.202011040924/tools/bin/../lib/gcc/arm-none-eabi/9.3.1/../../../../arm-none-eabi/lib/thumb/v7e-m+fp/hard/crt0.o (exit)
c:/st/stm32cubeide_1.6.1/stm32cubeide/plugins/com.st.stm32cube.ide.mcu.externaltools.gnu-tools-for-stm32.9-2020-q2-update.win32_1.5.0.202011040924/tools/bin/../lib/gcc/arm-none-eabi/9.3.1/../../../../arm-none-eabi/lib/thumb/v7e-m+fp/hard\libc_nano.a(lib_a-impure.o)
                              c:/st/stm32cubeide_1.6.1/stm32cubeide/plugins/com.st.stm32cube.ide.mcu.externaltools.gnu-tools-for-stm32.9-2020-q2-update.win32_1.5.0.202011040924/tools/bin/../lib/gcc/arm-none-eabi/9.3.1/../../../../arm-none-eabi/lib/thumb/v7e-m+fp/hard\libc_nano.a(lib_a-exit.o) (_global_impure_ptr)
c:/st/stm32cubeide_1.6.1/stm32cubeide/plugins/com.st.stm32cube.ide.mcu.externaltools.gnu-tools-for-stm32.9-2020-q2-update.win32_1.5.0.202011040924/tools/bin/../lib/gcc/arm-none-eabi/9.3.1/../../../../arm-none-eabi/lib/thumb/v7e-m+fp/hard\libc_nano.a(lib_a-init.o)
                              c:/st/stm32cubeide_1.6.1/stm32cubeide/plugins/com.st.stm32cube.ide.mcu.externaltools.gnu-tools-for-stm32.9-2020-q2-update.win32_1.5.0.202011040924/tools/bin/../lib/gcc/arm-none-eabi/9.3.1/../../../../arm-none-eabi/lib/thumb/v7e-m+fp/hard/crt0.o (__libc_init_array)
c:/st/stm32cubeide_1.6.1/stm32cubeide/plugins/com.st.stm32cube.ide.mcu.externaltools.gnu-tools-for-stm32.9-2020-q2-update.win32_1.5.0.202011040924/tools/bin/../lib/gcc/arm-none-eabi/9.3.1/../../../../arm-none-eabi/lib/thumb/v7e-m+fp/hard\libc_nano.a(lib_a-memcpy-stub.o)
                              Core/Data_Logger/Data_logger.o (memcpy)
c:/st/stm32cubeide_1.6.1/stm32cubeide/plugins/com.st.stm32cube.ide.mcu.externaltools.gnu-tools-for-stm32.9-2020-q2-update.win32_1.5.0.202011040924/tools/bin/../lib/gcc/arm-none-eabi/9.3.1/../../../../arm-none-eabi/lib/thumb/v7e-m+fp/hard\libc_nano.a(lib_a-memmove.o)
                              Core/OS/scheduler/scheduler.o (memmove)
c:/st/stm32cubeide_1.6.1/stm32cubeide/plugins/com.st.stm32cube.ide.mcu.externaltools.gnu-tools-for-stm32.9-2020-q2-update.win32_1.5.0.202011040924/tools/bin/../lib/gcc/arm-none-eabi/9.3.1/../../../../arm-none-eabi/lib/thumb/v7e-m+fp/hard\libc_nano.a(lib_a-memset.o)
                              c:/st/stm32cubeide_1.6.1/stm32cubeide/plugins/com.st.stm32cube.ide.mcu.externaltools.gnu-tools-for-stm32.9-2020-q2-update.win32_1.5.0.202011040924/tools/bin/../lib/gcc/arm-none-eabi/9.3.1/../../../../arm-none-eabi/lib/thumb/v7e-m+fp/hard/crt0.o (memset)
c:/st/stm32cubeide_1.6.1/stm32cubeide/plugins/com.st.stm32cube.ide.mcu.externaltools.gnu-tools-for-stm32.9-2020-q2-update.win32_1.5.0.202011040924/tools/bin/../lib/gcc/arm-none-eabi/9.3.1/../../../../arm-none-eabi/lib/thumb/v7e-m+fp/hard\libc_nano.a(lib_a-nano-vfprintf_float.o)
                              (_printf_float)
c:/st/stm32cubeide_1.6.1/stm32cubeide/plugins/com.st.stm32cube.ide.mcu.externaltools.gnu-tools-for-stm32.9-2020-q2-update.win32_1.5.0.202011040924/tools/bin/../lib/gcc/arm-none-eabi/9.3.1/../../../../arm-none-eabi/lib/thumb/v7e-m+fp/hard\libc_nano.a(lib_a-nano-vfprintf_i.o)
[...]
Memory Configuration

Name             Origin             Length             Attributes
CCMRAM           0x0000000010000000 0x0000000000010000 xrw
RAM              0x0000000020000000 0x0000000000020000 xrw
FLASH            0x0000000008000000 0x0000000000100000 xr
*default*        0x0000000000000000 0xffffffffffffffff

Linker script and memory map

LOAD c:/st/stm32cubeide_1.6.1/stm32cubeide/plugins/com.st.stm32cube.ide.mcu.externaltools.gnu-tools-for-stm32.9-2020-q2-update.win32_1.5.0.202011040924/tools/bin/../lib/gcc/arm-none-eabi/9.3.1/thumb/v7e-m+fp/hard/crti.o
LOAD c:/st/stm32cubeide_1.6.1/stm32cubeide/plugins/com.st.stm32cube.ide.mcu.externaltools.gnu-tools-for-stm32.9-2020-q2-update.win32_1.5.0.202011040924/tools/bin/../lib/gcc/arm-none-eabi/9.3.1/thumb/v7e-m+fp/hard/crtbegin.o
LOAD c:/st/stm32cubeide_1.6.1/stm32cubeide/plugins/com.st.stm32cube.ide.mcu.externaltools.gnu-tools-for-stm32.9-2020-q2-update.win32_1.5.0.202011040924/tools/bin/../lib/gcc/arm-none-eabi/9.3.1/../../../../arm-none-eabi/lib/thumb/v7e-m+fp/hard/crt0.o
LOAD Core/Data_Logger/Data_logger.o
LOAD Core/Estimators/orientation.o
LOAD Core/High_lvl/High_lvl.o
LOAD Core/High_lvl/full_manual.o
LOAD Core/High_lvl/iddle.o
LOAD Core/OS/debug/debug.o
LOAD Core/OS/debug/retarget.o
LOAD Core/OS/events/events.o
LOAD Core/OS/events/mask.o
LOAD Core/OS/events/mask_def.o
LOAD Core/OS/scheduler/scheduler.o
LOAD Core/OS/tasks/task.o
LOAD Core/OS/time.o
LOAD Core/Regulation/Regu_orientation.o
LOAD Core/Sensors/acc.o
LOAD Core/Sensors/gyro.o
LOAD Core/Sensors/mpu.o
LOAD Core/Src/dma.o
LOAD Core/Src/gpio.o
LOAD Core/Src/i2c.o
LOAD Core/Src/main.o
LOAD Core/Src/stm32f4xx_hal_msp.o
LOAD Core/Src/stm32f4xx_it.o
LOAD Core/Src/system_stm32f4xx.o
LOAD Core/Src/tim.o
LOAD Core/Src/usart.o
LOAD Core/Startup/startup_stm32f407vgtx.o
LOAD Core/State_Space_Model/Kalman.o
LOAD Core/State_Space_Model/Model.o
LOAD Core/State_Space_Model/State_Space_Model.o
LOAD Core/Telemetry/Telemetry.o
LOAD Drivers/STM32F4xx_HAL_Driver/Src/stm32f4xx_hal.o
LOAD Drivers/STM32F4xx_HAL_Driver/Src/stm32f4xx_hal_cortex.o
LOAD Drivers/STM32F4xx_HAL_Driver/Src/stm32f4xx_hal_dma.o
LOAD Drivers/STM32F4xx_HAL_Driver/Src/stm32f4xx_hal_dma_ex.o
LOAD Drivers/STM32F4xx_HAL_Driver/Src/stm32f4xx_hal_exti.o
LOAD Drivers/STM32F4xx_HAL_Driver/Src/stm32f4xx_hal_flash.o
LOAD Drivers/STM32F4xx_HAL_Driver/Src/stm32f4xx_hal_flash_ex.o
LOAD Drivers/STM32F4xx_HAL_Driver/Src/stm32f4xx_hal_flash_ramfunc.o
LOAD Drivers/STM32F4xx_HAL_Driver/Src/stm32f4xx_hal_gpio.o
LOAD Drivers/STM32F4xx_HAL_Driver/Src/stm32f4xx_hal_i2c.o
LOAD Drivers/STM32F4xx_HAL_Driver/Src/stm32f4xx_hal_i2c_ex.o
LOAD Drivers/STM32F4xx_HAL_Driver/Src/stm32f4xx_hal_pwr.o
LOAD Drivers/STM32F4xx_HAL_Driver/Src/stm32f4xx_hal_pwr_ex.o
LOAD Drivers/STM32F4xx_HAL_Driver/Src/stm32f4xx_hal_rcc.o
LOAD Drivers/STM32F4xx_HAL_Driver/Src/stm32f4xx_hal_rcc_ex.o
LOAD Drivers/STM32F4xx_HAL_Driver/Src/stm32f4xx_hal_tim.o
LOAD Drivers/STM32F4xx_HAL_Driver/Src/stm32f4xx_hal_tim_ex.o
LOAD Drivers/STM32F4xx_HAL_Driver/Src/stm32f4xx_hal_uart.o
LOAD Drivers/Src/Filters.o
LOAD Drivers/Src/Led_rgb.o
LOAD Drivers/Src/Motors.o
LOAD Drivers/Src/Pid.o
LOAD ../Drivers/CMSIS/Lib/GCC\libarm_cortexM4lf_math.a
START GROUP
LOAD ../Drivers/CMSIS/Lib/GCC\libarm_cortexM4lf_math.a
END GROUP
START GROUP
LOAD c:/st/stm32cubeide_1.6.1/stm32cubeide/plugins/com.st.stm32cube.ide.mcu.externaltools.gnu-tools-for-stm32.9-2020-q2-update.win32_1.5.0.202011040924/tools/bin/../lib/gcc/arm-none-eabi/9.3.1/../../../../arm-none-eabi/lib/thumb/v7e-m+fp/hard\libc_nano.a
LOAD c:/st/stm32cubeide_1.6.1/stm32cubeide/plugins/com.st.stm32cube.ide.mcu.externaltools.gnu-tools-for-stm32.9-2020-q2-update.win32_1.5.0.202011040924/tools/bin/../lib/gcc/arm-none-eabi/9.3.1/../../../../arm-none-eabi/lib/thumb/v7e-m+fp/hard\libm.a
END GROUP
START GROUP
LOAD c:/st/stm32cubeide_1.6.1/stm32cubeide/plugins/com.st.stm32cube.ide.mcu.externaltools.gnu-tools-for-stm32.9-2020-q2-update.win32_1.5.0.202011040924/tools/bin/../lib/gcc/arm-none-eabi/9.3.1/thumb/v7e-m+fp/hard\libgcc.a
LOAD c:/st/stm32cubeide_1.6.1/stm32cubeide/plugins/com.st.stm32cube.ide.mcu.externaltools.gnu-tools-for-stm32.9-2020-q2-update.win32_1.5.0.202011040924/tools/bin/../lib/gcc/arm-none-eabi/9.3.1/../../../../arm-none-eabi/lib/thumb/v7e-m+fp/hard\libc_nano.a
END GROUP
START GROUP
LOAD c:/st/stm32cubeide_1.6.1/stm32cubeide/plugins/com.st.stm32cube.ide.mcu.externaltools.gnu-tools-for-stm32.9-2020-q2-update.win32_1.5.0.202011040924/tools/bin/../lib/gcc/arm-none-eabi/9.3.1/thumb/v7e-m+fp/hard\libgcc.a
LOAD c:/st/stm32cubeide_1.6.1/stm32cubeide/plugins/com.st.stm32cube.ide.mcu.externaltools.gnu-tools-for-stm32.9-2020-q2-update.win32_1.5.0.202011040924/tools/bin/../lib/gcc/arm-none-eabi/9.3.1/../../../../arm-none-eabi/lib/thumb/v7e-m+fp/hard\libc_nano.a
LOAD c:/st/stm32cubeide_1.6.1/stm32cubeide/plugins/com.st.stm32cube.ide.mcu.externaltools.gnu-tools-for-stm32.9-2020-q2-update.win32_1.5.0.202011040924/tools/bin/../lib/gcc/arm-none-eabi/9.3.1/../../../../arm-none-eabi/lib/thumb/v7e-m+fp/hard\libnosys.a
END GROUP
START GROUP
LOAD c:/st/stm32cubeide_1.6.1/stm32cubeide/plugins/com.st.stm32cube.ide.mcu.externaltools.gnu-tools-for-stm32.9-2020-q2-update.win32_1.5.0.202011040924/tools/bin/../lib/gcc/arm-none-eabi/9.3.1/thumb/v7e-m+fp/hard\libgcc.a
LOAD c:/st/stm32cubeide_1.6.1/stm32cubeide/plugins/com.st.stm32cube.ide.mcu.externaltools.gnu-tools-for-stm32.9-2020-q2-update.win32_1.5.0.202011040924/tools/bin/../lib/gcc/arm-none-eabi/9.3.1/../../../../arm-none-eabi/lib/thumb/v7e-m+fp/hard\libc_nano.a
LOAD c:/st/stm32cubeide_1.6.1/stm32cubeide/plugins/com.st.stm32cube.ide.mcu.externaltools.gnu-tools-for-stm32.9-2020-q2-update.win32_1.5.0.202011040924/tools/bin/../lib/gcc/arm-none-eabi/9.3.1/../../../../arm-none-eabi/lib/thumb/v7e-m+fp/hard\libnosys.a
END GROUP
LOAD c:/st/stm32cubeide_1.6.1/stm32cubeide/plugins/com.st.stm32cube.ide.mcu.externaltools.gnu-tools-for-stm32.9-2020-q2-update.win32_1.5.0.202011040924/tools/bin/../lib/gcc/arm-none-eabi/9.3.1/thumb/v7e-m+fp/hard/crtend.o
LOAD c:/st/stm32cubeide_1.6.1/stm32cubeide/plugins/com.st.stm32cube.ide.mcu.externaltools.gnu-tools-for-stm32.9-2020-q2-update.win32_1.5.0.202011040924/tools/bin/../lib/gcc/arm-none-eabi/9.3.1/thumb/v7e-m+fp/hard/crtn.o
                0x0000000020020000                _estack = (ORIGIN (RAM) + LENGTH (RAM))
                0x0000000000000200                _Min_Heap_Size = 0x200
                0x0000000000000400                _Min_Stack_Size = 0x400

.isr_vector     0x0000000008000000      0x188
                0x0000000008000000                . = ALIGN (0x4)
 *(.isr_vector)
 .isr_vector    0x0000000008000000      0x188 Core/Startup/startup_stm32f407vgtx.o
                0x0000000008000000                g_pfnVectors
                0x0000000008000188                . = ALIGN (0x4)

.text           0x0000000008000190     0x9a24
                0x0000000008000190                . = ALIGN (0x4)
 *(.text)
 .text          0x0000000008000190       0x40 c:/st/stm32cubeide_1.6.1/stm32cubeide/plugins/com.st.stm32cube.ide.mcu.externaltools.gnu-tools-for-stm32.9-2020-q2-update.win32_1.5.0.202011040924/tools/bin/../lib/gcc/arm-none-eabi/9.3.1/thumb/v7e-m+fp/hard/crtbegin.o
 .text          0x00000000080001d0       0x10 c:/st/stm32cubeide_1.6.1/stm32cubeide/plugins/com.st.stm32cube.ide.mcu.externaltools.gnu-tools-for-stm32.9-2020-q2-update.win32_1.5.0.202011040924/tools/bin/../lib/gcc/arm-none-eabi/9.3.1/../../../../arm-none-eabi/lib/thumb/v7e-m+fp/hard\libc_nano.a(lib_a-strlen.o)
                0x00000000080001d0                strlen
 .text          0x00000000080001e0       0xa0 c:/st/stm32cubeide_1.6.1/stm32cubeide/plugins/com.st.stm32cube.ide.mcu.externaltools.gnu-tools-for-stm32.9-2020-q2-update.win32_1.5.0.202011040924/tools/bin/../lib/gcc/arm-none-eabi/9.3.1/../../../../arm-none-eabi/lib/thumb/v7e-m+fp/hard\libc_nano.a(lib_a-memchr.o)
                0x00000000080001e0                memchr
 .text          0x0000000008000280      0x378 c:/st/stm32cubeide_1.6.1/stm32cubeide/plugins/com.st.stm32cube.ide.mcu.externaltools.gnu-tools-for-stm32.9-2020-q2-update.win32_1.5.0.202011040924/tools/bin/../lib/gcc/arm-none-eabi/9.3.1/thumb/v7e-m+fp/hard\libgcc.a(_arm_addsubdf3.o)
                0x0000000008000280                __aeabi_drsub
                0x0000000008000288                __aeabi_dsub
                0x0000000008000288                __subdf3
                0x000000000800028c                __aeabi_dadd
                0x000000000800028c                __adddf3
                0x0000000008000504                __floatunsidf
                0x0000000008000504                __aeabi_ui2d
                0x0000000008000524                __floatsidf
                0x0000000008000524                __aeabi_i2d
                0x0000000008000548                __aeabi_f2d
                0x0000000008000548                __extendsfdf2
                0x000000000800058c                __floatundidf
                0x000000000800058c                __aeabi_ul2d
                0x000000000800059c                __floatdidf
                0x000000000800059c                __aeabi_l2d
 .text          0x00000000080005f8      0x424 c:/st/stm32cubeide_1.6.1/stm32cubeide/plugins/com.st.stm32cube.ide.mcu.externaltools.gnu-tools-for-stm32.9-2020-q2-update.win32_1.5.0.202011040924/tools/bin/../lib/gcc/arm-none-eabi/9.3.1/thumb/v7e-m+fp/hard\libgcc.a(_arm_muldivdf3.o)
                0x00000000080005f8                __aeabi_dmul
                0x00000000080005f8                __muldf3
                0x000000000800084c                __divdf3
                0x000000000800084c                __aeabi_ddiv
 .text          0x0000000008000a1c      0x110 c:/st/stm32cubeide_1.6.1/stm32cubeide/plugins/com.st.stm32cube.ide.mcu.externaltools.gnu-tools-for-stm32.9-2020-q2-update.win32_1.5.0.202011040924/tools/bin/../lib/gcc/arm-none-eabi/9.3.1/thumb/v7e-m+fp/hard\libgcc.a(_arm_cmpdf2.o)
                0x0000000008000a1c                __gtdf2
                0x0000000008000a1c                __gedf2
                0x0000000008000a24                __ltdf2
                0x0000000008000a24                __ledf2
                0x0000000008000a2c                __nedf2
                0x0000000008000a2c                __eqdf2
                0x0000000008000a2c                __cmpdf2
                0x0000000008000aa8                __aeabi_cdrcmple
                0x0000000008000ab8                __aeabi_cdcmpeq
                0x0000000008000ab8                __aeabi_cdcmple
                0x0000000008000ac8                __aeabi_dcmpeq
                0x0000000008000adc                __aeabi_dcmplt
                0x0000000008000af0                __aeabi_dcmple
                0x0000000008000b04                __aeabi_dcmpge
                0x0000000008000b18                __aeabi_dcmpgt
 .text          0x0000000008000b2c       0x2c c:/st/stm32cubeide_1.6.1/stm32cubeide/plugins/com.st.stm32cube.ide.mcu.externaltools.gnu-tools-for-stm32.9-2020-q2-update.win32_1.5.0.202011040924/tools/bin/../lib/gcc/arm-none-eabi/9.3.1/thumb/v7e-m+fp/hard\libgcc.a(_arm_unorddf2.o)
                0x0000000008000b2c                __unorddf2
                0x0000000008000b2c                __aeabi_dcmpun
 .text          0x0000000008000b58       0x50 c:/st/stm32cubeide_1.6.1/stm32cubeide/plugins/com.st.stm32cube.ide.mcu.externaltools.gnu-tools-for-stm32.9-2020-q2-update.win32_1.5.0.202011040924/tools/bin/../lib/gcc/arm-none-eabi/9.3.1/thumb/v7e-m+fp/hard\libgcc.a(_arm_fixdfsi.o)
                0x0000000008000b58                __aeabi_d2iz
                0x0000000008000b58                __fixdfsi
 .text          0x0000000008000ba8       0x30 c:/st/stm32cubeide_1.6.1/stm32cubeide/plugins/com.st.stm32cube.ide.mcu.externaltools.gnu-tools-for-stm32.9-2020-q2-update.win32_1.5.0.202011040924/tools/bin/../lib/gcc/arm-none-eabi/9.3.1/thumb/v7e-m+fp/hard\libgcc.a(_aeabi_uldivmod.o)
                0x0000000008000ba8                __aeabi_uldivmod
 .text          0x0000000008000bd8      0x2c4 c:/st/stm32cubeide_1.6.1/stm32cubeide/plugins/com.st.stm32cube.ide.mcu.externaltools.gnu-tools-for-stm32.9-2020-q2-update.win32_1.5.0.202011040924/tools/bin/../lib/gcc/arm-none-eabi/9.3.1/thumb/v7e-m+fp/hard\libgcc.a(_udivmoddi4.o)
                0x0000000008000bd8                __udivmoddi4
 .text          0x0000000008000e9c        0x4 c:/st/stm32cubeide_1.6.1/stm32cubeide/plugins/com.st.stm32cube.ide.mcu.externaltools.gnu-tools-for-stm32.9-2020-q2-update.win32_1.5.0.202011040924/tools/bin/../lib/gcc/arm-none-eabi/9.3.1/thumb/v7e-m+fp/hard\libgcc.a(_dvmd_tls.o)
                0x0000000008000e9c                __aeabi_idiv0
                0x0000000008000e9c                __aeabi_ldiv0
 *(.text*)
 .text.DATA_LOGGER_Init
                0x0000000008000ea0      0x490 Core/Data_Logger/Data_logger.o
                0x0000000008000ea0                DATA_LOGGER_Init
 .text.DATA_LOGGER_Start
                0x0000000008001330        0xc Core/Data_Logger/Data_logger.o
                0x0000000008001330                DATA_LOGGER_Start
 .text.DATA_LOGGER_Stop
                0x000000000800133c        0xc Core/Data_Logger/Data_logger.o
                0x000000000800133c                DATA_LOGGER_Stop
 .text.DATA_LOGGER_Reception
                0x0000000008001348       0xb0 Core/Data_Logger/Data_logger.o
                0x0000000008001348                DATA_LOGGER_Reception
 .text.DATA_LOGGER_Get_Data_Value
                0x00000000080013f8      0x138 Core/Data_Logger/Data_logger.o
                0x00000000080013f8                DATA_LOGGER_Get_Data_Value
 .text.DATA_LOGGER_Get_Data_Config
                0x0000000008001530       0x54 Core/Data_Logger/Data_logger.o
                0x0000000008001530                DATA_LOGGER_Get_Data_Config
 .text.DATA_LOGGER_Main
                0x0000000008001584      0x160 Core/Data_Logger/Data_logger.o
                0x0000000008001584                DATA_LOGGER_Main
 .text.DATA_LOGGER_Get_Data
                0x00000000080016e4       0x10 Core/Data_Logger/Data_logger.o
                0x00000000080016e4                DATA_LOGGER_Get_Data
 .text.angle_180
                0x00000000080016f4       0x3c Core/Estimators/orientation.o
 .text.ORIENTATION_Init
                0x0000000008001730       0x4c Core/Estimators/orientation.o
                0x0000000008001730                ORIENTATION_Init
 .text.ORIENTATION_Update
                0x000000000800177c       0x60 Core/Estimators/orientation.o
                0x000000000800177c                ORIENTATION_Update
 .text.HIGH_LVL_Init
                0x00000000080017dc       0x14 Core/High_lvl/High_lvl.o
                0x00000000080017dc                HIGH_LVL_Init
 .text.HIGH_LVL_Set_Mode
                0x00000000080017f0        0xc Core/High_lvl/High_lvl.o
                0x00000000080017f0                HIGH_LVL_Set_Mode
 .text.HIGH_LVL_Main
                0x00000000080017fc       0x64 Core/High_lvl/High_lvl.o
                0x00000000080017fc                HIGH_LVL_Main
 .text.full_manual_entrance
                0x0000000008001860        0xa Core/High_lvl/full_manual.o
                0x0000000008001860                full_manual_entrance
 .text.full_manual_main
                0x000000000800186a        0x2 Core/High_lvl/full_manual.o
                0x000000000800186a                full_manual_main
 .text.idle_entrance
                0x000000000800186c        0xa Core/High_lvl/iddle.o
                0x000000000800186c                idle_entrance
 .text.idle_main
                0x0000000008001876        0x2 Core/High_lvl/iddle.o
                0x0000000008001876                idle_main
 .text.DEBUG_init
                0x0000000008001878       0x18 Core/OS/debug/debug.o
                0x0000000008001878                DEBUG_init
 .text.RetargetInit
                0x0000000008001890       0x20 Core/OS/debug/retarget.o
                0x0000000008001890                RetargetInit
 .text._isatty  0x00000000080018b0       0x16 Core/OS/debug/retarget.o
                0x00000000080018b0                _isatty
 *fill*         0x00000000080018c6        0x2 
 .text._write   0x00000000080018c8       0x34 Core/OS/debug/retarget.o
                0x00000000080018c8                _write
 .text._close   0x00000000080018fc       0x18 Core/OS/debug/retarget.o
                0x00000000080018fc                _close
 .text._lseek   0x0000000008001914       0x10 Core/OS/debug/retarget.o
                0x0000000008001914                _lseek
 .text._read    0x0000000008001924       0x30 Core/OS/debug/retarget.o
                0x0000000008001924                _read
 .text._fstat   0x0000000008001954       0x1a Core/OS/debug/retarget.o
                0x0000000008001954                _fstat
 *fill*         0x000000000800196e        0x2 
 .text.orientation_update
                0x0000000008001970       0x28 Core/OS/events/events.o
 .text.acc_data_ready_func
                0x0000000008001998       0x1c Core/OS/events/events.o
 .text.gyro_data_ready_func
                0x00000000080019b4       0x1c Core/OS/events/events.o
 .text.EVENT_init
                0x00000000080019d0       0x10 Core/OS/events/events.o
                0x00000000080019d0                EVENT_init
 .text.EVENT_process
                0x00000000080019e0       0xcc Core/OS/events/events.o
                0x00000000080019e0                EVENT_process
 .text.EVENT_Set_flag
                0x0000000008001aac       0x20 Core/OS/events/events.o
                0x0000000008001aac                EVENT_Set_flag
 .text.acc_init_ok_func
                0x0000000008001acc       0x20 Core/OS/events/events.o
 .text.gyro_init_ok_func
                0x0000000008001aec       0x20 Core/OS/events/events.o
 .text.EVENT_Clean_flag
                0x0000000008001b0c       0x20 Core/OS/events/events.o
                0x0000000008001b0c                EVENT_Clean_flag
 .text.Mask_test_and
                0x0000000008001b2c       0x38 Core/OS/events/mask.o
                0x0000000008001b2c                Mask_test_and
 .text.Mask_test_or
                0x0000000008001b64       0x36 Core/OS/events/mask.o
                0x0000000008001b64                Mask_test_or
 .text.MASK_set_flag
                0x0000000008001b9a       0x28 Core/OS/events/mask.o
                0x0000000008001b9a                MASK_set_flag
 .text.MASK_clean_flag
                0x0000000008001bc2       0x28 Core/OS/events/mask.o
                0x0000000008001bc2                MASK_clean_flag
 .text.mask_def_gyro_init_ok
                0x0000000008001bea       0x20 Core/OS/events/mask_def.o
 .text.mask_def_gyro_data_ready
                0x0000000008001c0a       0x16 Core/OS/events/mask_def.o
 .text.mask_def_acc_init_ok
                0x0000000008001c20       0x20 Core/OS/events/mask_def.o
 .text.mask_def_acc_data_ready
                0x0000000008001c40       0x16 Core/OS/events/mask_def.o
 .text.mask_def_orientation_update
                0x0000000008001c56       0x26 Core/OS/events/mask_def.o
 .text.mask_def_events_init
                0x0000000008001c7c       0x2c Core/OS/events/mask_def.o
                0x0000000008001c7c                mask_def_events_init
 .text.get_first_task
                0x0000000008001ca8       0x14 Core/OS/scheduler/scheduler.o
 .text.get_next_task
                0x0000000008001cbc       0x18 Core/OS/scheduler/scheduler.o
 .text.queu_contains
                0x0000000008001cd4       0x30 Core/OS/scheduler/scheduler.o
 .text.task_process
                0x0000000008001d04       0xec Core/OS/scheduler/scheduler.o
 .text.queu_add
                0x0000000008001df0       0x6c Core/OS/scheduler/scheduler.o
 .text.queu_remove
                0x0000000008001e5c       0x54 Core/OS/scheduler/scheduler.o
 .text.SCHEDULER_init
                0x0000000008001eb0       0x10 Core/OS/scheduler/scheduler.o
                0x0000000008001eb0                SCHEDULER_init
 .text.SCHEDULER_run
                0x0000000008001ec0       0x90 Core/OS/scheduler/scheduler.o
                0x0000000008001ec0                SCHEDULER_run
 .text.SCHEDULER_task
                0x0000000008001f50       0x34 Core/OS/scheduler/scheduler.o
                0x0000000008001f50                SCHEDULER_task
 .text.SCHEDULER_get_cpu_load
                0x0000000008001f84       0x54 Core/OS/scheduler/scheduler.o
                0x0000000008001f84                SCHEDULER_get_cpu_load
 .text.SCHEDULER_enable_task
                0x0000000008001fd8       0x18 Core/OS/scheduler/scheduler.o
                0x0000000008001fd8                SCHEDULER_enable_task
 .text.SCHEDULER_task_set_mode
                0x0000000008001ff0       0x34 Core/OS/scheduler/scheduler.o
                0x0000000008001ff0                SCHEDULER_task_set_mode
 .text.SCHEDULER_reschedule_task
                0x0000000008002024        0xc Core/OS/scheduler/scheduler.o
                0x0000000008002024                SCHEDULER_reschedule_task
 .text.process_printf
                0x0000000008002030        0x2 Core/OS/tasks/task.o
                0x0000000008002030                process_printf
 .text.process_acc_update
                0x0000000008002032        0x2 Core/OS/tasks/task.o
                0x0000000008002032                process_acc_update
 .text.process_stuff_made_here
                0x0000000008002034        0x2 Core/OS/tasks/task.o
                0x0000000008002034                process_stuff_made_here
 *fill*         0x0000000008002036        0x2 
 .text.process_gyro_update
                0x0000000008002038       0x14 Core/OS/tasks/task.o
                0x0000000008002038                process_gyro_update
 .text.process_gyro_filter
                0x000000000800204c       0x14 Core/OS/tasks/task.o
                0x000000000800204c                process_gyro_filter
 .text.process_acc_filter
                0x0000000008002060       0x20 Core/OS/tasks/task.o
                0x0000000008002060                process_acc_filter
 .text.process_event_main
                0x0000000008002080        0xa Core/OS/tasks/task.o
                0x0000000008002080                process_event_main
 *fill*         0x000000000800208a        0x2 
 .text.process_orientation_update
                0x000000000800208c       0x34 Core/OS/tasks/task.o
                0x000000000800208c                process_orientation_update
 .text.process_task_scheduler
                0x00000000080020c0        0x8 Core/OS/tasks/task.o
                0x00000000080020c0                process_task_scheduler
 .text.process_telemetry
                0x00000000080020c8        0x8 Core/OS/tasks/task.o
                0x00000000080020c8                process_telemetry
 .text.process_logger
                0x00000000080020d0        0x8 Core/OS/tasks/task.o
                0x00000000080020d0                process_logger
 .text.process_high_lvl
                0x00000000080020d8        0x8 Core/OS/tasks/task.o
                0x00000000080020d8                process_high_lvl
 .text.process_self_test
                0x00000000080020e0       0x18 Core/OS/tasks/task.o
                0x00000000080020e0                process_self_test
 .text.tasks_init
                0x00000000080020f8       0x74 Core/OS/tasks/task.o
                0x00000000080020f8                tasks_init
 .text.TASK_get_task
                0x000000000800216c       0x10 Core/OS/tasks/task.o
                0x000000000800216c                TASK_get_task
 .text.TIME_us  0x000000000800217c       0x40 Core/OS/time.o
                0x000000000800217c                TIME_us
 .text.REGULATION_ORIENTATION_Init
                0x00000000080021bc       0x40 Core/Regulation/Regu_orientation.o
                0x00000000080021bc                REGULATION_ORIENTATION_Init
 .text.REGULATION_ORIENTATION_Set_Regulation_Mode
                0x00000000080021fc        0xc Core/Regulation/Regu_orientation.o
                0x00000000080021fc                REGULATION_ORIENTATION_Set_Regulation_Mode
 .text.REGULATION_ORIENTATION_Process
                0x0000000008002208       0x34 Core/Regulation/Regu_orientation.o
                0x0000000008002208                REGULATION_ORIENTATION_Process
 .text.acc_correction
                0x000000000800223c       0x28 Core/Sensors/acc.o
 .text.acc_data_callback
                0x0000000008002264        0xa Core/Sensors/acc.o
 *fill*         0x000000000800226e        0x2 
 .text.ACC_init
                0x0000000008002270       0x60 Core/Sensors/acc.o
                0x0000000008002270                ACC_init
 .text.ACC_process_lpf
                0x00000000080022d0       0x76 Core/Sensors/acc.o
                0x00000000080022d0                ACC_process_lpf
 *fill*         0x0000000008002346        0x2 
 .text.ACC_process_angle
                0x0000000008002348       0xb4 Core/Sensors/acc.o
                0x0000000008002348                ACC_process_angle
 .text.gyro_data_callback
                0x00000000080023fc        0xa Core/Sensors/gyro.o
 *fill*         0x0000000008002406        0x2 
 .text.GYRO_init
                0x0000000008002408       0x60 Core/Sensors/gyro.o
                0x0000000008002408                GYRO_init
 .text.GYRO_ACC_update_dma
                0x0000000008002468       0x1c Core/Sensors/gyro.o
                0x0000000008002468                GYRO_ACC_update_dma
 .text.GYRO_process_lpf
                0x0000000008002484       0x7e Core/Sensors/gyro.o
                0x0000000008002484                GYRO_process_lpf
 .text.convert_gyro
                0x0000000008002502       0x60 Core/Sensors/mpu.o
 .text.convert_acc
                0x0000000008002562       0x66 Core/Sensors/mpu.o
 .text.MPU_dma_transmit_complete
                0x00000000080025c8       0x40 Core/Sensors/mpu.o
 .text.MPU_init
                0x0000000008002608       0xa4 Core/Sensors/mpu.o
                0x0000000008002608                MPU_init
 .text.MPU_init_gyro
                0x00000000080026ac       0xa8 Core/Sensors/mpu.o
                0x00000000080026ac                MPU_init_gyro
 .text.MPU_init_acc
                0x0000000008002754       0x98 Core/Sensors/mpu.o
                0x0000000008002754                MPU_init_acc
 .text.MPU_update_all_dma
                0x00000000080027ec       0x3a Core/Sensors/mpu.o
                0x00000000080027ec                MPU_update_all_dma
 *fill*         0x0000000008002826        0x2 
 .text.HAL_I2C_MemRxCpltCallback
                0x0000000008002828       0x20 Core/Sensors/mpu.o
                0x0000000008002828                HAL_I2C_MemRxCpltCallback
 .text.MX_DMA_Init
                0x0000000008002848       0x78 Core/Src/dma.o
                0x0000000008002848                MX_DMA_Init
 .text.MX_GPIO_Init
                0x00000000080028c0       0xa4 Core/Src/gpio.o
                0x00000000080028c0                MX_GPIO_Init
 .text.MX_I2C1_Init
                0x0000000008002964       0x3c Core/Src/i2c.o
                0x0000000008002964                MX_I2C1_Init
 .text.HAL_I2C_MspInit
                0x00000000080029a0       0xf0 Core/Src/i2c.o
                0x00000000080029a0                HAL_I2C_MspInit
 .text.Error_Handler
                0x0000000008002a90        0x4 Core/Src/main.o
                0x0000000008002a90                Error_Handler
 .text.SystemClock_Config
                0x0000000008002a94       0xa4 Core/Src/main.o
                0x0000000008002a94                SystemClock_Config
 .text.main     0x0000000008002b38       0xd4 Core/Src/main.o
                0x0000000008002b38                main
 .text.HAL_MspInit
                0x0000000008002c0c       0x38 Core/Src/stm32f4xx_hal_msp.o
                0x0000000008002c0c                HAL_MspInit
 .text.NMI_Handler
                0x0000000008002c44        0x2 Core/Src/stm32f4xx_it.o
                0x0000000008002c44                NMI_Handler
 .text.HardFault_Handler
                0x0000000008002c46        0x2 Core/Src/stm32f4xx_it.o
                0x0000000008002c46                HardFault_Handler
 .text.MemManage_Handler
                0x0000000008002c48        0x2 Core/Src/stm32f4xx_it.o
                0x0000000008002c48                MemManage_Handler
 .text.BusFault_Handler
                0x0000000008002c4a        0x2 Core/Src/stm32f4xx_it.o
                0x0000000008002c4a                BusFault_Handler
 .text.UsageFault_Handler
                0x0000000008002c4c        0x2 Core/Src/stm32f4xx_it.o
                0x0000000008002c4c                UsageFault_Handler
 .text.SVC_Handler
                0x0000000008002c4e        0x2 Core/Src/stm32f4xx_it.o
                0x0000000008002c4e                SVC_Handler
 .text.DebugMon_Handler
                0x0000000008002c50        0x2 Core/Src/stm32f4xx_it.o
                0x0000000008002c50                DebugMon_Handler
 .text.PendSV_Handler
                0x0000000008002c52        0x2 Core/Src/stm32f4xx_it.o
                0x0000000008002c52                PendSV_Handler
 .text.SysTick_Handler
                0x0000000008002c54        0x8 Core/Src/stm32f4xx_it.o
                0x0000000008002c54                SysTick_Handler
 .text.DMA1_Stream0_IRQHandler
                0x0000000008002c5c       0x10 Core/Src/stm32f4xx_it.o
                0x0000000008002c5c                DMA1_Stream0_IRQHandler
 .text.DMA1_Stream6_IRQHandler
                0x0000000008002c6c       0x10 Core/Src/stm32f4xx_it.o
                0x0000000008002c6c                DMA1_Stream6_IRQHandler
 .text.USART1_IRQHandler
                0x0000000008002c7c       0x34 Core/Src/stm32f4xx_it.o
                0x0000000008002c7c                USART1_IRQHandler
 .text.DMA2_Stream2_IRQHandler
                0x0000000008002cb0       0x10 Core/Src/stm32f4xx_it.o
                0x0000000008002cb0                DMA2_Stream2_IRQHandler
 .text.DMA2_Stream7_IRQHandler
                0x0000000008002cc0       0x10 Core/Src/stm32f4xx_it.o
                0x0000000008002cc0                DMA2_Stream7_IRQHandler
 .text.HAL_UART_TxCpltCallback
                0x0000000008002cd0       0x14 Core/Src/stm32f4xx_it.o
                0x0000000008002cd0                HAL_UART_TxCpltCallback
 .text.SystemInit
                0x0000000008002ce4       0x14 Core/Src/system_stm32f4xx.o
                0x0000000008002ce4                SystemInit
 .text.HAL_TIM_Base_MspInit
                0x0000000008002cf8       0x30 Core/Src/tim.o
                0x0000000008002cf8                HAL_TIM_Base_MspInit
 .text.HAL_TIM_MspPostInit
                0x0000000008002d28       0x60 Core/Src/tim.o
                0x0000000008002d28                HAL_TIM_MspPostInit
 .text.MX_TIM1_Init
                0x0000000008002d88       0xf0 Core/Src/tim.o
                0x0000000008002d88                MX_TIM1_Init
 .text.MX_USART1_UART_Init
                0x0000000008002e78       0x38 Core/Src/usart.o
                0x0000000008002e78                MX_USART1_UART_Init
 .text.HAL_UART_MspInit
                0x0000000008002eb0      0x100 Core/Src/usart.o
                0x0000000008002eb0                HAL_UART_MspInit
 .text.Reset_Handler
                0x0000000008002fb0       0x50 Core/Startup/startup_stm32f407vgtx.o
                0x0000000008002fb0                Reset_Handler
 .text.Default_Handler
                0x0000000008003000        0x2 Core/Startup/startup_stm32f407vgtx.o
                0x0000000008003000                RTC_Alarm_IRQHandler
                0x0000000008003000                HASH_RNG_IRQHandler
                0x0000000008003000                EXTI2_IRQHandler
                0x0000000008003000                TIM8_CC_IRQHandler
                0x0000000008003000                TIM1_CC_IRQHandler
                0x0000000008003000                DMA2_Stream5_IRQHandler
                0x0000000008003000                DMA1_Stream5_IRQHandler
                0x0000000008003000                PVD_IRQHandler
                0x0000000008003000                SDIO_IRQHandler
                0x0000000008003000                TAMP_STAMP_IRQHandler
                0x0000000008003000                CAN2_RX1_IRQHandler
                0x0000000008003000                EXTI3_IRQHandler
                0x0000000008003000                TIM8_TRG_COM_TIM14_IRQHandler
                0x0000000008003000                TIM1_UP_TIM10_IRQHandler
                0x0000000008003000                TIM8_UP_TIM13_IRQHandler
                0x0000000008003000                I2C3_ER_IRQHandler
                0x0000000008003000                EXTI0_IRQHandler
                0x0000000008003000                I2C2_EV_IRQHandler
                0x0000000008003000                DMA1_Stream2_IRQHandler
                0x0000000008003000                CAN1_RX0_IRQHandler
                0x0000000008003000                FPU_IRQHandler
                0x0000000008003000                OTG_HS_WKUP_IRQHandler
                0x0000000008003000                CAN2_SCE_IRQHandler
                0x0000000008003000                SPI1_IRQHandler
                0x0000000008003000                TIM6_DAC_IRQHandler
                0x0000000008003000                TIM1_BRK_TIM9_IRQHandler
                0x0000000008003000                DCMI_IRQHandler
                0x0000000008003000                CAN2_RX0_IRQHandler
                0x0000000008003000                DMA2_Stream3_IRQHandler
                0x0000000008003000                USART6_IRQHandler
                0x0000000008003000                USART3_IRQHandler
                0x0000000008003000                CAN1_RX1_IRQHandler
                0x0000000008003000                UART5_IRQHandler
                0x0000000008003000                DMA2_Stream0_IRQHandler
                0x0000000008003000                TIM4_IRQHandler
                0x0000000008003000                I2C1_EV_IRQHandler
                0x0000000008003000                DMA1_Stream1_IRQHandler
                0x0000000008003000                UART4_IRQHandler
                0x0000000008003000                TIM3_IRQHandler
                0x0000000008003000                RCC_IRQHandler
                0x0000000008003000                TIM8_BRK_TIM12_IRQHandler
                0x0000000008003000                Default_Handler
                0x0000000008003000                EXTI15_10_IRQHandler
                0x0000000008003000                ADC_IRQHandler
                0x0000000008003000                DMA1_Stream7_IRQHandler
                0x0000000008003000                TIM7_IRQHandler
                0x0000000008003000                CAN2_TX_IRQHandler
                0x0000000008003000                TIM5_IRQHandler
                0x0000000008003000                I2C3_EV_IRQHandler
                0x0000000008003000                EXTI9_5_IRQHandler
                0x0000000008003000                RTC_WKUP_IRQHandler
                0x0000000008003000                ETH_WKUP_IRQHandler
                0x0000000008003000                SPI2_IRQHandler
                0x0000000008003000                OTG_HS_EP1_IN_IRQHandler
                0x0000000008003000                CAN1_TX_IRQHandler
                0x0000000008003000                EXTI4_IRQHandler
                0x0000000008003000                FSMC_IRQHandler
                0x0000000008003000                ETH_IRQHandler
                0x0000000008003000                OTG_HS_EP1_OUT_IRQHandler
                0x0000000008003000                WWDG_IRQHandler
                0x0000000008003000                TIM2_IRQHandler
                0x0000000008003000                OTG_FS_WKUP_IRQHandler
                0x0000000008003000                TIM1_TRG_COM_TIM11_IRQHandler
                0x0000000008003000                OTG_HS_IRQHandler
                0x0000000008003000                EXTI1_IRQHandler
                0x0000000008003000                USART2_IRQHandler
                0x0000000008003000                I2C2_ER_IRQHandler
                0x0000000008003000                DMA2_Stream1_IRQHandler
                0x0000000008003000                CAN1_SCE_IRQHandler
                0x0000000008003000                FLASH_IRQHandler
                0x0000000008003000                DMA2_Stream4_IRQHandler
                0x0000000008003000                OTG_FS_IRQHandler
                0x0000000008003000                SPI3_IRQHandler
                0x0000000008003000                DMA1_Stream4_IRQHandler
                0x0000000008003000                I2C1_ER_IRQHandler
                0x0000000008003000                DMA2_Stream6_IRQHandler
                0x0000000008003000                DMA1_Stream3_IRQHandler
 .text.KALMAN_Init
                0x0000000008003002       0xc4 Core/State_Space_Model/Kalman.o
                0x0000000008003002                KALMAN_Init
 .text.KALMAN_Update
                0x00000000080030c6       0xea Core/State_Space_Model/Kalman.o
                0x00000000080030c6                KALMAN_Update
 .text.KALMAN_Predict
                0x00000000080031b0       0x5a Core/State_Space_Model/Kalman.o
                0x00000000080031b0                KALMAN_Predict
 *fill*         0x000000000800320a        0x2 
 .text.MODEL_Init
                0x000000000800320c       0xc0 Core/State_Space_Model/Model.o
                0x000000000800320c                MODEL_Init
 .text.STATE_SPACE_MODEL_Init
                0x00000000080032cc       0x90 Core/State_Space_Model/State_Space_Model.o
                0x00000000080032cc                STATE_SPACE_MODEL_Init
 .text.STATE_SPACE_MODEL_Set_x0
                0x000000000800335c       0x2c Core/State_Space_Model/State_Space_Model.o
                0x000000000800335c                STATE_SPACE_MODEL_Set_x0
 .text.get_nb_bytes_available
                0x0000000008003388       0x3a Core/Telemetry/Telemetry.o
                0x0000000008003388                get_nb_bytes_available
 *fill*         0x00000000080033c2        0x2 
 .text.TELEMETRY_Init
                0x00000000080033c4       0x3c Core/Telemetry/Telemetry.o
                0x00000000080033c4                TELEMETRY_Init
 .text.TELEMETRY_Process
                0x0000000008003400      0x134 Core/Telemetry/Telemetry.o
                0x0000000008003400                TELEMETRY_Process
 .text.TELEMETRY_Send_Data_Raw
                0x0000000008003534       0xa8 Core/Telemetry/Telemetry.o
                0x0000000008003534                TELEMETRY_Send_Data_Raw
 .text.TELEMETRY_Send_Data
                0x00000000080035dc       0x3c Core/Telemetry/Telemetry.o
                0x00000000080035dc                TELEMETRY_Send_Data
 .text.TELEMETRY_Idle_Line_Detection
                0x0000000008003618       0x1c Core/Telemetry/Telemetry.o
                0x0000000008003618                TELEMETRY_Idle_Line_Detection
 .text.TELEMETRY_TxCpltCallback
                0x0000000008003634       0x5c Core/Telemetry/Telemetry.o
                0x0000000008003634                TELEMETRY_TxCpltCallback
 .text.HAL_InitTick
                0x0000000008003690       0x4c Drivers/STM32F4xx_HAL_Driver/Src/stm32f4xx_hal.o
                0x0000000008003690                HAL_InitTick
 .text.HAL_Init
                0x00000000080036dc       0x34 Drivers/STM32F4xx_HAL_Driver/Src/stm32f4xx_hal.o
                0x00000000080036dc                HAL_Init
 .text.HAL_IncTick
                0x0000000008003710       0x18 Drivers/STM32F4xx_HAL_Driver/Src/stm32f4xx_hal.o
                0x0000000008003710                HAL_IncTick
 .text.HAL_GetTick
                0x0000000008003728        0xc Drivers/STM32F4xx_HAL_Driver/Src/stm32f4xx_hal.o
                0x0000000008003728                HAL_GetTick
 .text.HAL_Delay
                0x0000000008003734       0x28 Drivers/STM32F4xx_HAL_Driver/Src/stm32f4xx_hal.o
                0x0000000008003734                HAL_Delay
 .text.HAL_NVIC_SetPriorityGrouping
                0x000000000800375c       0x24 Drivers/STM32F4xx_HAL_Driver/Src/stm32f4xx_hal_cortex.o
                0x000000000800375c                HAL_NVIC_SetPriorityGrouping
 .text.HAL_NVIC_SetPriority
                0x0000000008003780       0x68 Drivers/STM32F4xx_HAL_Driver/Src/stm32f4xx_hal_cortex.o
                0x0000000008003780                HAL_NVIC_SetPriority
 .text.HAL_NVIC_EnableIRQ
                0x00000000080037e8       0x1c Drivers/STM32F4xx_HAL_Driver/Src/stm32f4xx_hal_cortex.o
                0x00000000080037e8                HAL_NVIC_EnableIRQ
 .text.HAL_SYSTICK_Config
                0x0000000008003804       0x2c Drivers/STM32F4xx_HAL_Driver/Src/stm32f4xx_hal_cortex.o
                0x0000000008003804                HAL_SYSTICK_Config
 .text.DMA_SetConfig
                0x0000000008003830       0x2c Drivers/STM32F4xx_HAL_Driver/Src/stm32f4xx_hal_dma.o
 .text.DMA_CalcBaseAndBitshift
                0x000000000800385c       0x44 Drivers/STM32F4xx_HAL_Driver/Src/stm32f4xx_hal_dma.o
 .text.DMA_CheckFifoParam
                0x00000000080038a0       0x8e Drivers/STM32F4xx_HAL_Driver/Src/stm32f4xx_hal_dma.o
 *fill*         0x000000000800392e        0x2 
 .text.HAL_DMA_Init
                0x0000000008003930       0xcc Drivers/STM32F4xx_HAL_Driver/Src/stm32f4xx_hal_dma.o
                0x0000000008003930                HAL_DMA_Init
 .text.HAL_DMA_Start_IT
                0x00000000080039fc       0x6a Drivers/STM32F4xx_HAL_Driver/Src/stm32f4xx_hal_dma.o
                0x00000000080039fc                HAL_DMA_Start_IT
 .text.HAL_DMA_Abort
                0x0000000008003a66       0x94 Drivers/STM32F4xx_HAL_Driver/Src/stm32f4xx_hal_dma.o
                0x0000000008003a66                HAL_DMA_Abort
 .text.HAL_DMA_Abort_IT
                0x0000000008003afa       0x26 Drivers/STM32F4xx_HAL_Driver/Src/stm32f4xx_hal_dma.o
                0x0000000008003afa                HAL_DMA_Abort_IT
 .text.HAL_DMA_IRQHandler
                0x0000000008003b20      0x1dc Drivers/STM32F4xx_HAL_Driver/Src/stm32f4xx_hal_dma.o
                0x0000000008003b20                HAL_DMA_IRQHandler
 .text.HAL_DMA_GetError
                0x0000000008003cfc        0x4 Drivers/STM32F4xx_HAL_Driver/Src/stm32f4xx_hal_dma.o
                0x0000000008003cfc                HAL_DMA_GetError
 .text.HAL_GPIO_Init
                0x0000000008003d00      0x1d4 Drivers/STM32F4xx_HAL_Driver/Src/stm32f4xx_hal_gpio.o
                0x0000000008003d00                HAL_GPIO_Init
 .text.I2C_IsAcknowledgeFailed
                0x0000000008003ed4       0x32 Drivers/STM32F4xx_HAL_Driver/Src/stm32f4xx_hal_i2c.o
 .text.I2C_WaitOnFlagUntilTimeout
                0x0000000008003f06       0x74 Drivers/STM32F4xx_HAL_Driver/Src/stm32f4xx_hal_i2c.o
 .text.I2C_WaitOnMasterAddressFlagUntilTimeout
                0x0000000008003f7a       0xaa Drivers/STM32F4xx_HAL_Driver/Src/stm32f4xx_hal_i2c.o
 .text.I2C_WaitOnTXEFlagUntilTimeout
                0x0000000008004024       0x54 Drivers/STM32F4xx_HAL_Driver/Src/stm32f4xx_hal_i2c.o
 .text.I2C_RequestMemoryWrite
                0x0000000008004078       0xd8 Drivers/STM32F4xx_HAL_Driver/Src/stm32f4xx_hal_i2c.o
 .text.I2C_RequestMemoryRead
                0x0000000008004150      0x154 Drivers/STM32F4xx_HAL_Driver/Src/stm32f4xx_hal_i2c.o
 .text.I2C_WaitOnBTFFlagUntilTimeout
                0x00000000080042a4       0x54 Drivers/STM32F4xx_HAL_Driver/Src/stm32f4xx_hal_i2c.o
 .text.I2C_WaitOnRXNEFlagUntilTimeout
                0x00000000080042f8       0x6a Drivers/STM32F4xx_HAL_Driver/Src/stm32f4xx_hal_i2c.o
 *fill*         0x0000000008004362        0x2 
 .text.HAL_I2C_Init
                0x0000000008004364      0x1bc Drivers/STM32F4xx_HAL_Driver/Src/stm32f4xx_hal_i2c.o
                0x0000000008004364                HAL_I2C_Init
 .text.HAL_I2C_Mem_Write
                0x0000000008004520      0x164 Drivers/STM32F4xx_HAL_Driver/Src/stm32f4xx_hal_i2c.o
                0x0000000008004520                HAL_I2C_Mem_Write
 .text.HAL_I2C_Mem_Read
                0x0000000008004684      0x2e4 Drivers/STM32F4xx_HAL_Driver/Src/stm32f4xx_hal_i2c.o
                0x0000000008004684                HAL_I2C_Mem_Read
 .text.HAL_I2C_Mem_Read_DMA
                0x0000000008004968      0x210 Drivers/STM32F4xx_HAL_Driver/Src/stm32f4xx_hal_i2c.o
                0x0000000008004968                HAL_I2C_Mem_Read_DMA
 .text.HAL_I2C_MasterRxCpltCallback
                0x0000000008004b78        0x2 Drivers/STM32F4xx_HAL_Driver/Src/stm32f4xx_hal_i2c.o
                0x0000000008004b78                HAL_I2C_MasterRxCpltCallback
 .text.HAL_I2C_SlaveTxCpltCallback
                0x0000000008004b7a        0x2 Drivers/STM32F4xx_HAL_Driver/Src/stm32f4xx_hal_i2c.o
                0x0000000008004b7a                HAL_I2C_SlaveTxCpltCallback
 .text.HAL_I2C_SlaveRxCpltCallback
                0x0000000008004b7c        0x2 Drivers/STM32F4xx_HAL_Driver/Src/stm32f4xx_hal_i2c.o
                0x0000000008004b7c                HAL_I2C_SlaveRxCpltCallback
 .text.HAL_I2C_ErrorCallback
                0x0000000008004b7e        0x2 Drivers/STM32F4xx_HAL_Driver/Src/stm32f4xx_hal_i2c.o
                0x0000000008004b7e                HAL_I2C_ErrorCallback
 .text.I2C_DMAError
                0x0000000008004b80       0x46 Drivers/STM32F4xx_HAL_Driver/Src/stm32f4xx_hal_i2c.o
 .text.I2C_DMAXferCplt
                0x0000000008004bc6      0x122 Drivers/STM32F4xx_HAL_Driver/Src/stm32f4xx_hal_i2c.o
 .text.HAL_RCC_OscConfig
                0x0000000008004ce8      0x3f8 Drivers/STM32F4xx_HAL_Driver/Src/stm32f4xx_hal_rcc.o
                0x0000000008004ce8                HAL_RCC_OscConfig
 .text.HAL_RCC_GetSysClockFreq
                0x00000000080050e0       0xa0 Drivers/STM32F4xx_HAL_Driver/Src/stm32f4xx_hal_rcc.o
                0x00000000080050e0                HAL_RCC_GetSysClockFreq
 .text.HAL_RCC_ClockConfig
                0x0000000008005180      0x160 Drivers/STM32F4xx_HAL_Driver/Src/stm32f4xx_hal_rcc.o
                0x0000000008005180                HAL_RCC_ClockConfig
 .text.HAL_RCC_GetHCLKFreq
                0x00000000080052e0        0xc Drivers/STM32F4xx_HAL_Driver/Src/stm32f4xx_hal_rcc.o
                0x00000000080052e0                HAL_RCC_GetHCLKFreq
 .text.HAL_RCC_GetPCLK1Freq
                0x00000000080052ec       0x20 Drivers/STM32F4xx_HAL_Driver/Src/stm32f4xx_hal_rcc.o
                0x00000000080052ec                HAL_RCC_GetPCLK1Freq
 .text.HAL_RCC_GetPCLK2Freq
                0x000000000800530c       0x20 Drivers/STM32F4xx_HAL_Driver/Src/stm32f4xx_hal_rcc.o
                0x000000000800530c                HAL_RCC_GetPCLK2Freq
 .text.TIM_OC1_SetConfig
                0x000000000800532c       0x68 Drivers/STM32F4xx_HAL_Driver/Src/stm32f4xx_hal_tim.o
 .text.TIM_OC3_SetConfig
                0x0000000008005394       0x70 Drivers/STM32F4xx_HAL_Driver/Src/stm32f4xx_hal_tim.o
 .text.TIM_OC4_SetConfig
                0x0000000008005404       0x50 Drivers/STM32F4xx_HAL_Driver/Src/stm32f4xx_hal_tim.o
 .text.TIM_TI1_ConfigInputStage
                0x0000000008005454       0x24 Drivers/STM32F4xx_HAL_Driver/Src/stm32f4xx_hal_tim.o
 .text.TIM_TI2_ConfigInputStage
                0x0000000008005478       0x26 Drivers/STM32F4xx_HAL_Driver/Src/stm32f4xx_hal_tim.o
 .text.TIM_ITRx_SetConfig
                0x000000000800549e       0x10 Drivers/STM32F4xx_HAL_Driver/Src/stm32f4xx_hal_tim.o
 .text.HAL_TIM_PWM_MspInit
                0x00000000080054ae        0x2 Drivers/STM32F4xx_HAL_Driver/Src/stm32f4xx_hal_tim.o
                0x00000000080054ae                HAL_TIM_PWM_MspInit
 .text.TIM_Base_SetConfig
                0x00000000080054b0       0xc8 Drivers/STM32F4xx_HAL_Driver/Src/stm32f4xx_hal_tim.o
                0x00000000080054b0                TIM_Base_SetConfig
 .text.HAL_TIM_Base_Init
                0x0000000008005578       0x58 Drivers/STM32F4xx_HAL_Driver/Src/stm32f4xx_hal_tim.o
                0x0000000008005578                HAL_TIM_Base_Init
 .text.HAL_TIM_PWM_Init
                0x00000000080055d0       0x58 Drivers/STM32F4xx_HAL_Driver/Src/stm32f4xx_hal_tim.o
                0x00000000080055d0                HAL_TIM_PWM_Init
 .text.TIM_OC2_SetConfig
                0x0000000008005628       0x70 Drivers/STM32F4xx_HAL_Driver/Src/stm32f4xx_hal_tim.o
                0x0000000008005628                TIM_OC2_SetConfig
 .text.HAL_TIM_PWM_ConfigChannel
                0x0000000008005698       0xd0 Drivers/STM32F4xx_HAL_Driver/Src/stm32f4xx_hal_tim.o
                0x0000000008005698                HAL_TIM_PWM_ConfigChannel
 .text.TIM_ETR_SetConfig
                0x0000000008005768       0x18 Drivers/STM32F4xx_HAL_Driver/Src/stm32f4xx_hal_tim.o
                0x0000000008005768                TIM_ETR_SetConfig
 .text.HAL_TIM_ConfigClockSource
                0x0000000008005780       0xda Drivers/STM32F4xx_HAL_Driver/Src/stm32f4xx_hal_tim.o
                0x0000000008005780                HAL_TIM_ConfigClockSource
 .text.TIM_CCxChannelCmd
                0x000000000800585a       0x24 Drivers/STM32F4xx_HAL_Driver/Src/stm32f4xx_hal_tim.o
                0x000000000800585a                TIM_CCxChannelCmd
 *fill*         0x000000000800587e        0x2 
 .text.HAL_TIM_PWM_Start
                0x0000000008005880      0x104 Drivers/STM32F4xx_HAL_Driver/Src/stm32f4xx_hal_tim.o
                0x0000000008005880                HAL_TIM_PWM_Start
 .text.HAL_TIMEx_MasterConfigSynchronization
                0x0000000008005984       0x88 Drivers/STM32F4xx_HAL_Driver/Src/stm32f4xx_hal_tim_ex.o
                0x0000000008005984                HAL_TIMEx_MasterConfigSynchronization
 .text.HAL_TIMEx_ConfigBreakDeadTime
                0x0000000008005a0c       0x52 Drivers/STM32F4xx_HAL_Driver/Src/stm32f4xx_hal_tim_ex.o
                0x0000000008005a0c                HAL_TIMEx_ConfigBreakDeadTime
 .text.UART_EndTxTransfer
                0x0000000008005a5e       0x12 Drivers/STM32F4xx_HAL_Driver/Src/stm32f4xx_hal_uart.o
 .text.UART_EndRxTransfer
                0x0000000008005a70       0x32 Drivers/STM32F4xx_HAL_Driver/Src/stm32f4xx_hal_uart.o
 .text.UART_Transmit_IT
                0x0000000008005aa2       0x60 Drivers/STM32F4xx_HAL_Driver/Src/stm32f4xx_hal_uart.o
 *fill*         0x0000000008005b02        0x2 
 .text.UART_SetConfig
                0x0000000008005b04      0x11c Drivers/STM32F4xx_HAL_Driver/Src/stm32f4xx_hal_uart.o
 .text.UART_WaitOnFlagUntilTimeout
                0x0000000008005c20       0x68 Drivers/STM32F4xx_HAL_Driver/Src/stm32f4xx_hal_uart.o
 .text.HAL_UART_Init
                0x0000000008005c88       0x5e Drivers/STM32F4xx_HAL_Driver/Src/stm32f4xx_hal_uart.o
                0x0000000008005c88                HAL_UART_Init
 .text.HAL_UART_Transmit
                0x0000000008005ce6       0xd8 Drivers/STM32F4xx_HAL_Driver/Src/stm32f4xx_hal_uart.o
                0x0000000008005ce6                HAL_UART_Transmit
 .text.HAL_UART_Receive
                0x0000000008005dbe       0xe4 Drivers/STM32F4xx_HAL_Driver/Src/stm32f4xx_hal_uart.o
                0x0000000008005dbe                HAL_UART_Receive
 *fill*         0x0000000008005ea2        0x2 
 .text.HAL_UART_Transmit_DMA
                0x0000000008005ea4       0x8c Drivers/STM32F4xx_HAL_Driver/Src/stm32f4xx_hal_uart.o
                0x0000000008005ea4                HAL_UART_Transmit_DMA
 .text.UART_DMATransmitCplt
                0x0000000008005f30       0x30 Drivers/STM32F4xx_HAL_Driver/Src/stm32f4xx_hal_uart.o
 .text.UART_EndTransmit_IT
                0x0000000008005f60       0x1a Drivers/STM32F4xx_HAL_Driver/Src/stm32f4xx_hal_uart.o
 .text.HAL_UART_TxHalfCpltCallback
                0x0000000008005f7a        0x2 Drivers/STM32F4xx_HAL_Driver/Src/stm32f4xx_hal_uart.o
                0x0000000008005f7a                HAL_UART_TxHalfCpltCallback
 .text.UART_DMATxHalfCplt
                0x0000000008005f7c        0xa Drivers/STM32F4xx_HAL_Driver/Src/stm32f4xx_hal_uart.o
 .text.HAL_UART_RxCpltCallback
                0x0000000008005f86        0x2 Drivers/STM32F4xx_HAL_Driver/Src/stm32f4xx_hal_uart.o
                0x0000000008005f86                HAL_UART_RxCpltCallback
 .text.HAL_UART_RxHalfCpltCallback
                0x0000000008005f88        0x2 Drivers/STM32F4xx_HAL_Driver/Src/stm32f4xx_hal_uart.o
                0x0000000008005f88                HAL_UART_RxHalfCpltCallback
 .text.HAL_UART_ErrorCallback
                0x0000000008005f8a        0x2 Drivers/STM32F4xx_HAL_Driver/Src/stm32f4xx_hal_uart.o
                0x0000000008005f8a                HAL_UART_ErrorCallback
 .text.UART_DMAError
                0x0000000008005f8c       0x58 Drivers/STM32F4xx_HAL_Driver/Src/stm32f4xx_hal_uart.o
 .text.UART_DMAAbortOnError
                0x0000000008005fe4       0x10 Drivers/STM32F4xx_HAL_Driver/Src/stm32f4xx_hal_uart.o
 .text.HAL_UARTEx_RxEventCallback
                0x0000000008005ff4        0x2 Drivers/STM32F4xx_HAL_Driver/Src/stm32f4xx_hal_uart.o
                0x0000000008005ff4                HAL_UARTEx_RxEventCallback
 .text.UART_Receive_IT
                0x0000000008005ff6       0xba Drivers/STM32F4xx_HAL_Driver/Src/stm32f4xx_hal_uart.o
 .text.HAL_UART_IRQHandler
                0x00000000080060b0      0x208 Drivers/STM32F4xx_HAL_Driver/Src/stm32f4xx_hal_uart.o
                0x00000000080060b0                HAL_UART_IRQHandler
 .text.UART_DMARxHalfCplt
                0x00000000080062b8       0x1a Drivers/STM32F4xx_HAL_Driver/Src/stm32f4xx_hal_uart.o
 .text.UART_DMAReceiveCplt
                0x00000000080062d2       0x5e Drivers/STM32F4xx_HAL_Driver/Src/stm32f4xx_hal_uart.o
 .text.UART_Start_Receive_DMA
                0x0000000008006330       0x78 Drivers/STM32F4xx_HAL_Driver/Src/stm32f4xx_hal_uart.o
                0x0000000008006330                UART_Start_Receive_DMA
 .text.HAL_UART_Receive_DMA
                0x00000000080063a8       0x38 Drivers/STM32F4xx_HAL_Driver/Src/stm32f4xx_hal_uart.o
                0x00000000080063a8                HAL_UART_Receive_DMA
 .text.FILTER_init
                0x00000000080063e0       0x24 Drivers/Src/Filters.o
                0x00000000080063e0                FILTER_init
 .text.FILTER_process
                0x0000000008006404       0x62 Drivers/Src/Filters.o
                0x0000000008006404                FILTER_process
 .text.MOTORS_Init
                0x0000000008006466       0x4a Drivers/Src/Motors.o
                0x0000000008006466                MOTORS_Init
 .text.MOTORS_Change_output
                0x00000000080064b0       0xe8 Drivers/Src/Motors.o
                0x00000000080064b0                MOTORS_Change_output
 .text.PID_init
                0x0000000008006598       0x30 Drivers/Src/Pid.o
                0x0000000008006598                PID_init
 .text.arm_mat_trans_f32
                0x00000000080065c8       0xe8 ../Drivers/CMSIS/Lib/GCC\libarm_cortexM4lf_math.a(arm_mat_trans_f32.o)
                0x00000000080065c8                arm_mat_trans_f32
 .text.arm_mat_sub_f32
                0x00000000080066b0       0xb4 ../Drivers/CMSIS/Lib/GCC\libarm_cortexM4lf_math.a(arm_mat_sub_f32.o)
                0x00000000080066b0                arm_mat_sub_f32
 .text.arm_mat_mult_f32
                0x0000000008006764      0x14c ../Drivers/CMSIS/Lib/GCC\libarm_cortexM4lf_math.a(arm_mat_mult_f32.o)
                0x0000000008006764                arm_mat_mult_f32
 .text.arm_mat_inverse_f32
                0x00000000080068b0      0x2a0 ../Drivers/CMSIS/Lib/GCC\libarm_cortexM4lf_math.a(arm_mat_inverse_f32.o)
                0x00000000080068b0                arm_mat_inverse_f32
 .text.arm_mat_init_f32
                0x0000000008006b50        0x8 ../Drivers/CMSIS/Lib/GCC\libarm_cortexM4lf_math.a(arm_mat_init_f32.o)
                0x0000000008006b50                arm_mat_init_f32
 .text.arm_mat_add_f32
                0x0000000008006b58       0xb4 ../Drivers/CMSIS/Lib/GCC\libarm_cortexM4lf_math.a(arm_mat_add_f32.o)
                0x0000000008006b58                arm_mat_add_f32
 .text.__errno  0x0000000008006c0c        0xc c:/st/stm32cubeide_1.6.1/stm32cubeide/plugins/com.st.stm32cube.ide.mcu.externaltools.gnu-tools-for-stm32.9-2020-q2-update.win32_1.5.0.202011040924/tools/bin/../lib/gcc/arm-none-eabi/9.3.1/../../../../arm-none-eabi/lib/thumb/v7e-m+fp/hard\libc_nano.a(lib_a-errno.o)
                0x0000000008006c0c                __errno
 .text.__libc_init_array
                0x0000000008006c18       0x48 c:/st/stm32cubeide_1.6.1/stm32cubeide/plugins/com.st.stm32cube.ide.mcu.externaltools.gnu-tools-for-stm32.9-2020-q2-update.win32_1.5.0.202011040924/tools/bin/../lib/gcc/arm-none-eabi/9.3.1/../../../../arm-none-eabi/lib/thumb/v7e-m+fp/hard\libc_nano.a(lib_a-init.o)
                0x0000000008006c18                __libc_init_array
 .text.memcpy   0x0000000008006c60       0x1c c:/st/stm32cubeide_1.6.1/stm32cubeide/plugins/com.st.stm32cube.ide.mcu.externaltools.gnu-tools-for-stm32.9-2020-q2-update.win32_1.5.0.202011040924/tools/bin/../lib/gcc/arm-none-eabi/9.3.1/../../../../arm-none-eabi/lib/thumb/v7e-m+fp/hard\libc_nano.a(lib_a-memcpy-stub.o)
                0x0000000008006c60                memcpy
 .text.memmove  0x0000000008006c7c       0x34 c:/st/stm32cubeide_1.6.1/stm32cubeide/plugins/com.st.stm32cube.ide.mcu.externaltools.gnu-tools-for-stm32.9-2020-q2-update.win32_1.5.0.202011040924/tools/bin/../lib/gcc/arm-none-eabi/9.3.1/../../../../arm-none-eabi/lib/thumb/v7e-m+fp/hard\libc_nano.a(lib_a-memmove.o)
                0x0000000008006c7c                memmove
 .text.memset   0x0000000008006cb0       0x10 c:/st/stm32cubeide_1.6.1/stm32cubeide/plugins/com.st.stm32cube.ide.mcu.externaltools.gnu-tools-for-stm32.9-2020-q2-update.win32_1.5.0.202011040924/tools/bin/../lib/gcc/arm-none-eabi/9.3.1/../../../../arm-none-eabi/lib/thumb/v7e-m+fp/hard\libc_nano.a(lib_a-memset.o)
                0x0000000008006cb0                memset
 .text.__cvt    0x0000000008006cc0       0xc4 c:/st/stm32cubeide_1.6.1/stm32cubeide/plugins/com.st.stm32cube.ide.mcu.externaltools.gnu-tools-for-stm32.9-2020-q2-update.win32_1.5.0.202011040924/tools/bin/../lib/gcc/arm-none-eabi/9.3.1/../../../../arm-none-eabi/lib/thumb/v7e-m+fp/hard\libc_nano.a(lib_a-nano-vfprintf_float.o)
                0x0000000008006cc0                __cvt
 .text.__exponent
                0x0000000008006d84       0x7c c:/st/stm32cubeide_1.6.1/stm32cubeide/plugins/com.st.stm32cube.ide.mcu.externaltools.gnu-tools-for-stm32.9-2020-q2-update.win32_1.5.0.202011040924/tools/bin/../lib/gcc/arm-none-eabi/9.3.1/../../../../arm-none-eabi/lib/thumb/v7e-m+fp/hard\libc_nano.a(lib_a-nano-vfprintf_float.o)
                0x0000000008006d84                __exponent
 .text._printf_float
                0x0000000008006e00      0x46c c:/st/stm32cubeide_1.6.1/stm32cubeide/plugins/com.st.stm32cube.ide.mcu.externaltools.gnu-tools-for-stm32.9-2020-q2-update.win32_1.5.0.202011040924/tools/bin/../lib/gcc/arm-none-eabi/9.3.1/../../../../arm-none-eabi/lib/thumb/v7e-m+fp/hard\libc_nano.a(lib_a-nano-vfprintf_float.o)
                0x0000000008006e00                _printf_float
 .text._printf_common
                0x000000000800726c       0xda c:/st/stm32cubeide_1.6.1/stm32cubeide/plugins/com.st.stm32cube.ide.mcu.externaltools.gnu-tools-for-stm32.9-2020-q2-update.win32_1.5.0.202011040924/tools/bin/../lib/gcc/arm-none-eabi/9.3.1/../../../../arm-none-eabi/lib/thumb/v7e-m+fp/hard\libc_nano.a(lib_a-nano-vfprintf_i.o)
                0x000000000800726c                _printf_common
 *fill*         0x0000000008007346        0x2 
 .text._printf_i
                0x0000000008007348      0x24c c:/st/stm32cubeide_1.6.1/stm32cubeide/plugins/com.st.stm32cube.ide.mcu.externaltools.gnu-tools-for-stm32.9-2020-q2-update.win32_1.5.0.202011040924/tools/bin/../lib/gcc/arm-none-eabi/9.3.1/../../../../arm-none-eabi/lib/thumb/v7e-m+fp/hard\libc_nano.a(lib_a-nano-vfprintf_i.o)
                0x0000000008007348                _printf_i
 .text._puts_r  0x0000000008007594       0xdc c:/st/stm32cubeide_1.6.1/stm32cubeide/plugins/com.st.stm32cube.ide.mcu.externaltools.gnu-tools-for-stm32.9-2020-q2-update.win32_1.5.0.202011040924/tools/bin/../lib/gcc/arm-none-eabi/9.3.1/../../../../arm-none-eabi/lib/thumb/v7e-m+fp/hard\libc_nano.a(lib_a-puts.o)
                0x0000000008007594                _puts_r
 .text.puts     0x0000000008007670       0x10 c:/st/stm32cubeide_1.6.1/stm32cubeide/plugins/com.st.stm32cube.ide.mcu.externaltools.gnu-tools-for-stm32.9-2020-q2-update.win32_1.5.0.202011040924/tools/bin/../lib/gcc/arm-none-eabi/9.3.1/../../../../arm-none-eabi/lib/thumb/v7e-m+fp/hard\libc_nano.a(lib_a-puts.o)
                0x0000000008007670                puts
 .text.setvbuf  0x0000000008007680      0x18c c:/st/stm32cubeide_1.6.1/stm32cubeide/plugins/com.st.stm32cube.ide.mcu.externaltools.gnu-tools-for-stm32.9-2020-q2-update.win32_1.5.0.202011040924/tools/bin/../lib/gcc/arm-none-eabi/9.3.1/../../../../arm-none-eabi/lib/thumb/v7e-m+fp/hard\libc_nano.a(lib_a-setvbuf.o)
                0x0000000008007680                setvbuf
 .text.__swbuf_r
                0x000000000800780c       0xa4 c:/st/stm32cubeide_1.6.1/stm32cubeide/plugins/com.st.stm32cube.ide.mcu.externaltools.gnu-tools-for-stm32.9-2020-q2-update.win32_1.5.0.202011040924/tools/bin/../lib/gcc/arm-none-eabi/9.3.1/../../../../arm-none-eabi/lib/thumb/v7e-m+fp/hard\libc_nano.a(lib_a-wbuf.o)
                0x000000000800780c                __swbuf_r
 .text.__swsetup_r
                0x00000000080078b0       0xdc c:/st/stm32cubeide_1.6.1/stm32cubeide/plugins/com.st.stm32cube.ide.mcu.externaltools.gnu-tools-for-stm32.9-2020-q2-update.win32_1.5.0.202011040924/tools/bin/../lib/gcc/arm-none-eabi/9.3.1/../../../../arm-none-eabi/lib/thumb/v7e-m+fp/hard\libc_nano.a(lib_a-wsetup.o)
                0x00000000080078b0                __swsetup_r
 .text.quorem   0x000000000800798c      0x116 c:/st/stm32cubeide_1.6.1/stm32cubeide/plugins/com.st.stm32cube.ide.mcu.externaltools.gnu-tools-for-stm32.9-2020-q2-update.win32_1.5.0.202011040924/tools/bin/../lib/gcc/arm-none-eabi/9.3.1/../../../../arm-none-eabi/lib/thumb/v7e-m+fp/hard\libc_nano.a(lib_a-dtoa.o)
 *fill*         0x0000000008007aa2        0x6 
 .text._dtoa_r  0x0000000008007aa8      0xbd8 c:/st/stm32cubeide_1.6.1/stm32cubeide/plugins/com.st.stm32cube.ide.mcu.externaltools.gnu-tools-for-stm32.9-2020-q2-update.win32_1.5.0.202011040924/tools/bin/../lib/gcc/arm-none-eabi/9.3.1/../../../../arm-none-eabi/lib/thumb/v7e-m+fp/hard\libc_nano.a(lib_a-dtoa.o)
                0x0000000008007aa8                _dtoa_r
 .text.__sflush_r
                0x0000000008008680      0x10c c:/st/stm32cubeide_1.6.1/stm32cubeide/plugins/com.st.stm32cube.ide.mcu.externaltools.gnu-tools-for-stm32.9-2020-q2-update.win32_1.5.0.202011040924/tools/bin/../lib/gcc/arm-none-eabi/9.3.1/../../../../arm-none-eabi/lib/thumb/v7e-m+fp/hard\libc_nano.a(lib_a-fflush.o)
                0x0000000008008680                __sflush_r
 .text._fflush_r
                0x000000000800878c       0x78 c:/st/stm32cubeide_1.6.1/stm32cubeide/plugins/com.st.stm32cube.ide.mcu.externaltools.gnu-tools-for-stm32.9-2020-q2-update.win32_1.5.0.202011040924/tools/bin/../lib/gcc/arm-none-eabi/9.3.1/../../../../arm-none-eabi/lib/thumb/v7e-m+fp/hard\libc_nano.a(lib_a-fflush.o)
                0x000000000800878c                _fflush_r
 .text.std      0x0000000008008804       0x48 c:/st/stm32cubeide_1.6.1/stm32cubeide/plugins/com.st.stm32cube.ide.mcu.externaltools.gnu-tools-for-stm32.9-2020-q2-update.win32_1.5.0.202011040924/tools/bin/../lib/gcc/arm-none-eabi/9.3.1/../../../../arm-none-eabi/lib/thumb/v7e-m+fp/hard\libc_nano.a(lib_a-findfp.o)
 .text._cleanup_r
                0x000000000800884c        0xc c:/st/stm32cubeide_1.6.1/stm32cubeide/plugins/com.st.stm32cube.ide.mcu.externaltools.gnu-tools-for-stm32.9-2020-q2-update.win32_1.5.0.202011040924/tools/bin/../lib/gcc/arm-none-eabi/9.3.1/../../../../arm-none-eabi/lib/thumb/v7e-m+fp/hard\libc_nano.a(lib_a-findfp.o)
                0x000000000800884c                _cleanup_r
 .text.__sfmoreglue
                0x0000000008008858       0x2c c:/st/stm32cubeide_1.6.1/stm32cubeide/plugins/com.st.stm32cube.ide.mcu.externaltools.gnu-tools-for-stm32.9-2020-q2-update.win32_1.5.0.202011040924/tools/bin/../lib/gcc/arm-none-eabi/9.3.1/../../../../arm-none-eabi/lib/thumb/v7e-m+fp/hard\libc_nano.a(lib_a-findfp.o)
                0x0000000008008858                __sfmoreglue
 .text.__sfp_lock_acquire
                0x0000000008008884        0xc c:/st/stm32cubeide_1.6.1/stm32cubeide/plugins/com.st.stm32cube.ide.mcu.externaltools.gnu-tools-for-stm32.9-2020-q2-update.win32_1.5.0.202011040924/tools/bin/../lib/gcc/arm-none-eabi/9.3.1/../../../../arm-none-eabi/lib/thumb/v7e-m+fp/hard\libc_nano.a(lib_a-findfp.o)
                0x0000000008008884                __sfp_lock_acquire
 .text.__sfp_lock_release
                0x0000000008008890        0xc c:/st/stm32cubeide_1.6.1/stm32cubeide/plugins/com.st.stm32cube.ide.mcu.externaltools.gnu-tools-for-stm32.9-2020-q2-update.win32_1.5.0.202011040924/tools/bin/../lib/gcc/arm-none-eabi/9.3.1/../../../../arm-none-eabi/lib/thumb/v7e-m+fp/hard\libc_nano.a(lib_a-findfp.o)
                0x0000000008008890                __sfp_lock_release
 .text.__sinit_lock_acquire
                0x000000000800889c        0xc c:/st/stm32cubeide_1.6.1/stm32cubeide/plugins/com.st.stm32cube.ide.mcu.externaltools.gnu-tools-for-stm32.9-2020-q2-update.win32_1.5.0.202011040924/tools/bin/../lib/gcc/arm-none-eabi/9.3.1/../../../../arm-none-eabi/lib/thumb/v7e-m+fp/hard\libc_nano.a(lib_a-findfp.o)
                0x000000000800889c                __sinit_lock_acquire
 .text.__sinit_lock_release
                0x00000000080088a8        0xc c:/st/stm32cubeide_1.6.1/stm32cubeide/plugins/com.st.stm32cube.ide.mcu.externaltools.gnu-tools-for-stm32.9-2020-q2-update.win32_1.5.0.202011040924/tools/bin/../lib/gcc/arm-none-eabi/9.3.1/../../../../arm-none-eabi/lib/thumb/v7e-m+fp/hard\libc_nano.a(lib_a-findfp.o)
                0x00000000080088a8                __sinit_lock_release
 .text.__sinit  0x00000000080088b4       0x70 c:/st/stm32cubeide_1.6.1/stm32cubeide/plugins/com.st.stm32cube.ide.mcu.externaltools.gnu-tools-for-stm32.9-2020-q2-update.win32_1.5.0.202011040924/tools/bin/../lib/gcc/arm-none-eabi/9.3.1/../../../../arm-none-eabi/lib/thumb/v7e-m+fp/hard\libc_nano.a(lib_a-findfp.o)
                0x00000000080088b4                __sinit
 .text.__sfp    0x0000000008008924       0x8c c:/st/stm32cubeide_1.6.1/stm32cubeide/plugins/com.st.stm32cube.ide.mcu.externaltools.gnu-tools-for-stm32.9-2020-q2-update.win32_1.5.0.202011040924/tools/bin/../lib/gcc/arm-none-eabi/9.3.1/../../../../arm-none-eabi/lib/thumb/v7e-m+fp/hard\libc_nano.a(lib_a-findfp.o)
                0x0000000008008924                __sfp
 .text._fwalk_reent
                0x00000000080089b0       0x3e c:/st/stm32cubeide_1.6.1/stm32cubeide/plugins/com.st.stm32cube.ide.mcu.externaltools.gnu-tools-for-stm32.9-2020-q2-update.win32_1.5.0.202011040924/tools/bin/../lib/gcc/arm-none-eabi/9.3.1/../../../../arm-none-eabi/lib/thumb/v7e-m+fp/hard\libc_nano.a(lib_a-fwalk.o)
                0x00000000080089b0                _fwalk_reent
 *fill*         0x00000000080089ee        0x2 
 .text._localeconv_r
                0x00000000080089f0        0x8 c:/st/stm32cubeide_1.6.1/stm32cubeide/plugins/com.st.stm32cube.ide.mcu.externaltools.gnu-tools-for-stm32.9-2020-q2-update.win32_1.5.0.202011040924/tools/bin/../lib/gcc/arm-none-eabi/9.3.1/../../../../arm-none-eabi/lib/thumb/v7e-m+fp/hard\libc_nano.a(lib_a-localeconv.o)
                0x00000000080089f0                _localeconv_r
 .text.__retarget_lock_init_recursive
                0x00000000080089f8        0x2 c:/st/stm32cubeide_1.6.1/stm32cubeide/plugins/com.st.stm32cube.ide.mcu.externaltools.gnu-tools-for-stm32.9-2020-q2-update.win32_1.5.0.202011040924/tools/bin/../lib/gcc/arm-none-eabi/9.3.1/../../../../arm-none-eabi/lib/thumb/v7e-m+fp/hard\libc_nano.a(lib_a-lock.o)
                0x00000000080089f8                __retarget_lock_init_recursive
 .text.__retarget_lock_acquire_recursive
                0x00000000080089fa        0x2 c:/st/stm32cubeide_1.6.1/stm32cubeide/plugins/com.st.stm32cube.ide.mcu.externaltools.gnu-tools-for-stm32.9-2020-q2-update.win32_1.5.0.202011040924/tools/bin/../lib/gcc/arm-none-eabi/9.3.1/../../../../arm-none-eabi/lib/thumb/v7e-m+fp/hard\libc_nano.a(lib_a-lock.o)
                0x00000000080089fa                __retarget_lock_acquire_recursive
 .text.__retarget_lock_release_recursive
                0x00000000080089fc        0x2 c:/st/stm32cubeide_1.6.1/stm32cubeide/plugins/com.st.stm32cube.ide.mcu.externaltools.gnu-tools-for-stm32.9-2020-q2-update.win32_1.5.0.202011040924/tools/bin/../lib/gcc/arm-none-eabi/9.3.1/../../../../arm-none-eabi/lib/thumb/v7e-m+fp/hard\libc_nano.a(lib_a-lock.o)
                0x00000000080089fc                __retarget_lock_release_recursive
 .text.__swhatbuf_r
                0x00000000080089fe       0x48 c:/st/stm32cubeide_1.6.1/stm32cubeide/plugins/com.st.stm32cube.ide.mcu.externaltools.gnu-tools-for-stm32.9-2020-q2-update.win32_1.5.0.202011040924/tools/bin/../lib/gcc/arm-none-eabi/9.3.1/../../../../arm-none-eabi/lib/thumb/v7e-m+fp/hard\libc_nano.a(lib_a-makebuf.o)
                0x00000000080089fe                __swhatbuf_r
 *fill*         0x0000000008008a46        0x2 
 .text.__smakebuf_r
                0x0000000008008a48       0x80 c:/st/stm32cubeide_1.6.1/stm32cubeide/plugins/com.st.stm32cube.ide.mcu.externaltools.gnu-tools-for-stm32.9-2020-q2-update.win32_1.5.0.202011040924/tools/bin/../lib/gcc/arm-none-eabi/9.3.1/../../../../arm-none-eabi/lib/thumb/v7e-m+fp/hard\libc_nano.a(lib_a-makebuf.o)
                0x0000000008008a48                __smakebuf_r
 .text.malloc   0x0000000008008ac8       0x10 c:/st/stm32cubeide_1.6.1/stm32cubeide/plugins/com.st.stm32cube.ide.mcu.externaltools.gnu-tools-for-stm32.9-2020-q2-update.win32_1.5.0.202011040924/tools/bin/../lib/gcc/arm-none-eabi/9.3.1/../../../../arm-none-eabi/lib/thumb/v7e-m+fp/hard\libc_nano.a(lib_a-malloc.o)
                0x0000000008008ac8                malloc
 .text._Balloc  0x0000000008008ad8       0x80 c:/st/stm32cubeide_1.6.1/stm32cubeide/plugins/com.st.stm32cube.ide.mcu.externaltools.gnu-tools-for-stm32.9-2020-q2-update.win32_1.5.0.202011040924/tools/bin/../lib/gcc/arm-none-eabi/9.3.1/../../../../arm-none-eabi/lib/thumb/v7e-m+fp/hard\libc_nano.a(lib_a-mprec.o)
                0x0000000008008ad8                _Balloc
 .text._Bfree   0x0000000008008b58       0x44 c:/st/stm32cubeide_1.6.1/stm32cubeide/plugins/com.st.stm32cube.ide.mcu.externaltools.gnu-tools-for-stm32.9-2020-q2-update.win32_1.5.0.202011040924/tools/bin/../lib/gcc/arm-none-eabi/9.3.1/../../../../arm-none-eabi/lib/thumb/v7e-m+fp/hard\libc_nano.a(lib_a-mprec.o)
                0x0000000008008b58                _Bfree
 .text.__multadd
                0x0000000008008b9c       0x94 c:/st/stm32cubeide_1.6.1/stm32cubeide/plugins/com.st.stm32cube.ide.mcu.externaltools.gnu-tools-for-stm32.9-2020-q2-update.win32_1.5.0.202011040924/tools/bin/../lib/gcc/arm-none-eabi/9.3.1/../../../../arm-none-eabi/lib/thumb/v7e-m+fp/hard\libc_nano.a(lib_a-mprec.o)
                0x0000000008008b9c                __multadd
 .text.__hi0bits
                0x0000000008008c30       0x40 c:/st/stm32cubeide_1.6.1/stm32cubeide/plugins/com.st.stm32cube.ide.mcu.externaltools.gnu-tools-for-stm32.9-2020-q2-update.win32_1.5.0.202011040924/tools/bin/../lib/gcc/arm-none-eabi/9.3.1/../../../../arm-none-eabi/lib/thumb/v7e-m+fp/hard\libc_nano.a(lib_a-mprec.o)
                0x0000000008008c30                __hi0bits
 .text.__lo0bits
                0x0000000008008c70       0x60 c:/st/stm32cubeide_1.6.1/stm32cubeide/plugins/com.st.stm32cube.ide.mcu.externaltools.gnu-tools-for-stm32.9-2020-q2-update.win32_1.5.0.202011040924/tools/bin/../lib/gcc/arm-none-eabi/9.3.1/../../../../arm-none-eabi/lib/thumb/v7e-m+fp/hard\libc_nano.a(lib_a-mprec.o)
                0x0000000008008c70                __lo0bits
 .text.__i2b    0x0000000008008cd0       0x2c c:/st/stm32cubeide_1.6.1/stm32cubeide/plugins/com.st.stm32cube.ide.mcu.externaltools.gnu-tools-for-stm32.9-2020-q2-update.win32_1.5.0.202011040924/tools/bin/../lib/gcc/arm-none-eabi/9.3.1/../../../../arm-none-eabi/lib/thumb/v7e-m+fp/hard\libc_nano.a(lib_a-mprec.o)
                0x0000000008008cd0                __i2b
 .text.__multiply
                0x0000000008008cfc      0x14c c:/st/stm32cubeide_1.6.1/stm32cubeide/plugins/com.st.stm32cube.ide.mcu.externaltools.gnu-tools-for-stm32.9-2020-q2-update.win32_1.5.0.202011040924/tools/bin/../lib/gcc/arm-none-eabi/9.3.1/../../../../arm-none-eabi/lib/thumb/v7e-m+fp/hard\libc_nano.a(lib_a-mprec.o)
                0x0000000008008cfc                __multiply
 .text.__pow5mult
                0x0000000008008e48       0xb4 c:/st/stm32cubeide_1.6.1/stm32cubeide/plugins/com.st.stm32cube.ide.mcu.externaltools.gnu-tools-for-stm32.9-2020-q2-update.win32_1.5.0.202011040924/tools/bin/../lib/gcc/arm-none-eabi/9.3.1/../../../../arm-none-eabi/lib/thumb/v7e-m+fp/hard\libc_nano.a(lib_a-mprec.o)
                0x0000000008008e48                __pow5mult
 .text.__lshift
                0x0000000008008efc       0xd8 c:/st/stm32cubeide_1.6.1/stm32cubeide/plugins/com.st.stm32cube.ide.mcu.externaltools.gnu-tools-for-stm32.9-2020-q2-update.win32_1.5.0.202011040924/tools/bin/../lib/gcc/arm-none-eabi/9.3.1/../../../../arm-none-eabi/lib/thumb/v7e-m+fp/hard\libc_nano.a(lib_a-mprec.o)
                0x0000000008008efc                __lshift
 .text.__mcmp   0x0000000008008fd4       0x38 c:/st/stm32cubeide_1.6.1/stm32cubeide/plugins/com.st.stm32cube.ide.mcu.externaltools.gnu-tools-for-stm32.9-2020-q2-update.win32_1.5.0.202011040924/tools/bin/../lib/gcc/arm-none-eabi/9.3.1/../../../../arm-none-eabi/lib/thumb/v7e-m+fp/hard\libc_nano.a(lib_a-mprec.o)
                0x0000000008008fd4                __mcmp
 .text.__mdiff  0x000000000800900c      0x110 c:/st/stm32cubeide_1.6.1/stm32cubeide/plugins/com.st.stm32cube.ide.mcu.externaltools.gnu-tools-for-stm32.9-2020-q2-update.win32_1.5.0.202011040924/tools/bin/../lib/gcc/arm-none-eabi/9.3.1/../../../../arm-none-eabi/lib/thumb/v7e-m+fp/hard\libc_nano.a(lib_a-mprec.o)
                0x000000000800900c                __mdiff
 .text.__d2b    0x000000000800911c       0xb8 c:/st/stm32cubeide_1.6.1/stm32cubeide/plugins/com.st.stm32cube.ide.mcu.externaltools.gnu-tools-for-stm32.9-2020-q2-update.win32_1.5.0.202011040924/tools/bin/../lib/gcc/arm-none-eabi/9.3.1/../../../../arm-none-eabi/lib/thumb/v7e-m+fp/hard\libc_nano.a(lib_a-mprec.o)
                0x000000000800911c                __d2b
 .text._calloc_r
                0x00000000080091d4       0x1e c:/st/stm32cubeide_1.6.1/stm32cubeide/plugins/com.st.stm32cube.ide.mcu.externaltools.gnu-tools-for-stm32.9-2020-q2-update.win32_1.5.0.202011040924/tools/bin/../lib/gcc/arm-none-eabi/9.3.1/../../../../arm-none-eabi/lib/thumb/v7e-m+fp/hard\libc_nano.a(lib_a-nano-callocr.o)
                0x00000000080091d4                _calloc_r
 *fill*         0x00000000080091f2        0x2 
 .text._free_r  0x00000000080091f4       0xa0 c:/st/stm32cubeide_1.6.1/stm32cubeide/plugins/com.st.stm32cube.ide.mcu.externaltools.gnu-tools-for-stm32.9-2020-q2-update.win32_1.5.0.202011040924/tools/bin/../lib/gcc/arm-none-eabi/9.3.1/../../../../arm-none-eabi/lib/thumb/v7e-m+fp/hard\libc_nano.a(lib_a-nano-freer.o)
                0x00000000080091f4                _free_r
 .text._malloc_r
                0x0000000008009294       0xb4 c:/st/stm32cubeide_1.6.1/stm32cubeide/plugins/com.st.stm32cube.ide.mcu.externaltools.gnu-tools-for-stm32.9-2020-q2-update.win32_1.5.0.202011040924/tools/bin/../lib/gcc/arm-none-eabi/9.3.1/../../../../arm-none-eabi/lib/thumb/v7e-m+fp/hard\libc_nano.a(lib_a-nano-mallocr.o)
                0x0000000008009294                _malloc_r
 .text._sbrk_r  0x0000000008009348       0x20 c:/st/stm32cubeide_1.6.1/stm32cubeide/plugins/com.st.stm32cube.ide.mcu.externaltools.gnu-tools-for-stm32.9-2020-q2-update.win32_1.5.0.202011040924/tools/bin/../lib/gcc/arm-none-eabi/9.3.1/../../../../arm-none-eabi/lib/thumb/v7e-m+fp/hard\libc_nano.a(lib_a-sbrkr.o)
                0x0000000008009348                _sbrk_r
 .text.__sread  0x0000000008009368       0x22 c:/st/stm32cubeide_1.6.1/stm32cubeide/plugins/com.st.stm32cube.ide.mcu.externaltools.gnu-tools-for-stm32.9-2020-q2-update.win32_1.5.0.202011040924/tools/bin/../lib/gcc/arm-none-eabi/9.3.1/../../../../arm-none-eabi/lib/thumb/v7e-m+fp/hard\libc_nano.a(lib_a-stdio.o)
                0x0000000008009368                __sread
 .text.__swrite
                0x000000000800938a       0x38 c:/st/stm32cubeide_1.6.1/stm32cubeide/plugins/com.st.stm32cube.ide.mcu.externaltools.gnu-tools-for-stm32.9-2020-q2-update.win32_1.5.0.202011040924/tools/bin/../lib/gcc/arm-none-eabi/9.3.1/../../../../arm-none-eabi/lib/thumb/v7e-m+fp/hard\libc_nano.a(lib_a-stdio.o)
                0x000000000800938a                __swrite
 .text.__sseek  0x00000000080093c2       0x24 c:/st/stm32cubeide_1.6.1/stm32cubeide/plugins/com.st.stm32cube.ide.mcu.externaltools.gnu-tools-for-stm32.9-2020-q2-update.win32_1.5.0.202011040924/tools/bin/../lib/gcc/arm-none-eabi/9.3.1/../../../../arm-none-eabi/lib/thumb/v7e-m+fp/hard\libc_nano.a(lib_a-stdio.o)
                0x00000000080093c2                __sseek
 .text.__sclose
                0x00000000080093e6        0x8 c:/st/stm32cubeide_1.6.1/stm32cubeide/plugins/com.st.stm32cube.ide.mcu.externaltools.gnu-tools-for-stm32.9-2020-q2-update.win32_1.5.0.202011040924/tools/bin/../lib/gcc/arm-none-eabi/9.3.1/../../../../arm-none-eabi/lib/thumb/v7e-m+fp/hard\libc_nano.a(lib_a-stdio.o)
                0x00000000080093e6                __sclose
 *fill*         0x00000000080093ee        0x2 
 .text._write_r
                0x00000000080093f0       0x24 c:/st/stm32cubeide_1.6.1/stm32cubeide/plugins/com.st.stm32cube.ide.mcu.externaltools.gnu-tools-for-stm32.9-2020-q2-update.win32_1.5.0.202011040924/tools/bin/../lib/gcc/arm-none-eabi/9.3.1/../../../../arm-none-eabi/lib/thumb/v7e-m+fp/hard\libc_nano.a(lib_a-writer.o)
                0x00000000080093f0                _write_r
 .text.__assert_func
                0x0000000008009414       0x3c c:/st/stm32cubeide_1.6.1/stm32cubeide/plugins/com.st.stm32cube.ide.mcu.externaltools.gnu-tools-for-stm32.9-2020-q2-update.win32_1.5.0.202011040924/tools/bin/../lib/gcc/arm-none-eabi/9.3.1/../../../../arm-none-eabi/lib/thumb/v7e-m+fp/hard\libc_nano.a(lib_a-assert.o)
                0x0000000008009414                __assert_func
 .text._close_r
                0x0000000008009450       0x20 c:/st/stm32cubeide_1.6.1/stm32cubeide/plugins/com.st.stm32cube.ide.mcu.externaltools.gnu-tools-for-stm32.9-2020-q2-update.win32_1.5.0.202011040924/tools/bin/../lib/gcc/arm-none-eabi/9.3.1/../../../../arm-none-eabi/lib/thumb/v7e-m+fp/hard\libc_nano.a(lib_a-closer.o)
                0x0000000008009450                _close_r
 .text.fprintf  0x0000000008009470       0x24 c:/st/stm32cubeide_1.6.1/stm32cubeide/plugins/com.st.stm32cube.ide.mcu.externaltools.gnu-tools-for-stm32.9-2020-q2-update.win32_1.5.0.202011040924/tools/bin/../lib/gcc/arm-none-eabi/9.3.1/../../../../arm-none-eabi/lib/thumb/v7e-m+fp/hard\libc_nano.a(lib_a-fprintf.o)
                0x0000000008009470                fiprintf
                0x0000000008009470                fprintf
 .text._fstat_r
                0x0000000008009494       0x24 c:/st/stm32cubeide_1.6.1/stm32cubeide/plugins/com.st.stm32cube.ide.mcu.externaltools.gnu-tools-for-stm32.9-2020-q2-update.win32_1.5.0.202011040924/tools/bin/../lib/gcc/arm-none-eabi/9.3.1/../../../../arm-none-eabi/lib/thumb/v7e-m+fp/hard\libc_nano.a(lib_a-fstatr.o)
                0x0000000008009494                _fstat_r
 .text._isatty_r
                0x00000000080094b8       0x20 c:/st/stm32cubeide_1.6.1/stm32cubeide/plugins/com.st.stm32cube.ide.mcu.externaltools.gnu-tools-for-stm32.9-2020-q2-update.win32_1.5.0.202011040924/tools/bin/../lib/gcc/arm-none-eabi/9.3.1/../../../../arm-none-eabi/lib/thumb/v7e-m+fp/hard\libc_nano.a(lib_a-isattyr.o)
                0x00000000080094b8                _isatty_r
 .text._lseek_r
                0x00000000080094d8       0x24 c:/st/stm32cubeide_1.6.1/stm32cubeide/plugins/com.st.stm32cube.ide.mcu.externaltools.gnu-tools-for-stm32.9-2020-q2-update.win32_1.5.0.202011040924/tools/bin/../lib/gcc/arm-none-eabi/9.3.1/../../../../arm-none-eabi/lib/thumb/v7e-m+fp/hard\libc_nano.a(lib_a-lseekr.o)
                0x00000000080094d8                _lseek_r
 .text.__ascii_mbtowc
                0x00000000080094fc       0x24 c:/st/stm32cubeide_1.6.1/stm32cubeide/plugins/com.st.stm32cube.ide.mcu.externaltools.gnu-tools-for-stm32.9-2020-q2-update.win32_1.5.0.202011040924/tools/bin/../lib/gcc/arm-none-eabi/9.3.1/../../../../arm-none-eabi/lib/thumb/v7e-m+fp/hard\libc_nano.a(lib_a-mbtowc_r.o)
                0x00000000080094fc                __ascii_mbtowc
 .text.__malloc_lock
                0x0000000008009520        0xc c:/st/stm32cubeide_1.6.1/stm32cubeide/plugins/com.st.stm32cube.ide.mcu.externaltools.gnu-tools-for-stm32.9-2020-q2-update.win32_1.5.0.202011040924/tools/bin/../lib/gcc/arm-none-eabi/9.3.1/../../../../arm-none-eabi/lib/thumb/v7e-m+fp/hard\libc_nano.a(lib_a-mlock.o)
                0x0000000008009520                __malloc_lock
 .text.__malloc_unlock
                0x000000000800952c        0xc c:/st/stm32cubeide_1.6.1/stm32cubeide/plugins/com.st.stm32cube.ide.mcu.externaltools.gnu-tools-for-stm32.9-2020-q2-update.win32_1.5.0.202011040924/tools/bin/../lib/gcc/arm-none-eabi/9.3.1/../../../../arm-none-eabi/lib/thumb/v7e-m+fp/hard\libc_nano.a(lib_a-mlock.o)
                0x000000000800952c                __malloc_unlock
 .text.__sfputc_r
                0x0000000008009538       0x2e c:/st/stm32cubeide_1.6.1/stm32cubeide/plugins/com.st.stm32cube.ide.mcu.externaltools.gnu-tools-for-stm32.9-2020-q2-update.win32_1.5.0.202011040924/tools/bin/../lib/gcc/arm-none-eabi/9.3.1/../../../../arm-none-eabi/lib/thumb/v7e-m+fp/hard\libc_nano.a(lib_a-nano-vfprintf.o)
 .text.__sfputs_r
                0x0000000008009566       0x24 c:/st/stm32cubeide_1.6.1/stm32cubeide/plugins/com.st.stm32cube.ide.mcu.externaltools.gnu-tools-for-stm32.9-2020-q2-update.win32_1.5.0.202011040924/tools/bin/../lib/gcc/arm-none-eabi/9.3.1/../../../../arm-none-eabi/lib/thumb/v7e-m+fp/hard\libc_nano.a(lib_a-nano-vfprintf.o)
                0x0000000008009566                __sfputs_r
 *fill*         0x000000000800958a        0x2 
 .text._vfprintf_r
                0x000000000800958c      0x260 c:/st/stm32cubeide_1.6.1/stm32cubeide/plugins/com.st.stm32cube.ide.mcu.externaltools.gnu-tools-for-stm32.9-2020-q2-update.win32_1.5.0.202011040924/tools/bin/../lib/gcc/arm-none-eabi/9.3.1/../../../../arm-none-eabi/lib/thumb/v7e-m+fp/hard\libc_nano.a(lib_a-nano-vfprintf.o)
                0x000000000800958c                _vfprintf_r
                0x000000000800958c                _vfiprintf_r
 .text._read_r  0x00000000080097ec       0x24 c:/st/stm32cubeide_1.6.1/stm32cubeide/plugins/com.st.stm32cube.ide.mcu.externaltools.gnu-tools-for-stm32.9-2020-q2-update.win32_1.5.0.202011040924/tools/bin/../lib/gcc/arm-none-eabi/9.3.1/../../../../arm-none-eabi/lib/thumb/v7e-m+fp/hard\libc_nano.a(lib_a-readr.o)
                0x00000000080097ec                _read_r
 .text.__ascii_wctomb
                0x0000000008009810       0x1a c:/st/stm32cubeide_1.6.1/stm32cubeide/plugins/com.st.stm32cube.ide.mcu.externaltools.gnu-tools-for-stm32.9-2020-q2-update.win32_1.5.0.202011040924/tools/bin/../lib/gcc/arm-none-eabi/9.3.1/../../../../arm-none-eabi/lib/thumb/v7e-m+fp/hard\libc_nano.a(lib_a-wctomb_r.o)
                0x0000000008009810                __ascii_wctomb
 .text.abort    0x000000000800982a        0xe c:/st/stm32cubeide_1.6.1/stm32cubeide/plugins/com.st.stm32cube.ide.mcu.externaltools.gnu-tools-for-stm32.9-2020-q2-update.win32_1.5.0.202011040924/tools/bin/../lib/gcc/arm-none-eabi/9.3.1/../../../../arm-none-eabi/lib/thumb/v7e-m+fp/hard\libc_nano.a(lib_a-abort.o)
                0x000000000800982a                abort
 .text._raise_r
                0x0000000008009838       0x50 c:/st/stm32cubeide_1.6.1/stm32cubeide/plugins/com.st.stm32cube.ide.mcu.externaltools.gnu-tools-for-stm32.9-2020-q2-update.win32_1.5.0.202011040924/tools/bin/../lib/gcc/arm-none-eabi/9.3.1/../../../../arm-none-eabi/lib/thumb/v7e-m+fp/hard\libc_nano.a(lib_a-signal.o)
                0x0000000008009838                _raise_r
 .text.raise    0x0000000008009888       0x10 c:/st/stm32cubeide_1.6.1/stm32cubeide/plugins/com.st.stm32cube.ide.mcu.externaltools.gnu-tools-for-stm32.9-2020-q2-update.win32_1.5.0.202011040924/tools/bin/../lib/gcc/arm-none-eabi/9.3.1/../../../../arm-none-eabi/lib/thumb/v7e-m+fp/hard\libc_nano.a(lib_a-signal.o)
                0x0000000008009888                raise
 .text._kill_r  0x0000000008009898       0x24 c:/st/stm32cubeide_1.6.1/stm32cubeide/plugins/com.st.stm32cube.ide.mcu.externaltools.gnu-tools-for-stm32.9-2020-q2-update.win32_1.5.0.202011040924/tools/bin/../lib/gcc/arm-none-eabi/9.3.1/../../../../arm-none-eabi/lib/thumb/v7e-m+fp/hard\libc_nano.a(lib_a-signalr.o)
                0x0000000008009898                _kill_r
 .text._getpid_r
                0x00000000080098bc        0x4 c:/st/stm32cubeide_1.6.1/stm32cubeide/plugins/com.st.stm32cube.ide.mcu.externaltools.gnu-tools-for-stm32.9-2020-q2-update.win32_1.5.0.202011040924/tools/bin/../lib/gcc/arm-none-eabi/9.3.1/../../../../arm-none-eabi/lib/thumb/v7e-m+fp/hard\libc_nano.a(lib_a-signalr.o)
                0x00000000080098bc                _getpid_r
 .text.asinf    0x00000000080098c0       0x64 c:/st/stm32cubeide_1.6.1/stm32cubeide/plugins/com.st.stm32cube.ide.mcu.externaltools.gnu-tools-for-stm32.9-2020-q2-update.win32_1.5.0.202011040924/tools/bin/../lib/gcc/arm-none-eabi/9.3.1/../../../../arm-none-eabi/lib/thumb/v7e-m+fp/hard\libm.a(lib_a-wf_asin.o)
                0x00000000080098c0                asinf
 .text.sqrtf    0x0000000008009924       0x4c c:/st/stm32cubeide_1.6.1/stm32cubeide/plugins/com.st.stm32cube.ide.mcu.externaltools.gnu-tools-for-stm32.9-2020-q2-update.win32_1.5.0.202011040924/tools/bin/../lib/gcc/arm-none-eabi/9.3.1/../../../../arm-none-eabi/lib/thumb/v7e-m+fp/hard\libm.a(lib_a-wf_sqrt.o)
                0x0000000008009924                sqrtf
 .text.__ieee754_asinf
                0x0000000008009970      0x1cc c:/st/stm32cubeide_1.6.1/stm32cubeide/plugins/com.st.stm32cube.ide.mcu.externaltools.gnu-tools-for-stm32.9-2020-q2-update.win32_1.5.0.202011040924/tools/bin/../lib/gcc/arm-none-eabi/9.3.1/../../../../arm-none-eabi/lib/thumb/v7e-m+fp/hard\libm.a(lib_a-ef_asin.o)
                0x0000000008009970                __ieee754_asinf
 .text.__ieee754_sqrtf
                0x0000000008009b3c        0x6 c:/st/stm32cubeide_1.6.1/stm32cubeide/plugins/com.st.stm32cube.ide.mcu.externaltools.gnu-tools-for-stm32.9-2020-q2-update.win32_1.5.0.202011040924/tools/bin/../lib/gcc/arm-none-eabi/9.3.1/../../../../arm-none-eabi/lib/thumb/v7e-m+fp/hard\libm.a(lib_a-ef_sqrt.o)
                0x0000000008009b3c                __ieee754_sqrtf
 .text.fabsf    0x0000000008009b42        0xe c:/st/stm32cubeide_1.6.1/stm32cubeide/plugins/com.st.stm32cube.ide.mcu.externaltools.gnu-tools-for-stm32.9-2020-q2-update.win32_1.5.0.202011040924/tools/bin/../lib/gcc/arm-none-eabi/9.3.1/../../../../arm-none-eabi/lib/thumb/v7e-m+fp/hard\libm.a(lib_a-sf_fabs.o)
                0x0000000008009b42                fabsf
 .text.nanf     0x0000000008009b50        0xc c:/st/stm32cubeide_1.6.1/stm32cubeide/plugins/com.st.stm32cube.ide.mcu.externaltools.gnu-tools-for-stm32.9-2020-q2-update.win32_1.5.0.202011040924/tools/bin/../lib/gcc/arm-none-eabi/9.3.1/../../../../arm-none-eabi/lib/thumb/v7e-m+fp/hard\libm.a(lib_a-sf_nan.o)
                0x0000000008009b50                nanf
 .text._getpid  0x0000000008009b5c       0x10 c:/st/stm32cubeide_1.6.1/stm32cubeide/plugins/com.st.stm32cube.ide.mcu.externaltools.gnu-tools-for-stm32.9-2020-q2-update.win32_1.5.0.202011040924/tools/bin/../lib/gcc/arm-none-eabi/9.3.1/../../../../arm-none-eabi/lib/thumb/v7e-m+fp/hard\libnosys.a(getpid.o)
                0x0000000008009b5c                _getpid
 .text._kill    0x0000000008009b6c       0x10 c:/st/stm32cubeide_1.6.1/stm32cubeide/plugins/com.st.stm32cube.ide.mcu.externaltools.gnu-tools-for-stm32.9-2020-q2-update.win32_1.5.0.202011040924/tools/bin/../lib/gcc/arm-none-eabi/9.3.1/../../../../arm-none-eabi/lib/thumb/v7e-m+fp/hard\libnosys.a(kill.o)
                0x0000000008009b6c                _kill
 .text._sbrk    0x0000000008009b7c       0x1c c:/st/stm32cubeide_1.6.1/stm32cubeide/plugins/com.st.stm32cube.ide.mcu.externaltools.gnu-tools-for-stm32.9-2020-q2-update.win32_1.5.0.202011040924/tools/bin/../lib/gcc/arm-none-eabi/9.3.1/../../../../arm-none-eabi/lib/thumb/v7e-m+fp/hard\libnosys.a(sbrk.o)
                0x0000000008009b7c                _sbrk
 .text._exit    0x0000000008009b98        0x2 c:/st/stm32cubeide_1.6.1/stm32cubeide/plugins/com.st.stm32cube.ide.mcu.externaltools.gnu-tools-for-stm32.9-2020-q2-update.win32_1.5.0.202011040924/tools/bin/../lib/gcc/arm-none-eabi/9.3.1/../../../../arm-none-eabi/lib/thumb/v7e-m+fp/hard\libnosys.a(_exit.o)
                0x0000000008009b98                _exit
 *(.glue_7)
 .glue_7        0x0000000008009b9a        0x0 linker stubs
 *(.glue_7t)
 .glue_7t       0x0000000008009b9a        0x0 linker stubs
 *(.eh_frame)
 *fill*         0x0000000008009b9a        0x2 
 .eh_frame      0x0000000008009b9c        0x0 c:/st/stm32cubeide_1.6.1/stm32cubeide/plugins/com.st.stm32cube.ide.mcu.externaltools.gnu-tools-for-stm32.9-2020-q2-update.win32_1.5.0.202011040924/tools/bin/../lib/gcc/arm-none-eabi/9.3.1/thumb/v7e-m+fp/hard/crtbegin.o
 *(.init)
 .init          0x0000000008009b9c        0x4 c:/st/stm32cubeide_1.6.1/stm32cubeide/plugins/com.st.stm32cube.ide.mcu.externaltools.gnu-tools-for-stm32.9-2020-q2-update.win32_1.5.0.202011040924/tools/bin/../lib/gcc/arm-none-eabi/9.3.1/thumb/v7e-m+fp/hard/crti.o
                0x0000000008009b9c                _init
 .init          0x0000000008009ba0        0x8 c:/st/stm32cubeide_1.6.1/stm32cubeide/plugins/com.st.stm32cube.ide.mcu.externaltools.gnu-tools-for-stm32.9-2020-q2-update.win32_1.5.0.202011040924/tools/bin/../lib/gcc/arm-none-eabi/9.3.1/thumb/v7e-m+fp/hard/crtn.o
 *(.fini)
 .fini          0x0000000008009ba8        0x4 c:/st/stm32cubeide_1.6.1/stm32cubeide/plugins/com.st.stm32cube.ide.mcu.externaltools.gnu-tools-for-stm32.9-2020-q2-update.win32_1.5.0.202011040924/tools/bin/../lib/gcc/arm-none-eabi/9.3.1/thumb/v7e-m+fp/hard/crti.o
                0x0000000008009ba8                _fini
 .fini          0x0000000008009bac        0x8 c:/st/stm32cubeide_1.6.1/stm32cubeide/plugins/com.st.stm32cube.ide.mcu.externaltools.gnu-tools-for-stm32.9-2020-q2-update.win32_1.5.0.202011040924/tools/bin/../lib/gcc/arm-none-eabi/9.3.1/thumb/v7e-m+fp/hard/crtn.o
                0x0000000008009bb4                . = ALIGN (0x4)
                0x0000000008009bb4                _etext = .

.vfp11_veneer   0x0000000008009bb4        0x0
 .vfp11_veneer  0x0000000008009bb4        0x0 linker stubs

.v4_bx          0x0000000008009bb4        0x0
 .v4_bx         0x0000000008009bb4        0x0 linker stubs

.iplt           0x0000000008009bb4        0x0
 .iplt          0x0000000008009bb4        0x0 c:/st/stm32cubeide_1.6.1/stm32cubeide/plugins/com.st.stm32cube.ide.mcu.externaltools.gnu-tools-for-stm32.9-2020-q2-update.win32_1.5.0.202011040924/tools/bin/../lib/gcc/arm-none-eabi/9.3.1/thumb/v7e-m+fp/hard/crtbegin.o

.rodata         0x0000000008009bb8      0x434
                0x0000000008009bb8                . = ALIGN (0x4)
 *(.rodata)
 *(.rodata*)
 .rodata.high_lvl_states
                0x0000000008009bb8       0x20 Core/High_lvl/High_lvl.o
 .rodata.DEBUG_init.str1.4
                0x0000000008009bd8       0x10 Core/OS/debug/debug.o
 .rodata.AHBPrescTable
                0x0000000008009be8       0x10 Core/Src/system_stm32f4xx.o
                0x0000000008009be8                AHBPrescTable
 .rodata.APBPrescTable
                0x0000000008009bf8        0x8 Core/Src/system_stm32f4xx.o
                0x0000000008009bf8                APBPrescTable
 .rodata.flagBitshiftOffset.8557
                0x0000000008009c00        0x8 Drivers/STM32F4xx_HAL_Driver/Src/stm32f4xx_hal_dma.o
 .rodata._global_impure_ptr
                0x0000000008009c08        0x4 c:/st/stm32cubeide_1.6.1/stm32cubeide/plugins/com.st.stm32cube.ide.mcu.externaltools.gnu-tools-for-stm32.9-2020-q2-update.win32_1.5.0.202011040924/tools/bin/../lib/gcc/arm-none-eabi/9.3.1/../../../../arm-none-eabi/lib/thumb/v7e-m+fp/hard\libc_nano.a(lib_a-impure.o)
                0x0000000008009c08                _global_impure_ptr
 .rodata._printf_float.str1.1
                0x0000000008009c0c       0x12 c:/st/stm32cubeide_1.6.1/stm32cubeide/plugins/com.st.stm32cube.ide.mcu.externaltools.gnu-tools-for-stm32.9-2020-q2-update.win32_1.5.0.202011040924/tools/bin/../lib/gcc/arm-none-eabi/9.3.1/../../../../arm-none-eabi/lib/thumb/v7e-m+fp/hard\libc_nano.a(lib_a-nano-vfprintf_float.o)
 .rodata._printf_i.str1.1
                0x0000000008009c1e       0x22 c:/st/stm32cubeide_1.6.1/stm32cubeide/plugins/com.st.stm32cube.ide.mcu.externaltools.gnu-tools-for-stm32.9-2020-q2-update.win32_1.5.0.202011040924/tools/bin/../lib/gcc/arm-none-eabi/9.3.1/../../../../arm-none-eabi/lib/thumb/v7e-m+fp/hard\libc_nano.a(lib_a-nano-vfprintf_i.o)
 .rodata._dtoa_r.str1.1
                0x0000000008009c40       0x94 c:/st/stm32cubeide_1.6.1/stm32cubeide/plugins/com.st.stm32cube.ide.mcu.externaltools.gnu-tools-for-stm32.9-2020-q2-update.win32_1.5.0.202011040924/tools/bin/../lib/gcc/arm-none-eabi/9.3.1/../../../../arm-none-eabi/lib/thumb/v7e-m+fp/hard\libc_nano.a(lib_a-dtoa.o)
                                         0x96 (size before relaxing)
 .rodata.__sf_fake_stderr
                0x0000000008009cd4       0x20 c:/st/stm32cubeide_1.6.1/stm32cubeide/plugins/com.st.stm32cube.ide.mcu.externaltools.gnu-tools-for-stm32.9-2020-q2-update.win32_1.5.0.202011040924/tools/bin/../lib/gcc/arm-none-eabi/9.3.1/../../../../arm-none-eabi/lib/thumb/v7e-m+fp/hard\libc_nano.a(lib_a-findfp.o)
                0x0000000008009cd4                __sf_fake_stderr
 .rodata.__sf_fake_stdin
                0x0000000008009cf4       0x20 c:/st/stm32cubeide_1.6.1/stm32cubeide/plugins/com.st.stm32cube.ide.mcu.externaltools.gnu-tools-for-stm32.9-2020-q2-update.win32_1.5.0.202011040924/tools/bin/../lib/gcc/arm-none-eabi/9.3.1/../../../../arm-none-eabi/lib/thumb/v7e-m+fp/hard\libc_nano.a(lib_a-findfp.o)